Component: ARM Compiler 6.14 Tool: armlink [5db06800]

==============================================================================

Section Cross References

    startup_stm32g473xx.o(RESET) refers to startup_stm32g473xx.o(STACK) for __initial_sp
    startup_stm32g473xx.o(RESET) refers to startup_stm32g473xx.o(.text) for Reset_Handler
    startup_stm32g473xx.o(RESET) refers to stm32g4xx_it.o(.text.NMI_Handler) for NMI_Handler
    startup_stm32g473xx.o(RESET) refers to context_rvds.o(.text) for HardFault_Handler
    startup_stm32g473xx.o(RESET) refers to stm32g4xx_it.o(.text.MemManage_Handler) for MemManage_Handler
    startup_stm32g473xx.o(RESET) refers to stm32g4xx_it.o(.text.BusFault_Handler) for BusFault_Handler
    startup_stm32g473xx.o(RESET) refers to stm32g4xx_it.o(.text.UsageFault_Handler) for UsageFault_Handler
    startup_stm32g473xx.o(RESET) refers to stm32g4xx_it.o(.text.DebugMon_Handler) for DebugMon_Handler
    startup_stm32g473xx.o(RESET) refers to board.o(.text.SysTick_Handler) for SysTick_Handler
    startup_stm32g473xx.o(RESET) refers to stm32g4xx_it.o(.text.TIM1_UP_TIM16_IRQHandler) for TIM1_UP_TIM16_IRQHandler
    startup_stm32g473xx.o(.text) refers to system_stm32g4xx.o(.text.SystemInit) for SystemInit
    startup_stm32g473xx.o(.text) refers to entry.o(.ARM.Collect$$$$00000000) for __main
    main.o(.text.main) refers to stm32g4xx_hal.o(.text.HAL_Init) for HAL_Init
    main.o(.text.main) refers to main.o(.text.SystemClock_Config) for SystemClock_Config
    main.o(.text.main) refers to gpio.o(.text.MX_GPIO_Init) for MX_GPIO_Init
    main.o(.text.main) refers to usart.o(.text.MX_USART1_UART_Init) for MX_USART1_UART_Init
    main.o(.text.main) refers to stm32g4xx_hal_gpio.o(.text.HAL_GPIO_TogglePin) for HAL_GPIO_TogglePin
    main.o(.text.main) refers to thread.o(.text.rt_thread_mdelay) for rt_thread_mdelay
    main.o(.ARM.exidx.text.main) refers to main.o(.text.main) for [Anonymous Symbol]
    main.o(.text.SystemClock_Config) refers to memseta.o(.text) for __aeabi_memclr4
    main.o(.text.SystemClock_Config) refers to stm32g4xx_hal_pwr_ex.o(.text.HAL_PWREx_ControlVoltageScaling) for HAL_PWREx_ControlVoltageScaling
    main.o(.text.SystemClock_Config) refers to stm32g4xx_hal_rcc.o(.text.HAL_RCC_OscConfig) for HAL_RCC_OscConfig
    main.o(.text.SystemClock_Config) refers to stm32g4xx_hal_rcc.o(.text.HAL_RCC_ClockConfig) for HAL_RCC_ClockConfig
    main.o(.text.SystemClock_Config) refers to main.o(.text.Error_Handler) for Error_Handler
    main.o(.ARM.exidx.text.SystemClock_Config) refers to main.o(.text.SystemClock_Config) for [Anonymous Symbol]
    main.o(.ARM.exidx.text.Error_Handler) refers to main.o(.text.Error_Handler) for [Anonymous Symbol]
    main.o(.text.HAL_TIM_PeriodElapsedCallback) refers to stm32g4xx_hal.o(.text.HAL_IncTick) for HAL_IncTick
    main.o(.ARM.exidx.text.HAL_TIM_PeriodElapsedCallback) refers to main.o(.text.HAL_TIM_PeriodElapsedCallback) for [Anonymous Symbol]
    gpio.o(.text.MX_GPIO_Init) refers to stm32g4xx_hal_gpio.o(.text.HAL_GPIO_WritePin) for HAL_GPIO_WritePin
    gpio.o(.text.MX_GPIO_Init) refers to stm32g4xx_hal_gpio.o(.text.HAL_GPIO_Init) for HAL_GPIO_Init
    gpio.o(.ARM.exidx.text.MX_GPIO_Init) refers to gpio.o(.text.MX_GPIO_Init) for [Anonymous Symbol]
    usart.o(.text.MX_USART1_UART_Init) refers to usart.o(.bss.huart1) for huart1
    usart.o(.text.MX_USART1_UART_Init) refers to stm32g4xx_hal_uart.o(.text.HAL_UART_Init) for HAL_UART_Init
    usart.o(.text.MX_USART1_UART_Init) refers to main.o(.text.Error_Handler) for Error_Handler
    usart.o(.text.MX_USART1_UART_Init) refers to stm32g4xx_hal_uart_ex.o(.text.HAL_UARTEx_SetTxFifoThreshold) for HAL_UARTEx_SetTxFifoThreshold
    usart.o(.text.MX_USART1_UART_Init) refers to stm32g4xx_hal_uart_ex.o(.text.HAL_UARTEx_SetRxFifoThreshold) for HAL_UARTEx_SetRxFifoThreshold
    usart.o(.text.MX_USART1_UART_Init) refers to stm32g4xx_hal_uart_ex.o(.text.HAL_UARTEx_DisableFifoMode) for HAL_UARTEx_DisableFifoMode
    usart.o(.ARM.exidx.text.MX_USART1_UART_Init) refers to usart.o(.text.MX_USART1_UART_Init) for [Anonymous Symbol]
    usart.o(.text.HAL_UART_MspInit) refers to memseta.o(.text) for __aeabi_memclr4
    usart.o(.text.HAL_UART_MspInit) refers to stm32g4xx_hal_rcc_ex.o(.text.HAL_RCCEx_PeriphCLKConfig) for HAL_RCCEx_PeriphCLKConfig
    usart.o(.text.HAL_UART_MspInit) refers to main.o(.text.Error_Handler) for Error_Handler
    usart.o(.text.HAL_UART_MspInit) refers to stm32g4xx_hal_gpio.o(.text.HAL_GPIO_Init) for HAL_GPIO_Init
    usart.o(.ARM.exidx.text.HAL_UART_MspInit) refers to usart.o(.text.HAL_UART_MspInit) for [Anonymous Symbol]
    usart.o(.text.HAL_UART_MspDeInit) refers to stm32g4xx_hal_gpio.o(.text.HAL_GPIO_DeInit) for HAL_GPIO_DeInit
    usart.o(.ARM.exidx.text.HAL_UART_MspDeInit) refers to usart.o(.text.HAL_UART_MspDeInit) for [Anonymous Symbol]
    stm32g4xx_it.o(.ARM.exidx.text.NMI_Handler) refers to stm32g4xx_it.o(.text.NMI_Handler) for [Anonymous Symbol]
[...]
    [Anonymous Symbol]                       0x08004ad0   Section        0  timer.o(.text.rt_timer_detach)
    [Anonymous Symbol]                       0x08004af8   Section        0  timer.o(.text.rt_timer_init)
    [Anonymous Symbol]                       0x08004b24   Section        0  timer.o(.text.rt_timer_start)
    [Anonymous Symbol]                       0x08004ba8   Section        0  timer.o(.text.rt_timer_stop)
    [Anonymous Symbol]                       0x08004bd8   Section        0  kservice.o(.text.rt_vsnprintf)
    [Anonymous Symbol]                       0x08004f50   Section        0  kservice.o(.text.rt_vsprintf)
    rti_board_end                            0x08004f61   Thumb Code     4  components.o(.text.rti_board_end)
    [Anonymous Symbol]                       0x08004f60   Section        0  components.o(.text.rti_board_end)
    rti_board_start                          0x08004f65   Thumb Code     4  components.o(.text.rti_board_start)
    [Anonymous Symbol]                       0x08004f64   Section        0  components.o(.text.rti_board_start)
    rti_end                                  0x08004f69   Thumb Code     4  components.o(.text.rti_end)
    [Anonymous Symbol]                       0x08004f68   Section        0  components.o(.text.rti_end)
    rti_start                                0x08004f6d   Thumb Code     4  components.o(.text.rti_start)
    [Anonymous Symbol]                       0x08004f6c   Section        0  components.o(.text.rti_start)
    [Anonymous Symbol]                       0x08004f70   Section        0  components.o(.text.rtthread_startup)
    shell_auto_complete                      0x08004f9d   Thumb Code    52  shell.o(.text.shell_auto_complete)
    [Anonymous Symbol]                       0x08004f9c   Section        0  shell.o(.text.shell_auto_complete)
    show_wait_queue                          0x08004fd1   Thumb Code    68  cmd.o(.text.show_wait_queue)
    [Anonymous Symbol]                       0x08004fd0   Section        0  cmd.o(.text.show_wait_queue)
    skip_atoi                                0x08005015   Thumb Code    64  kservice.o(.text.skip_atoi)
    [Anonymous Symbol]                       0x08005014   Section        0  kservice.o(.text.skip_atoi)
    str_common                               0x08005055   Thumb Code    38  msh.o(.text.str_common)
    [Anonymous Symbol]                       0x08005054   Section        0  msh.o(.text.str_common)
    uart_init                                0x0800507d   Thumb Code    54  board.o(.text.uart_init)
    [Anonymous Symbol]                       0x0800507c   Section        0  board.o(.text.uart_init)
    usage_fault_track                        0x080050b5   Thumb Code   216  cpuport.o(.text.usage_fault_track)
    [Anonymous Symbol]                       0x080050b4   Section        0  cpuport.o(.text.usage_fault_track)
    [Anonymous Symbol]                       0x0800518c   Section        0  cmd.o(.text.version)
    i.__scatterload_copy                     0x08005196   Section       14  handlers.o(i.__scatterload_copy)
    i.__scatterload_null                     0x080051a4   Section        2  handlers.o(i.__scatterload_null)
    i.__scatterload_zeroinit                 0x080051a6   Section       14  handlers.o(i.__scatterload_zeroinit)
    UARTEx_SetNbDataToProcess.numerator      0x080052e4   Data           8  stm32g4xx_hal_uart_ex.o(.rodata.cst8)
    UARTEx_SetNbDataToProcess.denominator    0x080052ec   Data           8  stm32g4xx_hal_uart_ex.o(.rodata.cst8)
    .L.str.31                                0x08005406   Data          23  cmd.o(.rodata.str1.1)
    [Anonymous Symbol]                       0x08005406   Section        0  cmd.o(.rodata.str1.1)
    .L.str.27                                0x0800541d   Data          10  cmd.o(.rodata.str1.1)
    .L.str.1                                 0x08005427   Data          68  cmd.o(.rodata.str1.1)
    .L.str.9                                 0x0800546b   Data          38  cmd.o(.rodata.str1.1)
    .L.str.28                                0x08005491   Data          10  cmd.o(.rodata.str1.1)
    .L.str.29                                0x0800549b   Data          21  cmd.o(.rodata.str1.1)
    .L.str.14                                0x080054ae   Data           2  cmd.o(.rodata.str1.1)
    .L.str.2                                 0x080054ae   Data           2  cmd.o(.rodata.str1.1)
    .L.str.30                                0x080054ae   Data           2  cmd.o(.rodata.str1.1)
    .L.str.6                                 0x080054ae   Data           2  cmd.o(.rodata.str1.1)
    .L.str.25                                0x080054b0   Data          13  cmd.o(.rodata.str1.1)
    .L.str.6                                 0x080054bd   Data           9  cmd.o(.rodata.str1.1)
    .L.str.7                                 0x080054c6   Data           9  cmd.o(.rodata.str1.1)
    .L.str.4                                 0x080054cf   Data           9  cmd.o(.rodata.str1.1)
    .L.str.26                                0x080054d8   Data          13  cmd.o(.rodata.str1.1)
    .L.str                                   0x080054e5   Data           7  cmd.o(.rodata.str1.1)
    .L.str.5                                 0x080054ec   Data           9  cmd.o(.rodata.str1.1)
    .L.str.16                                0x080054f5   Data           9  cmd.o(.rodata.str1.1)
    .L.str.8                                 0x080054fe   Data           9  cmd.o(.rodata.str1.1)
    .L.str.21                                0x08005507   Data           6  cmd.o(.rodata.str1.1)
    .L.str.2                                 0x0800550d   Data           2  shell.o(.rodata.str1.1)
    [Anonymous Symbol]                       0x0800550d   Section        0  shell.o(.rodata.str1.1)
    .L.str.3                                 0x0800550f   Data           3  shell.o(.rodata.str1.1)
    .L.str.17                                0x08005512   Data          26  cpuport.o(.rodata.str1.1)
    [Anonymous Symbol]                       0x08005512   Section        0  cpuport.o(.rodata.str1.1)
    .L.str.16                                0x0800552c   Data          29  cpuport.o(.rodata.str1.1)
    .L.str.18                                0x08005549   Data          14  cpuport.o(.rodata.str1.1)
    .L.str.1                                 0x08005557   Data          13  cpuport.o(.rodata.str1.1)
    .L.str.2                                 0x08005564   Data          13  cpuport.o(.rodata.str1.1)
    .L.str.3                                 0x08005571   Data          13  cpuport.o(.rodata.str1.1)
    .L.str.4                                 0x0800557e   Data          13  cpuport.o(.rodata.str1.1)
    .L.str.5                                 0x0800558b   Data          13  cpuport.o(.rodata.str1.1)
    .L.str                                   0x08005598   Data          13  cpuport.o(.rodata.str1.1)
    .L.str                                   0x080055a5   Data           9  kservice.o(.rodata.str1.1)
    [Anonymous Symbol]                       0x080055a5   Section        0  kservice.o(.rodata.str1.1)
    .L.str.6                                 0x080055ae   Data           7  kservice.o(.rodata.str1.1)
    print_number.large_digits                0x080055b5   Data          17  kservice.o(.rodata.str1.1)
    .L.str.8                                 0x080055c6   Data           3  kservice.o(.rodata.str1.1)
    .L.str.18                                0x080055c9   Data           7  kservice.o(.rodata.str1.1)
    .L.str.11                                0x080055d0   Data           8  kservice.o(.rodata.str1.1)
    .L.str.13                                0x080055d8   Data           7  kservice.o(.rodata.str1.1)
    .L.str.16                                0x080055df   Data           4  kservice.o(.rodata.str1.1)
    .L.str.9                                 0x080055e3   Data           6  kservice.o(.rodata.str1.1)
    .L.str.14                                0x080055e9   Data           7  kservice.o(.rodata.str1.1)
    .L.str.17                                0x080055f0   Data           8  kservice.o(.rodata.str1.1)
    .L.str.10                                0x080055f8   Data           8  kservice.o(.rodata.str1.1)
    .L.str.19                                0x08005600   Data           8  kservice.o(.rodata.str1.1)
    .L.str.15                                0x08005608   Data           6  kservice.o(.rodata.str1.1)
    .L.str.12                                0x0800560e   Data           8  kservice.o(.rodata.str1.1)
    print_number.small_digits                0x08005616   Data          17  kservice.o(.rodata.str1.1)
    __tagsym$$used.0                         0x08005628   Number         0  components.o(.rti_fn.0)
    __tagsym$$used.1                         0x0800562c   Number         0  components.o(.rti_fn.0.end)
    __tagsym$$used.1                         0x08005630   Number         0  board.o(.rti_fn.1)
    __tagsym$$used.2                         0x08005634   Number         0  components.o(.rti_fn.1.end)
    __tagsym$$used.0                         0x08005638   Number         0  shell.o(.rti_fn.6)
    __tagsym$$used.0                         0x0800563c   Number         0  led_app.o(.rti_fn.6)
    __tagsym$$used.3                         0x08005640   Number         0  components.o(.rti_fn.6.end)
    __tagsym$$used.0                         0x08005644   Number         0  cmd.o(FSymTab)
    __tagsym$$used.1                         0x08005650   Number         0  cmd.o(FSymTab)
    __tagsym$$used.2                         0x0800565c   Number         0  cmd.o(FSymTab)
    __tagsym$$used.3                         0x08005668   Number         0  cmd.o(FSymTab)
    __tagsym$$used.4                         0x08005674   Number         0  cmd.o(FSymTab)
    __tagsym$$used.5                         0x08005680   Number         0  cmd.o(FSymTab)
    __tagsym$$used.6                         0x0800568c   Number         0  cmd.o(FSymTab)
    __tagsym$$used.0                         0x08005698   Number         0  msh.o(FSymTab)
    __tagsym$$used.0                         0x080056a4   Number         0  board.o(FSymTab)
    _object_container                        0x20000004   Data          80  object.o(.data._object_container)
    [Anonymous Symbol]                       0x20000004   Section        0  object.o(.data._object_container)
    _rt_thread_defunct                       0x20000054   Data           8  idle.o(.data._rt_thread_defunct)
    [Anonymous Symbol]                       0x20000054   Section        0  idle.o(.data._rt_thread_defunct)
    UartHandle                               0x20000068   Data         148  board.o(.bss.UartHandle)
    [Anonymous Symbol]                       0x20000068   Section        0  board.o(.bss.UartHandle)
    _timer_list                              0x20000104   Data           8  timer.o(.bss._timer_list)
    [Anonymous Symbol]                       0x20000104   Section        0  timer.o(.bss._timer_list)
    finsh_get_prompt.finsh_prompt            0x2000010c   Data         129  shell.o(.bss.finsh_get_prompt.finsh_prompt)
    [Anonymous Symbol]                       0x2000010c   Section        0  shell.o(.bss.finsh_get_prompt.finsh_prompt)
    finsh_prompt_custom                      0x20000190   Data           4  shell.o(.bss.finsh_prompt_custom)
    [Anonymous Symbol]                       0x20000190   Section        0  shell.o(.bss.finsh_prompt_custom)
    idle                                     0x20000274   Data         120  idle.o(.bss.idle)
    [Anonymous Symbol]                       0x20000274   Section        0  idle.o(.bss.idle)
    rt_exception_hook                        0x200002f4   Data           4  cpuport.o(.bss.rt_exception_hook)
    [Anonymous Symbol]                       0x200002f4   Section        0  cpuport.o(.bss.rt_exception_hook)
    rt_heap                                  0x200002f8   Data       15360  board.o(.bss.rt_heap)
    [Anonymous Symbol]                       0x200002f8   Section        0  board.o(.bss.rt_heap)
    rt_kprintf.rt_log_buf                    0x20003f04   Data         128  kservice.o(.bss.rt_kprintf.rt_log_buf)
    [Anonymous Symbol]                       0x20003f04   Section        0  kservice.o(.bss.rt_kprintf.rt_log_buf)
    rt_scheduler_lock_nest                   0x20003f84   Data           2  scheduler.o(.bss.rt_scheduler_lock_nest)
    [Anonymous Symbol]                       0x20003f84   Section        0  scheduler.o(.bss.rt_scheduler_lock_nest)
    rt_thread_stack                          0x2000408c   Data         256  idle.o(.bss.rt_thread_stack)
    [Anonymous Symbol]                       0x2000408c   Section        0  idle.o(.bss.rt_thread_stack)
    rt_tick                                  0x20004190   Data           4  clock.o(.bss.rt_tick)
    [Anonymous Symbol]                       0x20004190   Section        0  clock.o(.bss.rt_tick)
    rt_timer_start.random_nr                 0x20004194   Data           4  timer.o(.bss.rt_timer_start.random_nr)
    [Anonymous Symbol]                       0x20004194   Section        0  timer.o(.bss.rt_timer_start.random_nr)
    system_heap                              0x2000419c   Data           4  kservice.o(.bss.system_heap)
    [Anonymous Symbol]                       0x2000419c   Section        0  kservice.o(.bss.system_heap)
    STACK                                    0x200041a8   Section     1024  startup_stm32g473xx.o(STACK)

    Global Symbols

    Symbol Name                              Value     Ov Type        Size  Object(Section)

    BuildAttributes$$THM_ISAv4$E$P$D$K$B$S$7EM$VFPi3$EXTD16$VFPS$VFMA$PE$A:L22UL41UL21$X:L11$S22US41US21$IEEE1$IW$~IW$USESV6$~STKCKD$USESV7$~SHL$OTIME$EBA8$MICROLIB$REQ8$PRES8$EABIv2 0x00000000   Number         0  anon$$obj.o ABSOLUTE
    __cpp_initialize__aeabi_                  - Undefined Weak Reference
    __cxa_finalize                            - Undefined Weak Reference
    __decompress                              - Undefined Weak Reference
    _clock_init                               - Undefined Weak Reference
    _microlib_exit                            - Undefined Weak Reference
    __Vectors_Size                           0x000001d8   Number         0  startup_stm32g473xx.o ABSOLUTE
    __Vectors                                0x08000000   Data           4  startup_stm32g473xx.o(RESET)
    __Vectors_End                            0x080001d8   Data           0  startup_stm32g473xx.o(RESET)
    __main                                   0x080001d9   Thumb Code     0  entry.o(.ARM.Collect$$$$00000000)
    _main_stk                                0x080001d9   Thumb Code     0  entry2.o(.ARM.Collect$$$$00000001)
    _main_scatterload                        0x080001dd   Thumb Code     0  entry5.o(.ARM.Collect$$$$00000004)
    __main_after_scatterload                 0x080001e1   Thumb Code     0  entry5.o(.ARM.Collect$$$$00000004)
    _main_clock                              0x080001e1   Thumb Code     0  entry7b.o(.ARM.Collect$$$$00000008)
    _main_cpp_init                           0x080001e1   Thumb Code     0  entry8b.o(.ARM.Collect$$$$0000000A)
    _main_init                               0x080001e1   Thumb Code     0  entry9a.o(.ARM.Collect$$$$0000000B)
    __rt_final_cpp                           0x080001e9   Thumb Code     0  entry10a.o(.ARM.Collect$$$$0000000D)
    __rt_final_exit                          0x080001e9   Thumb Code     0  entry11a.o(.ARM.Collect$$$$0000000F)
    Reset_Handler                            0x080001ed   Thumb Code     8  startup_stm32g473xx.o(.text)
    SVC_Handler                              0x080001ff   Thumb Code     2  startup_stm32g473xx.o(.text)
    ADC1_2_IRQHandler                        0x08000207   Thumb Code     0  startup_stm32g473xx.o(.text)
    ADC3_IRQHandler                          0x08000207   Thumb Code     0  startup_stm32g473xx.o(.text)
    ADC4_IRQHandler                          0x08000207   Thumb Code     0  startup_stm32g473xx.o(.text)
    ADC5_IRQHandler                          0x08000207   Thumb Code     0  startup_stm32g473xx.o(.text)
    COMP1_2_3_IRQHandler                     0x08000207   Thumb Code     0  startup_stm32g473xx.o(.text)
    COMP4_5_6_IRQHandler                     0x08000207   Thumb Code     0  startup_stm32g473xx.o(.text)
    COMP7_IRQHandler                         0x08000207   Thumb Code     0  startup_stm32g473xx.o(.text)
    CORDIC_IRQHandler                        0x08000207   Thumb Code     0  startup_stm32g473xx.o(.text)
    CRS_IRQHandler                           0x08000207   Thumb Code     0  startup_stm32g473xx.o(.text)
    DMA1_Channel1_IRQHandler                 0x08000207   Thumb Code     0  startup_stm32g473xx.o(.text)
    DMA1_Channel2_IRQHandler                 0x08000207   Thumb Code     0  startup_stm32g473xx.o(.text)
    DMA1_Channel3_IRQHandler                 0x08000207   Thumb Code     0  startup_stm32g473xx.o(.text)
    DMA1_Channel4_IRQHandler                 0x08000207   Thumb Code     0  startup_stm32g473xx.o(.text)
    DMA1_Channel5_IRQHandler                 0x08000207   Thumb Code     0  startup_stm32g473xx.o(.text)
    DMA1_Channel6_IRQHandler                 0x08000207   Thumb Code     0  startup_stm32g473xx.o(.text)
    DMA1_Channel7_IRQHandler                 0x08000207   Thumb Code     0  startup_stm32g473xx.o(.text)
    DMA1_Channel8_IRQHandler                 0x08000207   Thumb Code     0  startup_stm32g473xx.o(.text)
    DMA2_Channel1_IRQHandler                 0x08000207   Thumb Code     0  startup_stm32g473xx.o(.text)
    DMA2_Channel2_IRQHandler                 0x08000207   Thumb Code     0  startup_stm32g473xx.o(.text)
    DMA2_Channel3_IRQHandler                 0x08000207   Thumb Code     0  startup_stm32g473xx.o(.text)
    DMA2_Channel4_IRQHandler                 0x08000207   Thumb Code     0  startup_stm32g473xx.o(.text)
    DMA2_Channel5_IRQHandler                 0x08000207   Thumb Code     0  startup_stm32g473xx.o(.text)
    DMA2_Channel6_IRQHandler                 0x08000207   Thumb Code     0  startup_stm32g473xx.o(.text)
    DMA2_Channel7_IRQHandler                 0x08000207   Thumb Code     0  startup_stm32g473xx.o(.text)
    DMA2_Channel8_IRQHandler                 0x08000207   Thumb Code     0  startup_stm32g473xx.o(.text)
    DMAMUX_OVR_IRQHandler                    0x08000207   Thumb Code     0  startup_stm32g473xx.o(.text)
    EXTI0_IRQHandler                         0x08000207   Thumb Code     0  startup_stm32g473xx.o(.text)
    EXTI15_10_IRQHandler                     0x08000207   Thumb Code     0  startup_stm32g473xx.o(.text)
    EXTI1_IRQHandler                         0x08000207   Thumb Code     0  startup_stm32g473xx.o(.text)
    EXTI2_IRQHandler                         0x08000207   Thumb Code     0  startup_stm32g473xx.o(.text)
    EXTI3_IRQHandler                         0x08000207   Thumb Code     0  startup_stm32g473xx.o(.text)
    EXTI4_IRQHandler                         0x08000207   Thumb Code     0  startup_stm32g473xx.o(.text)
    EXTI9_5_IRQHandler                       0x08000207   Thumb Code     0  startup_stm32g473xx.o(.text)
    FDCAN1_IT0_IRQHandler                    0x08000207   Thumb Code     0  startup_stm32g473xx.o(.text)
    FDCAN1_IT1_IRQHandler                    0x08000207   Thumb Code     0  startup_stm32g473xx.o(.text)
    FDCAN2_IT0_IRQHandler                    0x08000207   Thumb Code     0  startup_stm32g473xx.o(.text)
    FDCAN2_IT1_IRQHandler                    0x08000207   Thumb Code     0  startup_stm32g473xx.o(.text)
    FDCAN3_IT0_IRQHandler                    0x08000207   Thumb Code     0  startup_stm32g473xx.o(.text)
    FDCAN3_IT1_IRQHandler                    0x08000207   Thumb Code     0  startup_stm32g473xx.o(.text)
    FLASH_IRQHandler                         0x08000207   Thumb Code     0  startup_stm32g473xx.o(.text)
    FMAC_IRQHandler                          0x08000207   Thumb Code     0  startup_stm32g473xx.o(.text)
    FMC_IRQHandler                           0x08000207   Thumb Code     0  startup_stm32g473xx.o(.text)
    FPU_IRQHandler                           0x08000207   Thumb Code     0  startup_stm32g473xx.o(.text)
    I2C1_ER_IRQHandler                       0x08000207   Thumb Code     0  startup_stm32g473xx.o(.text)
    I2C1_EV_IRQHandler                       0x08000207   Thumb Code     0  startup_stm32g473xx.o(.text)
    I2C2_ER_IRQHandler                       0x08000207   Thumb Code     0  startup_stm32g473xx.o(.text)
    I2C2_EV_IRQHandler                       0x08000207   Thumb Code     0  startup_stm32g473xx.o(.text)
    I2C3_ER_IRQHandler                       0x08000207   Thumb Code     0  startup_stm32g473xx.o(.text)
    I2C3_EV_IRQHandler                       0x08000207   Thumb Code     0  startup_stm32g473xx.o(.text)
    I2C4_ER_IRQHandler                       0x08000207   Thumb Code     0  startup_stm32g473xx.o(.text)
    I2C4_EV_IRQHandler                       0x08000207   Thumb Code     0  startup_stm32g473xx.o(.text)
    LPTIM1_IRQHandler                        0x08000207   Thumb Code     0  startup_stm32g473xx.o(.text)
    LPUART1_IRQHandler                       0x08000207   Thumb Code     0  startup_stm32g473xx.o(.text)
    PVD_PVM_IRQHandler                       0x08000207   Thumb Code     0  startup_stm32g473xx.o(.text)
    QUADSPI_IRQHandler                       0x08000207   Thumb Code     0  startup_stm32g473xx.o(.text)
    RCC_IRQHandler                           0x08000207   Thumb Code     0  startup_stm32g473xx.o(.text)
    RNG_IRQHandler                           0x08000207   Thumb Code     0  startup_stm32g473xx.o(.text)
    RTC_Alarm_IRQHandler                     0x08000207   Thumb Code     0  startup_stm32g473xx.o(.text)
    RTC_TAMP_LSECSS_IRQHandler               0x08000207   Thumb Code     0  startup_stm32g473xx.o(.text)
    RTC_WKUP_IRQHandler                      0x08000207   Thumb Code     0  startup_stm32g473xx.o(.text)
    SAI1_IRQHandler                          0x08000207   Thumb Code     0  startup_stm32g473xx.o(.text)
    SPI1_IRQHandler                          0x08000207   Thumb Code     0  startup_stm32g473xx.o(.text)
    SPI2_IRQHandler                          0x08000207   Thumb Code     0  startup_stm32g473xx.o(.text)
    SPI3_IRQHandler                          0x08000207   Thumb Code     0  startup_stm32g473xx.o(.text)
    SPI4_IRQHandler                          0x08000207   Thumb Code     0  startup_stm32g473xx.o(.text)
    TIM1_BRK_TIM15_IRQHandler                0x08000207   Thumb Code     0  startup_stm32g473xx.o(.text)
    TIM1_CC_IRQHandler                       0x08000207   Thumb Code     0  startup_stm32g473xx.o(.text)
    TIM1_TRG_COM_TIM17_IRQHandler            0x08000207   Thumb Code     0  startup_stm32g473xx.o(.text)
    TIM20_BRK_IRQHandler                     0x08000207   Thumb Code     0  startup_stm32g473xx.o(.text)
    TIM20_CC_IRQHandler                      0x08000207   Thumb Code     0  startup_stm32g473xx.o(.text)
    TIM20_TRG_COM_IRQHandler                 0x08000207   Thumb Code     0  startup_stm32g473xx.o(.text)
    TIM20_UP_IRQHandler                      0x08000207   Thumb Code     0  startup_stm32g473xx.o(.text)
    TIM2_IRQHandler                          0x08000207   Thumb Code     0  startup_stm32g473xx.o(.text)
    TIM3_IRQHandler                          0x08000207   Thumb Code     0  startup_stm32g473xx.o(.text)
    TIM4_IRQHandler                          0x08000207   Thumb Code     0  startup_stm32g473xx.o(.text)
    TIM5_IRQHandler                          0x08000207   Thumb Code     0  startup_stm32g473xx.o(.text)
    TIM6_DAC_IRQHandler                      0x08000207   Thumb Code     0  startup_stm32g473xx.o(.text)
    TIM7_DAC_IRQHandler                      0x08000207   Thumb Code     0  startup_stm32g473xx.o(.text)
    TIM8_BRK_IRQHandler                      0x08000207   Thumb Code     0  startup_stm32g473xx.o(.text)
    TIM8_CC_IRQHandler                       0x08000207   Thumb Code     0  startup_stm32g473xx.o(.text)
    TIM8_TRG_COM_IRQHandler                  0x08000207   Thumb Code     0  startup_stm32g473xx.o(.text)
    TIM8_UP_IRQHandler                       0x08000207   Thumb Code     0  startup_stm32g473xx.o(.text)
    UART4_IRQHandler                         0x08000207   Thumb Code     0  startup_stm32g473xx.o(.text)
    UART5_IRQHandler                         0x08000207   Thumb Code     0  startup_stm32g473xx.o(.text)
    UCPD1_IRQHandler                         0x08000207   Thumb Code     0  startup_stm32g473xx.o(.text)
    USART1_IRQHandler                        0x08000207   Thumb Code     0  startup_stm32g473xx.o(.text)
    USART2_IRQHandler                        0x08000207   Thumb Code     0  startup_stm32g473xx.o(.text)
    USART3_IRQHandler                        0x08000207   Thumb Code     0  startup_stm32g473xx.o(.text)
    USBWakeUp_IRQHandler                     0x08000207   Thumb Code     0  startup_stm32g473xx.o(.text)
    USB_HP_IRQHandler                        0x08000207   Thumb Code     0  startup_stm32g473xx.o(.text)
    USB_LP_IRQHandler                        0x08000207   Thumb Code     0  startup_stm32g473xx.o(.text)
    WWDG_IRQHandler                          0x08000207   Thumb Code     0  startup_stm32g473xx.o(.text)
    rt_hw_interrupt_disable                  0x08000211   Thumb Code     8  context_rvds.o(.text)
    rt_hw_interrupt_enable                   0x08000219   Thumb Code     6  context_rvds.o(.text)
    rt_hw_context_switch                     0x0800021f   Thumb Code    32  context_rvds.o(.text)
    rt_hw_context_switch_interrupt           0x0800021f   Thumb Code     0  context_rvds.o(.text)
    PendSV_Handler                           0x0800023f   Thumb Code   108  context_rvds.o(.text)
    rt_hw_context_switch_to                  0x080002ab   Thumb Code    76  context_rvds.o(.text)
    rt_hw_interrupt_thread_switch            0x080002f7   Thumb Code     2  context_rvds.o(.text)
    HardFault_Handler                        0x080002f9   Thumb Code    56  context_rvds.o(.text)
    __aeabi_uldivmod                         0x0800034d   Thumb Code    98  uldiv.o(.text)
    __aeabi_memset                           0x080003af   Thumb Code    14  memseta.o(.text)
    __aeabi_memset4                          0x080003af   Thumb Code     0  memseta.o(.text)
    __aeabi_memset8                          0x080003af   Thumb Code     0  memseta.o(.text)
    __aeabi_memclr                           0x080003bd   Thumb Code     4  memseta.o(.text)
    __aeabi_memclr4                          0x080003bd   Thumb Code     0  memseta.o(.text)
    __aeabi_memclr8                          0x080003bd   Thumb Code     0  memseta.o(.text)
    _memset$wrapper                          0x080003c1   Thumb Code    18  memseta.o(.text)
    strncpy                                  0x080003d3   Thumb Code    24  strncpy.o(.text)
    strlen                                   0x080003eb   Thumb Code    14  strlen.o(.text)
    strcmp                                   0x080003f9   Thumb Code    28  strcmp.o(.text)
    strncmp                                  0x08000415   Thumb Code    30  strncmp.o(.text)
    __aeabi_llsl                             0x08000433   Thumb Code    30  llshl.o(.text)
    _ll_shift_l                              0x08000433   Thumb Code     0  llshl.o(.text)
    __aeabi_llsr                             0x08000451   Thumb Code    32  llushr.o(.text)
    _ll_ushift_r                             0x08000451   Thumb Code     0  llushr.o(.text)
    __scatterload                            0x08000471   Thumb Code    28  init.o(.text)
    __scatterload_rt2                        0x08000471   Thumb Code     0  init.o(.text)
    main                                     0x08000495   Thumb Code    10  components.o(.text.$Sub$$main)
    BusFault_Handler                         0x080004a1   Thumb Code     2  stm32g4xx_it.o(.text.BusFault_Handler)
    DebugMon_Handler                         0x080004a5   Thumb Code     2  stm32g4xx_it.o(.text.DebugMon_Handler)
    Error_Handler                            0x080004a9   Thumb Code    10  main.o(.text.Error_Handler)
    HAL_GPIO_Init                            0x080004b5   Thumb Code   414  stm32g4xx_hal_gpio.o(.text.HAL_GPIO_Init)
    HAL_GPIO_TogglePin                       0x08000655   Thumb Code    16  stm32g4xx_hal_gpio.o(.text.HAL_GPIO_TogglePin)
    HAL_GPIO_WritePin                        0x08000665   Thumb Code    12  stm32g4xx_hal_gpio.o(.text.HAL_GPIO_WritePin)
    HAL_GetTick                              0x08000671   Thumb Code    12  stm32g4xx_hal.o(.text.HAL_GetTick)
    HAL_IncTick                              0x0800067d   Thumb Code    26  stm32g4xx_hal.o(.text.HAL_IncTick)
    HAL_Init                                 0x08000699   Thumb Code    30  stm32g4xx_hal.o(.text.HAL_Init)
    HAL_InitTick                             0x080006b9   Thumb Code   160  stm32g4xx_hal_timebase_tim.o(.text.HAL_InitTick)
    HAL_MspInit                              0x08000759   Thumb Code    56  stm32g4xx_hal_msp.o(.text.HAL_MspInit)
    HAL_NVIC_EnableIRQ                       0x08000791   Thumb Code     8  stm32g4xx_hal_cortex.o(.text.HAL_NVIC_EnableIRQ)
    HAL_NVIC_SetPriority                     0x08000799   Thumb Code    30  stm32g4xx_hal_cortex.o(.text.HAL_NVIC_SetPriority)
    HAL_NVIC_SetPriorityGrouping             0x080007b9   Thumb Code     8  stm32g4xx_hal_cortex.o(.text.HAL_NVIC_SetPriorityGrouping)
    HAL_PWREx_ControlVoltageScaling          0x080007c1   Thumb Code   226  stm32g4xx_hal_pwr_ex.o(.text.HAL_PWREx_ControlVoltageScaling)
    HAL_PWREx_DisableUCPDDeadBattery         0x080008a5   Thumb Code    18  stm32g4xx_hal_pwr_ex.o(.text.HAL_PWREx_DisableUCPDDeadBattery)
    HAL_RCCEx_PeriphCLKConfig                0x080008b9   Thumb Code   756  stm32g4xx_hal_rcc_ex.o(.text.HAL_RCCEx_PeriphCLKConfig)
    HAL_RCC_ClockConfig                      0x08000bad   Thumb Code   514  stm32g4xx_hal_rcc.o(.text.HAL_RCC_ClockConfig)
    HAL_RCC_GetClockConfig                   0x08000db1   Thumb Code    66  stm32g4xx_hal_rcc.o(.text.HAL_RCC_GetClockConfig)
    HAL_RCC_GetHCLKFreq                      0x08000df5   Thumb Code    12  stm32g4xx_hal_rcc.o(.text.HAL_RCC_GetHCLKFreq)
    HAL_RCC_GetPCLK1Freq                     0x08000e01   Thumb Code    38  stm32g4xx_hal_rcc.o(.text.HAL_RCC_GetPCLK1Freq)
    HAL_RCC_GetPCLK2Freq                     0x08000e29   Thumb Code    38  stm32g4xx_hal_rcc.o(.text.HAL_RCC_GetPCLK2Freq)
    HAL_RCC_GetSysClockFreq                  0x08000e51   Thumb Code    98  stm32g4xx_hal_rcc.o(.text.HAL_RCC_GetSysClockFreq)
    HAL_RCC_OscConfig                        0x08000eb5   Thumb Code  1150  stm32g4xx_hal_rcc.o(.text.HAL_RCC_OscConfig)
    HAL_SYSTICK_Config                       0x08001335   Thumb Code     8  stm32g4xx_hal_cortex.o(.text.HAL_SYSTICK_Config)
    HAL_TIMEx_Break2Callback                 0x0800133d   Thumb Code     2  stm32g4xx_hal_tim_ex.o(.text.HAL_TIMEx_Break2Callback)
    HAL_TIMEx_BreakCallback                  0x08001341   Thumb Code     2  stm32g4xx_hal_tim_ex.o(.text.HAL_TIMEx_BreakCallback)
    HAL_TIMEx_CommutCallback                 0x08001345   Thumb Code     2  stm32g4xx_hal_tim_ex.o(.text.HAL_TIMEx_CommutCallback)
    HAL_TIMEx_DirectionChangeCallback        0x08001349   Thumb Code     2  stm32g4xx_hal_tim_ex.o(.text.HAL_TIMEx_DirectionChangeCallback)
    HAL_TIMEx_EncoderIndexCallback           0x0800134d   Thumb Code     2  stm32g4xx_hal_tim_ex.o(.text.HAL_TIMEx_EncoderIndexCallback)
    HAL_TIMEx_IndexErrorCallback             0x08001351   Thumb Code     2  stm32g4xx_hal_tim_ex.o(.text.HAL_TIMEx_IndexErrorCallback)
    HAL_TIMEx_TransitionErrorCallback        0x08001355   Thumb Code     2  stm32g4xx_hal_tim_ex.o(.text.HAL_TIMEx_TransitionErrorCallback)
    HAL_TIM_Base_Init                        0x08001359   Thumb Code    98  stm32g4xx_hal_tim.o(.text.HAL_TIM_Base_Init)
    HAL_TIM_Base_MspInit                     0x080013bd   Thumb Code     2  stm32g4xx_hal_tim.o(.text.HAL_TIM_Base_MspInit)
    HAL_TIM_Base_Start_IT                    0x080013c1   Thumb Code   194  stm32g4xx_hal_tim.o(.text.HAL_TIM_Base_Start_IT)
    HAL_TIM_IC_CaptureCallback               0x08001485   Thumb Code     2  stm32g4xx_hal_tim.o(.text.HAL_TIM_IC_CaptureCallback)
    HAL_TIM_IRQHandler                       0x08001489   Thumb Code   442  stm32g4xx_hal_tim.o(.text.HAL_TIM_IRQHandler)
    HAL_TIM_OC_DelayElapsedCallback          0x08001645   Thumb Code     2  stm32g4xx_hal_tim.o(.text.HAL_TIM_OC_DelayElapsedCallback)
    HAL_TIM_PWM_PulseFinishedCallback        0x08001649   Thumb Code     2  stm32g4xx_hal_tim.o(.text.HAL_TIM_PWM_PulseFinishedCallback)
    HAL_TIM_PeriodElapsedCallback            0x0800164d   Thumb Code    22  main.o(.text.HAL_TIM_PeriodElapsedCallback)
    HAL_TIM_TriggerCallback                  0x08001665   Thumb Code     2  stm32g4xx_hal_tim.o(.text.HAL_TIM_TriggerCallback)
    HAL_UARTEx_DisableFifoMode               0x08001669   Thumb Code    54  stm32g4xx_hal_uart_ex.o(.text.HAL_UARTEx_DisableFifoMode)
    HAL_UARTEx_SetRxFifoThreshold            0x080016a1   Thumb Code    74  stm32g4xx_hal_uart_ex.o(.text.HAL_UARTEx_SetRxFifoThreshold)
    HAL_UARTEx_SetTxFifoThreshold            0x080016ed   Thumb Code    74  stm32g4xx_hal_uart_ex.o(.text.HAL_UARTEx_SetTxFifoThreshold)
    HAL_UART_Init                            0x08001739   Thumb Code    98  stm32g4xx_hal_uart.o(.text.HAL_UART_Init)
    HAL_UART_MspInit                         0x0800179d   Thumb Code   144  usart.o(.text.HAL_UART_MspInit)
    HAL_UART_Transmit                        0x0800182d   Thumb Code   198  stm32g4xx_hal_uart.o(.text.HAL_UART_Transmit)
    MX_GPIO_Init                             0x080018f5   Thumb Code   142  gpio.o(.text.MX_GPIO_Init)
    MX_USART1_UART_Init                      0x08001985   Thumb Code   126  usart.o(.text.MX_USART1_UART_Init)
    MemManage_Handler                        0x08001a05   Thumb Code     2  stm32g4xx_it.o(.text.MemManage_Handler)
    NMI_Handler                              0x08001a09   Thumb Code     2  stm32g4xx_it.o(.text.NMI_Handler)
    SysTick_Handler                          0x08001aa1   Thumb Code    16  board.o(.text.SysTick_Handler)
    SystemClock_Config                       0x08001ab1   Thumb Code   104  main.o(.text.SystemClock_Config)
    SystemCoreClockUpdate                    0x08001b19   Thumb Code   118  system_stm32g4xx.o(.text.SystemCoreClockUpdate)
    SystemInit                               0x08001b91   Thumb Code    18  system_stm32g4xx.o(.text.SystemInit)
    TIM1_UP_TIM16_IRQHandler                 0x08001ba5   Thumb Code    16  stm32g4xx_it.o(.text.TIM1_UP_TIM16_IRQHandler)
    TIM_Base_SetConfig                       0x08001bb5   Thumb Code   328  stm32g4xx_hal_tim.o(.text.TIM_Base_SetConfig)
    UART_AdvFeatureConfig                    0x08001d51   Thumb Code   230  stm32g4xx_hal_uart.o(.text.UART_AdvFeatureConfig)
    UART_CheckIdleState                      0x08001e39   Thumb Code   192  stm32g4xx_hal_uart.o(.text.UART_CheckIdleState)
    UART_SetConfig                           0x08001f55   Thumb Code   732  stm32g4xx_hal_uart.o(.text.UART_SetConfig)
    UART_WaitOnFlagUntilTimeout              0x08002231   Thumb Code   194  stm32g4xx_hal_uart.o(.text.UART_WaitOnFlagUntilTimeout)
    UsageFault_Handler                       0x080022f5   Thumb Code     2  stm32g4xx_it.o(.text.UsageFault_Handler)
    __rt_ffs                                 0x0800236d   Thumb Code    56  kservice.o(.text.__rt_ffs)
    cmd_list                                 0x08002655   Thumb Code   280  cmd.o(.text.cmd_list)
    finsh_get_prompt                         0x08002799   Thumb Code   104  shell.o(.text.finsh_get_prompt)
    finsh_getchar                            0x08002801   Thumb Code     8  shell.o(.text.finsh_getchar)
    finsh_set_prompt_mode                    0x08002809   Thumb Code    32  shell.o(.text.finsh_set_prompt_mode)
    finsh_system_function_init               0x08002829   Thumb Code    22  shell.o(.text.finsh_system_function_init)
    finsh_system_init                        0x08002841   Thumb Code   164  shell.o(.text.finsh_system_init)
    finsh_thread_entry                       0x080028e5   Thumb Code   880  shell.o(.text.finsh_thread_entry)
    led_init                                 0x08002cd1   Thumb Code    52  led_app.o(.text.led_init)
    led_thread_entry                         0x08002d05   Thumb Code    56  led_app.o(.text.led_thread_entry)
    list_msgqueue                            0x08002dc9   Thumb Code   304  cmd.o(.text.list_msgqueue)
    list_sem                                 0x08002ef9   Thumb Code   304  cmd.o(.text.list_sem)
    list_thread                              0x08003029   Thumb Code   392  cmd.o(.text.list_thread)
    list_timer                               0x080031b1   Thumb Code   356  cmd.o(.text.list_timer)
    $Super$$main                             0x08003315   Thumb Code    44  main.o(.text.main)
    main_thread_entry                        0x08003341   Thumb Code    12  components.o(.text.main_thread_entry)
    msh_auto_complete                        0x08003425   Thumb Code   160  msh.o(.text.msh_auto_complete)
    msh_exec                                 0x080034c5   Thumb Code   104  msh.o(.text.msh_exec)
    msh_help                                 0x0800357d   Thumb Code   120  msh.o(.text.msh_help)
    rt_application_init                      0x08003931   Thumb Code    52  components.o(.text.rt_application_init)
    rt_calloc                                0x08003965   Thumb Code    30  kservice.o(.text.rt_calloc)
    rt_components_board_init                 0x08003985   Thumb Code    44  components.o(.text.rt_components_board_init)
    rt_components_init                       0x080039b1   Thumb Code    44  components.o(.text.rt_components_init)
    rt_enter_critical                        0x08003a25   Thumb Code    26  scheduler.o(.text.rt_enter_critical)
    rt_exit_critical                         0x08003a41   Thumb Code    62  scheduler.o(.text.rt_exit_critical)
    rt_free                                  0x08003a81   Thumb Code    30  kservice.o(.text.rt_free)
    rt_heap_begin_get                        0x08003aa1   Thumb Code    10  board.o(.text.rt_heap_begin_get)
    rt_heap_end_get                          0x08003aad   Thumb Code    14  board.o(.text.rt_heap_end_get)
    rt_hw_board_init                         0x08003abd   Thumb Code    60  board.o(.text.rt_hw_board_init)
    rt_hw_console_getchar                    0x08003af9   Thumb Code    36  board.o(.text.rt_hw_console_getchar)
    rt_hw_console_output                     0x08003b1d   Thumb Code    96  board.o(.text.rt_hw_console_output)
    rt_hw_cpu_reset                          0x08003b7d   Thumb Code    18  cpuport.o(.text.rt_hw_cpu_reset)
    rt_hw_hard_fault_exception               0x08003b91   Thumb Code   416  cpuport.o(.text.rt_hw_hard_fault_exception)
    rt_hw_stack_init                         0x08003d31   Thumb Code    66  cpuport.o(.text.rt_hw_stack_init)
    rt_interrupt_enter                       0x08003d75   Thumb Code    26  irq.o(.text.rt_interrupt_enter)
    rt_interrupt_leave                       0x08003d91   Thumb Code    26  irq.o(.text.rt_interrupt_leave)
    rt_kprintf                               0x08003dad   Thumb Code    62  kservice.o(.text.rt_kprintf)
    rt_malloc                                0x08003ed9   Thumb Code    34  kservice.o(.text.rt_malloc)
    rt_memcpy                                0x08003efd   Thumb Code   140  kservice.o(.text.rt_memcpy)
    rt_memmove                               0x08003f89   Thumb Code    58  kservice.o(.text.rt_memmove)
    rt_memset                                0x08003fc5   Thumb Code   104  kservice.o(.text.rt_memset)
    rt_object_allocate                       0x0800402d   Thumb Code    80  object.o(.text.rt_object_allocate)
    rt_object_delete                         0x0800407d   Thumb Code    36  object.o(.text.rt_object_delete)
    rt_object_detach                         0x080040a1   Thumb Code    30  object.o(.text.rt_object_detach)
    rt_object_get_information                0x080040c1   Thumb Code    34  object.o(.text.rt_object_get_information)
    rt_object_init                           0x080040e5   Thumb Code    80  object.o(.text.rt_object_init)
    rt_object_is_systemobject                0x08004135   Thumb Code     6  object.o(.text.rt_object_is_systemobject)
    rt_schedule                              0x0800413d   Thumb Code   252  scheduler.o(.text.rt_schedule)
    rt_schedule_insert_thread                0x08004239   Thumb Code   108  scheduler.o(.text.rt_schedule_insert_thread)
    rt_schedule_remove_thread                0x080042a5   Thumb Code    66  scheduler.o(.text.rt_schedule_remove_thread)
    rt_sem_init                              0x080042e9   Thumb Code    30  ipc.o(.text.rt_sem_init)
    rt_show_version                          0x08004309   Thumb Code   196  kservice.o(.text.rt_show_version)
    rt_smem_alloc                            0x080043cd   Thumb Code   220  mem.o(.text.rt_smem_alloc)
    rt_smem_free                             0x080044a9   Thumb Code    58  mem.o(.text.rt_smem_free)
    rt_smem_init                             0x080044e5   Thumb Code   208  mem.o(.text.rt_smem_init)
    rt_sprintf                               0x080045b5   Thumb Code    28  kservice.o(.text.rt_sprintf)
    rt_strerror                              0x080045d1   Thumb Code    76  kservice.o(.text.rt_strerror)
    rt_strlen                                0x0800461d   Thumb Code    16  kservice.o(.text.rt_strlen)
    rt_strncpy                               0x0800462d   Thumb Code    50  kservice.o(.text.rt_strncpy)
    rt_system_heap_init                      0x08004661   Thumb Code    44  kservice.o(.text.rt_system_heap_init)
    rt_system_scheduler_init                 0x0800468d   Thumb Code    52  scheduler.o(.text.rt_system_scheduler_init)
    rt_system_scheduler_start                0x080046c1   Thumb Code    46  scheduler.o(.text.rt_system_scheduler_start)
    rt_system_timer_init                     0x080046f1   Thumb Code    16  timer.o(.text.rt_system_timer_init)
    rt_system_timer_thread_init              0x08004701   Thumb Code     2  timer.o(.text.rt_system_timer_thread_init)
    rt_thread_create                         0x08004705   Thumb Code    74  thread.o(.text.rt_thread_create)
    rt_thread_defunct_dequeue                0x08004751   Thumb Code    48  idle.o(.text.rt_thread_defunct_dequeue)
    rt_thread_defunct_enqueue                0x08004781   Thumb Code    10  idle.o(.text.rt_thread_defunct_enqueue)
    rt_thread_delay                          0x0800478d   Thumb Code     8  thread.o(.text.rt_thread_delay)
    rt_thread_idle_init                      0x0800479d   Thumb Code    88  idle.o(.text.rt_thread_idle_init)
    rt_thread_init                           0x080047f5   Thumb Code    56  thread.o(.text.rt_thread_init)
    rt_thread_mdelay                         0x0800482d   Thumb Code    12  thread.o(.text.rt_thread_mdelay)
    rt_thread_resume                         0x08004839   Thumb Code    60  thread.o(.text.rt_thread_resume)
    rt_thread_self                           0x08004875   Thumb Code    12  thread.o(.text.rt_thread_self)
    rt_thread_sleep                          0x08004881   Thumb Code    72  thread.o(.text.rt_thread_sleep)
    rt_thread_startup                        0x080048c9   Thumb Code    40  thread.o(.text.rt_thread_startup)
    rt_thread_suspend                        0x080048f1   Thumb Code    68  thread.o(.text.rt_thread_suspend)
    rt_tick_from_millisecond                 0x08004935   Thumb Code    58  clock.o(.text.rt_tick_from_millisecond)
    rt_tick_get                              0x08004971   Thumb Code    12  clock.o(.text.rt_tick_get)
    rt_tick_increase                         0x0800497d   Thumb Code    78  clock.o(.text.rt_tick_increase)
    rt_timer_check                           0x080049cd   Thumb Code   174  timer.o(.text.rt_timer_check)
    rt_timer_control                         0x08004a7d   Thumb Code    84  timer.o(.text.rt_timer_control)
    rt_timer_detach                          0x08004ad1   Thumb Code    40  timer.o(.text.rt_timer_detach)
    rt_timer_init                            0x08004af9   Thumb Code    44  timer.o(.text.rt_timer_init)
    rt_timer_start                           0x08004b25   Thumb Code   130  timer.o(.text.rt_timer_start)
    rt_timer_stop                            0x08004ba9   Thumb Code    46  timer.o(.text.rt_timer_stop)
    rt_vsnprintf                             0x08004bd9   Thumb Code   888  kservice.o(.text.rt_vsnprintf)
    rt_vsprintf                              0x08004f51   Thumb Code    16  kservice.o(.text.rt_vsprintf)
    rtthread_startup                         0x08004f71   Thumb Code    42  components.o(.text.rtthread_startup)
    version                                  0x0800518d   Thumb Code    10  cmd.o(.text.version)
    __scatterload_copy                       0x08005197   Thumb Code    14  handlers.o(i.__scatterload_copy)
    __scatterload_null                       0x080051a5   Thumb Code     2  handlers.o(i.__scatterload_null)
    __scatterload_zeroinit                   0x080051a7   Thumb Code    14  handlers.o(i.__scatterload_zeroinit)
    AHBPrescTable                            0x080051b4   Data          16  system_stm32g4xx.o(.rodata.AHBPrescTable)
    APBPrescTable                            0x080051c4   Data           8  system_stm32g4xx.o(.rodata.APBPrescTable)
    UARTPrescTable                           0x080051cc   Data          24  stm32g4xx_hal_uart.o(.rodata.UARTPrescTable)
    __lowest_bit_bitmap                      0x080051e4   Data         256  kservice.o(.rodata.__lowest_bit_bitmap)
    __fsym_clear_name                        0x080052f4   Data           6  cmd.o(.rodata.name)
    __fsym_clear_desc                        0x080052fa   Data          26  cmd.o(.rodata.name)
    __fsym_version_name                      0x08005314   Data           8  cmd.o(.rodata.name)
    __fsym_version_desc                      0x0800531c   Data          35  cmd.o(.rodata.name)
    __fsym_list_thread_name                  0x0800533f   Data          12  cmd.o(.rodata.name)
    __fsym_list_thread_desc                  0x0800534b   Data          12  cmd.o(.rodata.name)
    __fsym_list_sem_name                     0x08005357   Data           9  cmd.o(.rodata.name)
    __fsym_list_sem_desc                     0x08005360   Data          25  cmd.o(.rodata.name)
    __fsym_list_msgqueue_name                0x08005379   Data          14  cmd.o(.rodata.name)
    __fsym_list_msgqueue_desc                0x08005387   Data          29  cmd.o(.rodata.name)
    __fsym_list_timer_name                   0x080053a4   Data          11  cmd.o(.rodata.name)
    __fsym_list_timer_desc                   0x080053af   Data          21  cmd.o(.rodata.name)
    __fsym_list_name                         0x080053c4   Data           5  cmd.o(.rodata.name)
    __fsym_list_desc                         0x080053c9   Data          13  cmd.o(.rodata.name)
    __fsym_help_name                         0x080053d6   Data           5  msh.o(.rodata.name)
    __fsym_help_desc                         0x080053db   Data          22  msh.o(.rodata.name)
    __fsym_reboot_name                       0x080053f1   Data           7  board.o(.rodata.name)
    __fsym_reboot_desc                       0x080053f8   Data          14  board.o(.rodata.name)
    __rt_init_rti_start                      0x08005628   Data           4  components.o(.rti_fn.0)
    __rt_init_rti_board_start                0x0800562c   Data           4  components.o(.rti_fn.0.end)
    __rt_init_uart_init                      0x08005630   Data           4  board.o(.rti_fn.1)
    __rt_init_rti_board_end                  0x08005634   Data           4  components.o(.rti_fn.1.end)
    __rt_init_finsh_system_init              0x08005638   Data           4  shell.o(.rti_fn.6)
    __rt_init_led_init                       0x0800563c   Data           4  led_app.o(.rti_fn.6)
    __rt_init_rti_end                        0x08005640   Data           4  components.o(.rti_fn.6.end)
    FSymTab$$Base                            0x08005644   Number         0  cmd.o(FSymTab)
    __fsym_clear                             0x08005644   Data          12  cmd.o(FSymTab)
    __fsym_version                           0x08005650   Data          12  cmd.o(FSymTab)
    __fsym_list_thread                       0x0800565c   Data          12  cmd.o(FSymTab)
    __fsym_list_sem                          0x08005668   Data          12  cmd.o(FSymTab)
    __fsym_list_msgqueue                     0x08005674   Data          12  cmd.o(FSymTab)
    __fsym_list_timer                        0x08005680   Data          12  cmd.o(FSymTab)
    __fsym_list                              0x0800568c   Data          12  cmd.o(FSymTab)
    __fsym_help                              0x08005698   Data          12  msh.o(FSymTab)
    __fsym_reboot                            0x080056a4   Data          12  board.o(FSymTab)
    FSymTab$$Limit                           0x080056b0   Number         0  board.o(FSymTab)
    Region$$Table$$Base                      0x080056b0   Number         0  anon$$obj.o(Region$$Table)
    Region$$Table$$Limit                     0x080056d0   Number         0  anon$$obj.o(Region$$Table)
    SystemCoreClock                          0x20000000   Data           4  system_stm32g4xx.o(.data.SystemCoreClock)
    uwTickFreq                               0x2000005c   Data           4  stm32g4xx_hal.o(.data.uwTickFreq)
    uwTickPrio                               0x20000060   Data           4  stm32g4xx_hal.o(.data.uwTickPrio)
    _syscall_table_begin                     0x200000fc   Data           4  shell.o(.bss._syscall_table_begin)
    _syscall_table_end                       0x20000100   Data           4  shell.o(.bss._syscall_table_end)
    htim1                                    0x20000194   Data          76  stm32g4xx_hal_timebase_tim.o(.bss.htim1)
    huart1                                   0x200001e0   Data         148  usart.o(.bss.huart1)
    rt_current_priority                      0x200002ec   Data           1  scheduler.o(.bss.rt_current_priority)
    rt_current_thread                        0x200002f0   Data           4  scheduler.o(.bss.rt_current_thread)
    rt_interrupt_from_thread                 0x20003ef8   Data           4  cpuport.o(.bss.rt_interrupt_from_thread)
    rt_interrupt_nest                        0x20003efc   Data           1  irq.o(.bss.rt_interrupt_nest)
    rt_interrupt_to_thread                   0x20003f00   Data           4  cpuport.o(.bss.rt_interrupt_to_thread)
    rt_thread_priority_table                 0x20003f88   Data         256  scheduler.o(.bss.rt_thread_priority_table)
    rt_thread_ready_priority_group           0x20004088   Data           4  scheduler.o(.bss.rt_thread_ready_priority_group)
    rt_thread_switch_interrupt_flag          0x2000418c   Data           4  cpuport.o(.bss.rt_thread_switch_interrupt_flag)
    shell                                    0x20004198   Data           4  shell.o(.bss.shell)
    uwTick                                   0x200041a0   Data           4  stm32g4xx_hal.o(.bss.uwTick)
    __initial_sp                             0x200045a8   Data           0  startup_stm32g473xx.o(STACK)



==============================================================================

Memory Map of the image

  Image Entry point : 0x080001d9

  Load Region LR_IROM1 (Base: 0x08000000, Size: 0x00005738, Max: 0x00020000, ABSOLUTE)

    Execution Region ER_IROM1 (Exec base: 0x08000000, Load base: 0x08000000, Size: 0x000056d0, Max: 0x00020000, ABSOLUTE)

    Exec Addr    Load Addr    Size         Type   Attr      Idx    E Section Name        Object

    0x08000000   0x08000000   0x000001d8   Data   RO            3    RESET               startup_stm32g473xx.o
    0x080001d8   0x080001d8   0x00000000   Code   RO         1905  * .ARM.Collect$$$$00000000  mc_w.l(entry.o)
    0x080001d8   0x080001d8   0x00000004   Code   RO         1952    .ARM.Collect$$$$00000001  mc_w.l(entry2.o)
    0x080001dc   0x080001dc   0x00000004   Code   RO         1955    .ARM.Collect$$$$00000004  mc_w.l(entry5.o)
    0x080001e0   0x080001e0   0x00000000   Code   RO         1957    .ARM.Collect$$$$00000008  mc_w.l(entry7b.o)
    0x080001e0   0x080001e0   0x00000000   Code   RO         1959    .ARM.Collect$$$$0000000A  mc_w.l(entry8b.o)
    0x080001e0   0x080001e0   0x00000008   Code   RO         1960    .ARM.Collect$$$$0000000B  mc_w.l(entry9a.o)
    0x080001e8   0x080001e8   0x00000000   Code   RO         1962    .ARM.Collect$$$$0000000D  mc_w.l(entry10a.o)
    0x080001e8   0x080001e8   0x00000000   Code   RO         1964    .ARM.Collect$$$$0000000F  mc_w.l(entry11a.o)
    0x080001e8   0x080001e8   0x00000004   Code   RO         1953    .ARM.Collect$$$$00002712  mc_w.l(entry2.o)
    0x080001ec   0x080001ec   0x00000024   Code   RO            4    .text               startup_stm32g473xx.o
    0x08000210   0x08000210   0x0000013c   Code   RO         1390    .text               context_rvds.o
    0x0800034c   0x0800034c   0x00000062   Code   RO         1908    .text               mc_w.l(uldiv.o)
    0x080003ae   0x080003ae   0x00000024   Code   RO         1940    .text               mc_w.l(memseta.o)
    0x080003d2   0x080003d2   0x00000018   Code   RO         1942    .text               mc_w.l(strncpy.o)
    0x080003ea   0x080003ea   0x0000000e   Code   RO         1944    .text               mc_w.l(strlen.o)
    0x080003f8   0x080003f8   0x0000001c   Code   RO         1946    .text               mc_w.l(strcmp.o)
    0x08000414   0x08000414   0x0000001e   Code   RO         1950    .text               mc_w.l(strncmp.o)
    0x08000432   0x08000432   0x0000001e   Code   RO         1966    .text               mc_w.l(llshl.o)
    0x08000450   0x08000450   0x00000020   Code   RO         1968    .text               mc_w.l(llushr.o)
    0x08000470   0x08000470   0x00000024   Code   RO         1970    .text               mc_w.l(init.o)
    0x08000494   0x08000494   0x0000000a   Code   RO         1457    .text.$Sub$$main    components.o
    0x0800049e   0x0800049e   0x00000002   PAD
    0x080004a0   0x080004a0   0x00000002   Code   RO           56    .text.BusFault_Handler  stm32g4xx_it.o
    0x080004a2   0x080004a2   0x00000002   PAD
    0x080004a4   0x080004a4   0x00000002   Code   RO           60    .text.DebugMon_Handler  stm32g4xx_it.o
    0x080004a6   0x080004a6   0x00000002   PAD
    0x080004a8   0x080004a8   0x0000000a   Code   RO           15    .text.Error_Handler  main.o
    0x080004b2   0x080004b2   0x00000002   PAD
    0x080004b4   0x080004b4   0x0000019e   Code   RO          370    .text.HAL_GPIO_Init  stm32g4xx_hal_gpio.o
    0x08000652   0x08000652   0x00000002   PAD
    0x08000654   0x08000654   0x00000010   Code   RO          378    .text.HAL_GPIO_TogglePin  stm32g4xx_hal_gpio.o
    0x08000664   0x08000664   0x0000000c   Code   RO          376    .text.HAL_GPIO_WritePin  stm32g4xx_hal_gpio.o
    0x08000670   0x08000670   0x0000000c   Code   RO          106    .text.HAL_GetTick   stm32g4xx_hal.o
    0x0800067c   0x0800067c   0x0000001a   Code   RO          104    .text.HAL_IncTick   stm32g4xx_hal.o
    0x08000696   0x08000696   0x00000002   PAD
    0x08000698   0x08000698   0x0000001e   Code   RO           94    .text.HAL_Init      stm32g4xx_hal.o
    0x080006b6   0x080006b6   0x00000002   PAD
    0x080006b8   0x080006b8   0x000000a0   Code   RO           79    .text.HAL_InitTick  stm32g4xx_hal_timebase_tim.o
    0x08000758   0x08000758   0x00000038   Code   RO           71    .text.HAL_MspInit   stm32g4xx_hal_msp.o
    0x08000790   0x08000790   0x00000008   Code   RO          610    .text.HAL_NVIC_EnableIRQ  stm32g4xx_hal_cortex.o
    0x08000798   0x08000798   0x0000001e   Code   RO          602    .text.HAL_NVIC_SetPriority  stm32g4xx_hal_cortex.o
    0x080007b6   0x080007b6   0x00000002   PAD
    0x080007b8   0x080007b8   0x00000008   Code   RO          598    .text.HAL_NVIC_SetPriorityGrouping  stm32g4xx_hal_cortex.o
    0x080007c0   0x080007c0   0x000000e2   Code   RO          518    .text.HAL_PWREx_ControlVoltageScaling  stm32g4xx_hal_pwr_ex.o
    0x080008a2   0x080008a2   0x00000002   PAD
    0x080008a4   0x080008a4   0x00000012   Code   RO          588    .text.HAL_PWREx_DisableUCPDDeadBattery  stm32g4xx_hal_pwr_ex.o
    0x080008b6   0x080008b6   0x00000002   PAD
    0x080008b8   0x080008b8   0x000002f4   Code   RO          221    .text.HAL_RCCEx_PeriphCLKConfig  stm32g4xx_hal_rcc_ex.o
    0x08000bac   0x08000bac   0x00000202   Code   RO          185    .text.HAL_RCC_ClockConfig  stm32g4xx_hal_rcc.o
    0x08000dae   0x08000dae   0x00000002   PAD
    0x08000db0   0x08000db0   0x00000042   Code   RO          201    .text.HAL_RCC_GetClockConfig  stm32g4xx_hal_rcc.o
    0x08000df2   0x08000df2   0x00000002   PAD
    0x08000df4   0x08000df4   0x0000000c   Code   RO          193    .text.HAL_RCC_GetHCLKFreq  stm32g4xx_hal_rcc.o
    0x08000e00   0x08000e00   0x00000026   Code   RO          195    .text.HAL_RCC_GetPCLK1Freq  stm32g4xx_hal_rcc.o
    0x08000e26   0x08000e26   0x00000002   PAD
    0x08000e28   0x08000e28   0x00000026   Code   RO          197    .text.HAL_RCC_GetPCLK2Freq  stm32g4xx_hal_rcc.o
    0x08000e4e   0x08000e4e   0x00000002   PAD
    0x08000e50   0x08000e50   0x00000062   Code   RO          189    .text.HAL_RCC_GetSysClockFreq  stm32g4xx_hal_rcc.o
    0x08000eb2   0x08000eb2   0x00000002   PAD
    0x08000eb4   0x08000eb4   0x0000047e   Code   RO          183    .text.HAL_RCC_OscConfig  stm32g4xx_hal_rcc.o
    0x08001332   0x08001332   0x00000002   PAD
    0x08001334   0x08001334   0x00000008   Code   RO          622    .text.HAL_SYSTICK_Config  stm32g4xx_hal_cortex.o
    0x0800133c   0x0800133c   0x00000002   Code   RO         1044    .text.HAL_TIMEx_Break2Callback  stm32g4xx_hal_tim_ex.o
    0x0800133e   0x0800133e   0x00000002   PAD
    0x08001340   0x08001340   0x00000002   Code   RO         1042    .text.HAL_TIMEx_BreakCallback  stm32g4xx_hal_tim_ex.o
    0x08001342   0x08001342   0x00000002   PAD
    0x08001344   0x08001344   0x00000002   Code   RO         1038    .text.HAL_TIMEx_CommutCallback  stm32g4xx_hal_tim_ex.o
    0x08001346   0x08001346   0x00000002   PAD
    0x08001348   0x08001348   0x00000002   Code   RO         1048    .text.HAL_TIMEx_DirectionChangeCallback  stm32g4xx_hal_tim_ex.o
    0x0800134a   0x0800134a   0x00000002   PAD
    0x0800134c   0x0800134c   0x00000002   Code   RO         1046    .text.HAL_TIMEx_EncoderIndexCallback  stm32g4xx_hal_tim_ex.o
    0x0800134e   0x0800134e   0x00000002   PAD
    0x08001350   0x08001350   0x00000002   Code   RO         1050    .text.HAL_TIMEx_IndexErrorCallback  stm32g4xx_hal_tim_ex.o
    0x08001352   0x08001352   0x00000002   PAD
    0x08001354   0x08001354   0x00000002   Code   RO         1052    .text.HAL_TIMEx_TransitionErrorCallback  stm32g4xx_hal_tim_ex.o
    0x08001356   0x08001356   0x00000002   PAD
    0x08001358   0x08001358   0x00000062   Code   RO          670    .text.HAL_TIM_Base_Init  stm32g4xx_hal_tim.o
    0x080013ba   0x080013ba   0x00000002   PAD
    0x080013bc   0x080013bc   0x00000002   Code   RO          672    .text.HAL_TIM_Base_MspInit  stm32g4xx_hal_tim.o
    0x080013be   0x080013be   0x00000002   PAD
    0x080013c0   0x080013c0   0x000000c2   Code   RO          684    .text.HAL_TIM_Base_Start_IT  stm32g4xx_hal_tim.o
    0x08001482   0x08001482   0x00000002   PAD
    0x08001484   0x08001484   0x00000002   Code   RO          806    .text.HAL_TIM_IC_CaptureCallback  stm32g4xx_hal_tim.o
    0x08001486   0x08001486   0x00000002   PAD
    0x08001488   0x08001488   0x000001ba   Code   RO          804    .text.HAL_TIM_IRQHandler  stm32g4xx_hal_tim.o
    0x08001642   0x08001642   0x00000002   PAD
    0x08001644   0x08001644   0x00000002   Code   RO          808    .text.HAL_TIM_OC_DelayElapsedCallback  stm32g4xx_hal_tim.o
    0x08001646   0x08001646   0x00000002   PAD
    0x08001648   0x08001648   0x00000002   Code   RO          810    .text.HAL_TIM_PWM_PulseFinishedCallback  stm32g4xx_hal_tim.o
    0x0800164a   0x0800164a   0x00000002   PAD
    0x0800164c   0x0800164c   0x00000016   Code   RO           17    .text.HAL_TIM_PeriodElapsedCallback  main.o
    0x08001662   0x08001662   0x00000002   PAD
    0x08001664   0x08001664   0x00000002   Code   RO          814    .text.HAL_TIM_TriggerCallback  stm32g4xx_hal_tim.o
    0x08001666   0x08001666   0x00000002   PAD
    0x08001668   0x08001668   0x00000036   Code   RO         1237    .text.HAL_UARTEx_DisableFifoMode  stm32g4xx_hal_uart_ex.o
    0x0800169e   0x0800169e   0x00000002   PAD
    0x080016a0   0x080016a0   0x0000004a   Code   RO         1241    .text.HAL_UARTEx_SetRxFifoThreshold  stm32g4xx_hal_uart_ex.o
    0x080016ea   0x080016ea   0x00000002   PAD
    0x080016ec   0x080016ec   0x0000004a   Code   RO         1239    .text.HAL_UARTEx_SetTxFifoThreshold  stm32g4xx_hal_uart_ex.o
    0x08001736   0x08001736   0x00000002   PAD
    0x08001738   0x08001738   0x00000062   Code   RO         1066    .text.HAL_UART_Init  stm32g4xx_hal_uart.o
    0x0800179a   0x0800179a   0x00000002   PAD
    0x0800179c   0x0800179c   0x00000090   Code   RO           39    .text.HAL_UART_MspInit  usart.o
    0x0800182c   0x0800182c   0x000000c6   Code   RO         1086    .text.HAL_UART_Transmit  stm32g4xx_hal_uart.o
    0x080018f2   0x080018f2   0x00000002   PAD
    0x080018f4   0x080018f4   0x0000008e   Code   RO           28    .text.MX_GPIO_Init  gpio.o
    0x08001982   0x08001982   0x00000002   PAD
    0x08001984   0x08001984   0x0000007e   Code   RO           37    .text.MX_USART1_UART_Init  usart.o
    0x08001a02   0x08001a02   0x00000002   PAD
    0x08001a04   0x08001a04   0x00000002   Code   RO           54    .text.MemManage_Handler  stm32g4xx_it.o
    0x08001a06   0x08001a06   0x00000002   PAD
    0x08001a08   0x08001a08   0x00000002   Code   RO           52    .text.NMI_Handler   stm32g4xx_it.o
    0x08001a0a   0x08001a0a   0x00000002   PAD
    0x08001a0c   0x08001a0c   0x0000002c   Code   RO          608    .text.NVIC_EncodePriority  stm32g4xx_hal_cortex.o
    0x08001a38   0x08001a38   0x00000038   Code   RO          187    .text.RCC_GetSysClockFreqFromPLLSource  stm32g4xx_hal_rcc.o
    0x08001a70   0x08001a70   0x0000002e   Code   RO          624    .text.SysTick_Config  stm32g4xx_hal_cortex.o
    0x08001a9e   0x08001a9e   0x00000002   PAD
    0x08001aa0   0x08001aa0   0x00000010   Code   RO         1867    .text.SysTick_Handler  board.o
    0x08001ab0   0x08001ab0   0x00000068   Code   RO           13    .text.SystemClock_Config  main.o
    0x08001b18   0x08001b18   0x00000076   Code   RO         1262    .text.SystemCoreClockUpdate  system_stm32g4xx.o
    0x08001b8e   0x08001b8e   0x00000002   PAD
    0x08001b90   0x08001b90   0x00000012   Code   RO         1260    .text.SystemInit    system_stm32g4xx.o
    0x08001ba2   0x08001ba2   0x00000002   PAD
    0x08001ba4   0x08001ba4   0x00000010   Code   RO           62    .text.TIM1_UP_TIM16_IRQHandler  stm32g4xx_it.o
    0x08001bb4   0x08001bb4   0x00000148   Code   RO          674    .text.TIM_Base_SetConfig  stm32g4xx_hal_tim.o
    0x08001cfc   0x08001cfc   0x00000054   Code   RO         1235    .text.UARTEx_SetNbDataToProcess  stm32g4xx_hal_uart_ex.o
    0x08001d50   0x08001d50   0x000000e6   Code   RO         1070    .text.UART_AdvFeatureConfig  stm32g4xx_hal_uart.o
    0x08001e36   0x08001e36   0x00000002   PAD
    0x08001e38   0x08001e38   0x000000c0   Code   RO         1074    .text.UART_CheckIdleState  stm32g4xx_hal_uart.o
    0x08001ef8   0x08001ef8   0x0000005a   Code   RO         1126    .text.UART_EndRxTransfer  stm32g4xx_hal_uart.o
    0x08001f52   0x08001f52   0x00000002   PAD
    0x08001f54   0x08001f54   0x000002dc   Code   RO         1072    .text.UART_SetConfig  stm32g4xx_hal_uart.o
    0x08002230   0x08002230   0x000000c2   Code   RO         1088    .text.UART_WaitOnFlagUntilTimeout  stm32g4xx_hal_uart.o
    0x080022f2   0x080022f2   0x00000002   PAD
    0x080022f4   0x080022f4   0x00000002   Code   RO           58    .text.UsageFault_Handler  stm32g4xx_it.o
    0x080022f6   0x080022f6   0x00000002   PAD
    0x080022f8   0x080022f8   0x00000020   Code   RO          612    .text.__NVIC_EnableIRQ  stm32g4xx_hal_cortex.o
    0x08002318   0x08002318   0x00000010   Code   RO          604    .text.__NVIC_GetPriorityGrouping  stm32g4xx_hal_cortex.o
    0x08002328   0x08002328   0x00000022   Code   RO          606    .text.__NVIC_SetPriority  stm32g4xx_hal_cortex.o
    0x0800234a   0x0800234a   0x00000002   PAD
    0x0800234c   0x0800234c   0x00000020   Code   RO          600    .text.__NVIC_SetPriorityGrouping  stm32g4xx_hal_cortex.o
    0x0800236c   0x0800236c   0x00000038   Code   RO         1654    .text.__rt_ffs      kservice.o
    0x080023a4   0x080023a4   0x00000008   Code   RO         1636    .text._heap_lock    kservice.o
    0x080023ac   0x080023ac   0x00000008   Code   RO         1638    .text._heap_unlock  kservice.o
    0x080023b4   0x080023b4   0x0000000a   Code   RO         1507    .text._ipc_object_init  ipc.o
    0x080023be   0x080023be   0x00000002   PAD
    0x080023c0   0x080023c0   0x00000064   Code   RO         1316    .text._msh_exec_cmd  msh.o
    0x08002424   0x08002424   0x00000028   Code   RO         1732    .text._scheduler_get_highest_priority_thread  scheduler.o
    0x0800244c   0x0800244c   0x00000034   Code   RO         1805    .text._thread_exit  thread.o
    0x08002480   0x08002480   0x0000007c   Code   RO         1771    .text._thread_init  thread.o
    0x080024fc   0x080024fc   0x0000002a   Code   RO         1807    .text._thread_timeout  thread.o
    0x08002526   0x08002526   0x00000002   PAD
    0x08002528   0x08002528   0x00000022   Code   RO         1819    .text._timer_init   timer.o
    0x0800254a   0x0800254a   0x00000002   PAD
    0x0800254c   0x0800254c   0x0000000a   Code   RO         1823    .text._timer_remove  timer.o
    0x08002556   0x08002556   0x00000002   PAD
    0x08002558   0x08002558   0x000000e8   Code   RO         1407    .text.bus_fault_track  cpuport.o
    0x08002640   0x08002640   0x00000014   Code   RO         1275    .text.clear         cmd.o
    0x08002654   0x08002654   0x00000118   Code   RO         1299    .text.cmd_list      cmd.o
    0x0800276c   0x0800276c   0x0000002c   Code   RO         1656    .text.divide        kservice.o
    0x08002798   0x08002798   0x00000068   Code   RO         1356    .text.finsh_get_prompt  shell.o
    0x08002800   0x08002800   0x00000008   Code   RO         1362    .text.finsh_getchar  shell.o
    0x08002808   0x08002808   0x00000020   Code   RO         1360    .text.finsh_set_prompt_mode  shell.o
    0x08002828   0x08002828   0x00000016   Code   RO         1372    .text.finsh_system_function_init  shell.o
    0x0800283e   0x0800283e   0x00000002   PAD
    0x08002840   0x08002840   0x000000a4   Code   RO         1374    .text.finsh_system_init  shell.o
    0x080028e4   0x080028e4   0x00000370   Code   RO         1368    .text.finsh_thread_entry  shell.o
    0x08002c54   0x08002c54   0x0000007c   Code   RO         1401    .text.hard_fault_track  cpuport.o
    0x08002cd0   0x08002cd0   0x00000034   Code   RO         1892    .text.led_init      led_app.o
    0x08002d04   0x08002d04   0x00000038   Code   RO         1894    .text.led_thread_entry  led_app.o
    0x08002d3c   0x08002d3c   0x00000020   Code   RO         1281    .text.list_find_init  cmd.o
    0x08002d5c   0x08002d5c   0x0000006a   Code   RO         1285    .text.list_get_next  cmd.o
    0x08002dc6   0x08002dc6   0x00000002   PAD
    0x08002dc8   0x08002dc8   0x00000130   Code   RO         1295    .text.list_msgqueue  cmd.o
    0x08002ef8   0x08002ef8   0x00000130   Code   RO         1287    .text.list_sem      cmd.o
    0x08003028   0x08003028   0x00000188   Code   RO         1279    .text.list_thread   cmd.o
    0x080031b0   0x080031b0   0x00000164   Code   RO         1297    .text.list_timer    cmd.o
    0x08003314   0x08003314   0x0000002c   Code   RO           11    .text.main          main.o
    0x08003340   0x08003340   0x0000000c   Code   RO         1461    .text.main_thread_entry  components.o
    0x0800334c   0x0800334c   0x000000d8   Code   RO         1409    .text.mem_manage_fault_track  cpuport.o
    0x08003424   0x08003424   0x000000a0   Code   RO         1318    .text.msh_auto_complete  msh.o
    0x080034c4   0x080034c4   0x00000068   Code   RO         1314    .text.msh_exec      msh.o
    0x0800352c   0x0800352c   0x00000050   Code   RO         1322    .text.msh_get_cmd   msh.o
    0x0800357c   0x0800357c   0x00000078   Code   RO         1312    .text.msh_help      msh.o
    0x080035f4   0x080035f4   0x0000010c   Code   RO         1324    .text.msh_split     msh.o
    0x08003700   0x08003700   0x00000018   Code   RO         1283    .text.object_split  cmd.o
    0x08003718   0x08003718   0x00000068   Code   RO         1681    .text.plug_holes    mem.o
    0x08003780   0x08003780   0x000001a8   Code   RO         1622    .text.print_number  kservice.o
    0x08003928   0x08003928   0x00000008   Code   RO         1869    .text.reboot        board.o
    0x08003930   0x08003930   0x00000034   Code   RO         1463    .text.rt_application_init  components.o
    0x08003964   0x08003964   0x0000001e   Code   RO         1642    .text.rt_calloc     kservice.o
    0x08003982   0x08003982   0x00000002   PAD
    0x08003984   0x08003984   0x0000002c   Code   RO         1453    .text.rt_components_board_init  components.o
    0x080039b0   0x080039b0   0x0000002c   Code   RO         1455    .text.rt_components_init  components.o
    0x080039dc   0x080039dc   0x00000046   Code   RO         1492    .text.rt_defunct_execute  idle.o
    0x08003a22   0x08003a22   0x00000002   PAD
    0x08003a24   0x08003a24   0x0000001a   Code   RO         1748    .text.rt_enter_critical  scheduler.o
    0x08003a3e   0x08003a3e   0x00000002   PAD
    0x08003a40   0x08003a40   0x0000003e   Code   RO         1750    .text.rt_exit_critical  scheduler.o
    0x08003a7e   0x08003a7e   0x00000002   PAD
    0x08003a80   0x08003a80   0x0000001e   Code   RO         1644    .text.rt_free       kservice.o
    0x08003a9e   0x08003a9e   0x00000002   PAD
    0x08003aa0   0x08003aa0   0x0000000a   Code   RO         1863    .text.rt_heap_begin_get  board.o
    0x08003aaa   0x08003aaa   0x00000002   PAD
    0x08003aac   0x08003aac   0x0000000e   Code   RO         1865    .text.rt_heap_end_get  board.o
    0x08003aba   0x08003aba   0x00000002   PAD
    0x08003abc   0x08003abc   0x0000003c   Code   RO         1871    .text.rt_hw_board_init  board.o
    0x08003af8   0x08003af8   0x00000024   Code   RO         1877    .text.rt_hw_console_getchar  board.o
    0x08003b1c   0x08003b1c   0x00000060   Code   RO         1875    .text.rt_hw_console_output  board.o
    0x08003b7c   0x08003b7c   0x00000012   Code   RO         1405    .text.rt_hw_cpu_reset  cpuport.o
    0x08003b8e   0x08003b8e   0x00000002   PAD
    0x08003b90   0x08003b90   0x000001a0   Code   RO         1399    .text.rt_hw_hard_fault_exception  cpuport.o
    0x08003d30   0x08003d30   0x00000042   Code   RO         1395    .text.rt_hw_stack_init  cpuport.o
    0x08003d72   0x08003d72   0x00000002   PAD
    0x08003d74   0x08003d74   0x0000001a   Code   RO         1561    .text.rt_interrupt_enter  irq.o
    0x08003d8e   0x08003d8e   0x00000002   PAD
    0x08003d90   0x08003d90   0x0000001a   Code   RO         1563    .text.rt_interrupt_leave  irq.o
    0x08003daa   0x08003daa   0x00000002   PAD
    0x08003dac   0x08003dac   0x0000003e   Code   RO         1616    .text.rt_kprintf    kservice.o
    0x08003dea   0x08003dea   0x00000002   PAD
    0x08003dec   0x08003dec   0x00000006   Code   RO         1533    .text.rt_list_init  ipc.o
    0x08003df2   0x08003df2   0x00000002   PAD
    0x08003df4   0x08003df4   0x00000006   Code   RO         1728    .text.rt_list_init  scheduler.o
    0x08003dfa   0x08003dfa   0x00000002   PAD
    0x08003dfc   0x08003dfc   0x00000006   Code   RO         1803    .text.rt_list_init  thread.o
    0x08003e02   0x08003e02   0x00000002   PAD
    0x08003e04   0x08003e04   0x00000006   Code   RO         1839    .text.rt_list_init  timer.o
    0x08003e0a   0x08003e0a   0x00000002   PAD
    0x08003e0c   0x08003e0c   0x00000014   Code   RO         1480    .text.rt_list_insert_after  idle.o
    0x08003e20   0x08003e20   0x0000000c   Code   RO         1701    .text.rt_list_insert_after  object.o
    0x08003e2c   0x08003e2c   0x0000000c   Code   RO         1742    .text.rt_list_insert_after  scheduler.o
    0x08003e38   0x08003e38   0x0000000c   Code   RO         1831    .text.rt_list_insert_after  timer.o
    0x08003e44   0x08003e44   0x0000000c   Code   RO         1740    .text.rt_list_insert_before  scheduler.o
    0x08003e50   0x08003e50   0x0000000c   Code   RO         1289    .text.rt_list_isempty  cmd.o
    0x08003e5c   0x08003e5c   0x0000000c   Code   RO         1746    .text.rt_list_isempty  scheduler.o
    0x08003e68   0x08003e68   0x0000000c   Code   RO         1841    .text.rt_list_isempty  timer.o
    0x08003e74   0x08003e74   0x00000012   Code   RO         1291    .text.rt_list_len   cmd.o
    0x08003e86   0x08003e86   0x00000002   PAD
    0x08003e88   0x08003e88   0x00000010   Code   RO         1484    .text.rt_list_remove  idle.o
    0x08003e98   0x08003e98   0x00000010   Code   RO         1705    .text.rt_list_remove  object.o
    0x08003ea8   0x08003ea8   0x00000010   Code   RO         1744    .text.rt_list_remove  scheduler.o
    0x08003eb8   0x08003eb8   0x00000010   Code   RO         1799    .text.rt_list_remove  thread.o
    0x08003ec8   0x08003ec8   0x00000010   Code   RO         1843    .text.rt_list_remove  timer.o
    0x08003ed8   0x08003ed8   0x00000022   Code   RO         1612    .text.rt_malloc     kservice.o
    0x08003efa   0x08003efa   0x00000002   PAD
    0x08003efc   0x08003efc   0x0000008c   Code   RO         1588    .text.rt_memcpy     kservice.o
    0x08003f88   0x08003f88   0x0000003a   Code   RO         1590    .text.rt_memmove    kservice.o
    0x08003fc2   0x08003fc2   0x00000002   PAD
    0x08003fc4   0x08003fc4   0x00000068   Code   RO         1586    .text.rt_memset     kservice.o
    0x0800402c   0x0800402c   0x00000050   Code   RO         1707    .text.rt_object_allocate  object.o
    0x0800407c   0x0800407c   0x00000024   Code   RO         1709    .text.rt_object_delete  object.o
    0x080040a0   0x080040a0   0x0000001e   Code   RO         1703    .text.rt_object_detach  object.o
    0x080040be   0x080040be   0x00000002   PAD
    0x080040c0   0x080040c0   0x00000022   Code   RO         1693    .text.rt_object_get_information  object.o
    0x080040e2   0x080040e2   0x00000002   PAD
    0x080040e4   0x080040e4   0x00000050   Code   RO         1699    .text.rt_object_init  object.o
    0x08004134   0x08004134   0x00000006   Code   RO         1711    .text.rt_object_is_systemobject  object.o
    0x0800413a   0x0800413a   0x00000002   PAD
    0x0800413c   0x0800413c   0x000000fc   Code   RO         1736    .text.rt_schedule   scheduler.o
    0x08004238   0x08004238   0x0000006c   Code   RO         1738    .text.rt_schedule_insert_thread  scheduler.o
    0x080042a4   0x080042a4   0x00000042   Code   RO         1734    .text.rt_schedule_remove_thread  scheduler.o
    0x080042e6   0x080042e6   0x00000002   PAD
    0x080042e8   0x080042e8   0x0000001e   Code   RO         1505    .text.rt_sem_init   ipc.o
    0x08004306   0x08004306   0x00000002   PAD
    0x08004308   0x08004308   0x000000c4   Code   RO         1614    .text.rt_show_version  kservice.o
    0x080043cc   0x080043cc   0x000000dc   Code   RO         1675    .text.rt_smem_alloc  mem.o
    0x080044a8   0x080044a8   0x0000003a   Code   RO         1679    .text.rt_smem_free  mem.o
    0x080044e2   0x080044e2   0x00000002   PAD
    0x080044e4   0x080044e4   0x000000d0   Code   RO         1671    .text.rt_smem_init  mem.o
    0x080045b4   0x080045b4   0x0000001c   Code   RO         1628    .text.rt_sprintf    kservice.o
    0x080045d0   0x080045d0   0x0000004c   Code   RO         1578    .text.rt_strerror   kservice.o
    0x0800461c   0x0800461c   0x00000010   Code   RO         1596    .text.rt_strlen     kservice.o
    0x0800462c   0x0800462c   0x00000032   Code   RO         1600    .text.rt_strncpy    kservice.o
    0x0800465e   0x0800465e   0x00000002   PAD
    0x08004660   0x08004660   0x0000002c   Code   RO         1634    .text.rt_system_heap_init  kservice.o
    0x0800468c   0x0800468c   0x00000034   Code   RO         1726    .text.rt_system_scheduler_init  scheduler.o
    0x080046c0   0x080046c0   0x0000002e   Code   RO         1730    .text.rt_system_scheduler_start  scheduler.o
    0x080046ee   0x080046ee   0x00000002   PAD
    0x080046f0   0x080046f0   0x00000010   Code   RO         1849    .text.rt_system_timer_init  timer.o
    0x08004700   0x08004700   0x00000002   Code   RO         1851    .text.rt_system_timer_thread_init  timer.o
    0x08004702   0x08004702   0x00000002   PAD
    0x08004704   0x08004704   0x0000004a   Code   RO         1781    .text.rt_thread_create  thread.o
    0x0800474e   0x0800474e   0x00000002   PAD
    0x08004750   0x08004750   0x00000030   Code   RO         1482    .text.rt_thread_defunct_dequeue  idle.o
    0x08004780   0x08004780   0x0000000a   Code   RO         1478    .text.rt_thread_defunct_enqueue  idle.o
    0x0800478a   0x0800478a   0x00000002   PAD
    0x0800478c   0x0800478c   0x00000008   Code   RO         1791    .text.rt_thread_delay  thread.o
    0x08004794   0x08004794   0x00000006   Code   RO         1488    .text.rt_thread_idle_entry  idle.o
    0x0800479a   0x0800479a   0x00000002   PAD
    0x0800479c   0x0800479c   0x00000058   Code   RO         1486    .text.rt_thread_idle_init  idle.o
    0x080047f4   0x080047f4   0x00000038   Code   RO         1769    .text.rt_thread_init  thread.o
    0x0800482c   0x0800482c   0x0000000c   Code   RO         1795    .text.rt_thread_mdelay  thread.o
    0x08004838   0x08004838   0x0000003c   Code   RO         1777    .text.rt_thread_resume  thread.o
    0x08004874   0x08004874   0x0000000c   Code   RO         1773    .text.rt_thread_self  thread.o
    0x08004880   0x08004880   0x00000048   Code   RO         1787    .text.rt_thread_sleep  thread.o
    0x080048c8   0x080048c8   0x00000028   Code   RO         1775    .text.rt_thread_startup  thread.o
    0x080048f0   0x080048f0   0x00000044   Code   RO         1789    .text.rt_thread_suspend  thread.o
    0x08004934   0x08004934   0x0000003a   Code   RO         1432    .text.rt_tick_from_millisecond  clock.o
    0x0800496e   0x0800496e   0x00000002   PAD
    0x08004970   0x08004970   0x0000000c   Code   RO         1426    .text.rt_tick_get   clock.o
    0x0800497c   0x0800497c   0x0000004e   Code   RO         1430    .text.rt_tick_increase  clock.o
    0x080049ca   0x080049ca   0x00000002   PAD
    0x080049cc   0x080049cc   0x000000ae   Code   RO         1837    .text.rt_timer_check  timer.o
    0x08004a7a   0x08004a7a   0x00000002   PAD
    0x08004a7c   0x08004a7c   0x00000054   Code   RO         1835    .text.rt_timer_control  timer.o
    0x08004ad0   0x08004ad0   0x00000028   Code   RO         1821    .text.rt_timer_detach  timer.o
    0x08004af8   0x08004af8   0x0000002c   Code   RO         1817    .text.rt_timer_init  timer.o
    0x08004b24   0x08004b24   0x00000082   Code   RO         1829    .text.rt_timer_start  timer.o
    0x08004ba6   0x08004ba6   0x00000002   PAD
    0x08004ba8   0x08004ba8   0x0000002e   Code   RO         1833    .text.rt_timer_stop  timer.o
    0x08004bd6   0x08004bd6   0x00000002   PAD
    0x08004bd8   0x08004bd8   0x00000378   Code   RO         1618    .text.rt_vsnprintf  kservice.o
    0x08004f50   0x08004f50   0x00000010   Code   RO         1626    .text.rt_vsprintf   kservice.o
    0x08004f60   0x08004f60   0x00000004   Code   RO         1449    .text.rti_board_end  components.o
    0x08004f64   0x08004f64   0x00000004   Code   RO         1447    .text.rti_board_start  components.o
    0x08004f68   0x08004f68   0x00000004   Code   RO         1451    .text.rti_end       components.o
    0x08004f6c   0x08004f6c   0x00000004   Code   RO         1445    .text.rti_start     components.o
    0x08004f70   0x08004f70   0x0000002a   Code   RO         1459    .text.rtthread_startup  components.o
    0x08004f9a   0x08004f9a   0x00000002   PAD
    0x08004f9c   0x08004f9c   0x00000034   Code   RO         1370    .text.shell_auto_complete  shell.o
    0x08004fd0   0x08004fd0   0x00000044   Code   RO         1293    .text.show_wait_queue  cmd.o
    0x08005014   0x08005014   0x00000040   Code   RO         1620    .text.skip_atoi     kservice.o
    0x08005054   0x08005054   0x00000026   Code   RO         1320    .text.str_common    msh.o
    0x0800507a   0x0800507a   0x00000002   PAD
    0x0800507c   0x0800507c   0x00000036   Code   RO         1873    .text.uart_init     board.o
    0x080050b2   0x080050b2   0x00000002   PAD
    0x080050b4   0x080050b4   0x000000d8   Code   RO         1411    .text.usage_fault_track  cpuport.o
    0x0800518c   0x0800518c   0x0000000a   Code   RO         1277    .text.version       cmd.o
    0x08005196   0x08005196   0x0000000e   Code   RO         1974    i.__scatterload_copy  mc_w.l(handlers.o)
    0x080051a4   0x080051a4   0x00000002   Code   RO         1975    i.__scatterload_null  mc_w.l(handlers.o)
    0x080051a6   0x080051a6   0x0000000e   Code   RO         1976    i.__scatterload_zeroinit  mc_w.l(handlers.o)
    0x080051b4   0x080051b4   0x00000010   Data   RO         1265    .rodata.AHBPrescTable  system_stm32g4xx.o
    0x080051c4   0x080051c4   0x00000008   Data   RO         1266    .rodata.APBPrescTable  system_stm32g4xx.o
    0x080051cc   0x080051cc   0x00000018   Data   RO         1206    .rodata.UARTPrescTable  stm32g4xx_hal_uart.o
    0x080051e4   0x080051e4   0x00000100   Data   RO         1662    .rodata.__lowest_bit_bitmap  kservice.o
    0x080052e4   0x080052e4   0x00000010   Data   RO         1251    .rodata.cst8        stm32g4xx_hal_uart_ex.o
    0x080052f4   0x080052f4   0x000000e2   Data   RO         1301    .rodata.name        cmd.o
    0x080053d6   0x080053d6   0x0000001b   Data   RO         1327    .rodata.name        msh.o
    0x080053f1   0x080053f1   0x00000015   Data   RO         1880    .rodata.name        board.o
    0x08005406   0x08005406   0x00000107   Data   RO         1303    .rodata.str1.1      cmd.o
    0x0800550d   0x0800550d   0x00000005   Data   RO         1381    .rodata.str1.1      shell.o
    0x08005512   0x08005512   0x00000093   Data   RO         1414    .rodata.str1.1      cpuport.o
    0x080055a5   0x080055a5   0x00000082   Data   RO         1659    .rodata.str1.1      kservice.o
    0x08005627   0x08005627   0x00000001   PAD
    0x08005628   0x08005628   0x00000004   Data   RO         1465    .rti_fn.0           components.o
    0x0800562c   0x0800562c   0x00000004   Data   RO         1466    .rti_fn.0.end       components.o
    0x08005630   0x08005630   0x00000004   Data   RO         1882    .rti_fn.1           board.o
    0x08005634   0x08005634   0x00000004   Data   RO         1467    .rti_fn.1.end       components.o
    0x08005638   0x08005638   0x00000004   Data   RO         1382    .rti_fn.6           shell.o
    0x0800563c   0x0800563c   0x00000004   Data   RO         1896    .rti_fn.6           led_app.o
    0x08005640   0x08005640   0x00000004   Data   RO         1468    .rti_fn.6.end       components.o
    0x08005644   0x08005644   0x00000054   Data   RO         1302    FSymTab             cmd.o
    0x08005698   0x08005698   0x0000000c   Data   RO         1328    FSymTab             msh.o
    0x080056a4   0x080056a4   0x0000000c   Data   RO         1881    FSymTab             board.o
    0x080056b0   0x080056b0   0x00000020   Data   RO         1973    Region$$Table       anon$$obj.o


    Execution Region RW_IRAM1 (Exec base: 0x20000000, Load base: 0x080056d0, Size: 0x000045a8, Max: 0x00020000, ABSOLUTE)

    Exec Addr    Load Addr    Size         Type   Attr      Idx    E Section Name        Object

    0x20000000   0x080056d0   0x00000004   Data   RW         1264    .data.SystemCoreClock  system_stm32g4xx.o
    0x20000004   0x080056d4   0x00000050   Data   RW         1717    .data._object_container  object.o
    0x20000054   0x08005724   0x00000008   Data   RW         1494    .data._rt_thread_defunct  idle.o
    0x2000005c   0x0800572c   0x00000004   Data   RW          171    .data.uwTickFreq    stm32g4xx_hal.o
    0x20000060   0x08005730   0x00000004   Data   RW          170    .data.uwTickPrio    stm32g4xx_hal.o
    0x20000064   0x08005734   0x00000004   PAD
    0x20000068        -       0x00000094   Zero   RW         1883    .bss.UartHandle     board.o
    0x200000fc        -       0x00000004   Zero   RW         1376    .bss._syscall_table_begin  shell.o
    0x20000100        -       0x00000004   Zero   RW         1377    .bss._syscall_table_end  shell.o
    0x20000104        -       0x00000008   Zero   RW         1854    .bss._timer_list    timer.o
    0x2000010c        -       0x00000081   Zero   RW         1379    .bss.finsh_get_prompt.finsh_prompt  shell.o
    0x2000018d   0x08005734   0x00000003   PAD
    0x20000190        -       0x00000004   Zero   RW         1378    .bss.finsh_prompt_custom  shell.o
    0x20000194        -       0x0000004c   Zero   RW           85    .bss.htim1          stm32g4xx_hal_timebase_tim.o
    0x200001e0        -       0x00000094   Zero   RW           43    .bss.huart1         usart.o
    0x20000274        -       0x00000078   Zero   RW         1495    .bss.idle           idle.o
    0x200002ec        -       0x00000001   Zero   RW         1758    .bss.rt_current_priority  scheduler.o
    0x200002ed   0x08005734   0x00000003   PAD
    0x200002f0        -       0x00000004   Zero   RW         1754    .bss.rt_current_thread  scheduler.o
    0x200002f4        -       0x00000004   Zero   RW         1413    .bss.rt_exception_hook  cpuport.o
    0x200002f8        -       0x00003c00   Zero   RW         1879    .bss.rt_heap        board.o
    0x20003ef8        -       0x00000004   Zero   RW         1415    .bss.rt_interrupt_from_thread  cpuport.o
    0x20003efc        -       0x00000001   Zero   RW         1567    .bss.rt_interrupt_nest  irq.o
    0x20003efd   0x08005734   0x00000003   PAD
    0x20003f00        -       0x00000004   Zero   RW         1416    .bss.rt_interrupt_to_thread  cpuport.o
    0x20003f04        -       0x00000080   Zero   RW         1660    .bss.rt_kprintf.rt_log_buf  kservice.o
    0x20003f84        -       0x00000002   Zero   RW         1755    .bss.rt_scheduler_lock_nest  scheduler.o
    0x20003f86   0x08005734   0x00000002   PAD
    0x20003f88        -       0x00000100   Zero   RW         1756    .bss.rt_thread_priority_table  scheduler.o
    0x20004088        -       0x00000004   Zero   RW         1757    .bss.rt_thread_ready_priority_group  scheduler.o
    0x2000408c        -       0x00000100   Zero   RW         1496    .bss.rt_thread_stack  idle.o
    0x2000418c        -       0x00000004   Zero   RW         1417    .bss.rt_thread_switch_interrupt_flag  cpuport.o
    0x20004190        -       0x00000004   Zero   RW         1436    .bss.rt_tick        clock.o
    0x20004194        -       0x00000004   Zero   RW         1853    .bss.rt_timer_start.random_nr  timer.o
    0x20004198        -       0x00000004   Zero   RW         1380    .bss.shell          shell.o
    0x2000419c        -       0x00000004   Zero   RW         1661    .bss.system_heap    kservice.o
    0x200041a0        -       0x00000004   Zero   RW          172    .bss.uwTick         stm32g4xx_hal.o
    0x200041a4   0x08005734   0x00000004   PAD
    0x200041a8        -       0x00000400   Zero   RW            1    STACK               startup_stm32g473xx.o


==============================================================================

Image component sizes


      Code (inc. data)   RO Data    RW Data    ZI Data      Debug   Object Name

       294          0         37          0      15508       6103   board.o
       148          0          0          0          4       2608   clock.o
      1926        580        573          0          0       9912   cmd.o
       220          8         16          0          0       3116   components.o
       316         28          0          0          0        896   context_rvds.o
      1288        524        147          0         16       3597   cpuport.o
       142          0          0          0          0       2343   gpio.o
       258          8          0          8        376       3572   idle.o
        46          0          0          0          0      11302   ipc.o
        52          0          0          0          1       1115   irq.o
      2376        382        386          0        132      17326   kservice.o
       108         20          4          0          0       2386   led_app.o
       180          0          0          0          0       5643   main.o
       590         68          0          0          0       5152   mem.o
       870        104         39          0          0       4579   msh.o
       294          0          0         80          0       5649   object.o
       710          0          0          0        267       5198   scheduler.o
      1262        216          9          0        145       5410   shell.o
        36          8        472          0       1024        820   startup_stm32g473xx.o
        68          0          0          8          4       9282   stm32g4xx_hal.o
       258          0          0          0          0      10515   stm32g4xx_hal_cortex.o
       442          0          0          0          0       5247   stm32g4xx_hal_gpio.o
        56          0          0          0          0       1586   stm32g4xx_hal_msp.o
       244          0          0          0          0       8727   stm32g4xx_hal_pwr_ex.o
      1972          0          0          0          0       9277   stm32g4xx_hal_rcc.o
       756          0          0          0          0      11124   stm32g4xx_hal_rcc_ex.o
      1072          0          0          0          0      47177   stm32g4xx_hal_tim.o
        14          0          0          0          0      26322   stm32g4xx_hal_tim_ex.o
       160          0          0          0         76       8213   stm32g4xx_hal_timebase_tim.o
      1734         62         24          0          0      32819   stm32g4xx_hal_uart.o
       286          0         16          0          0      10162   stm32g4xx_hal_uart_ex.o
        26          0          0          0          0        790   stm32g4xx_it.o
       136          0         24          4          0       2724   system_stm32g4xx.o
       642          0          0          0          0       8125   thread.o
       626          6          0          0         12       6788   timer.o
       270          0          0          0        148       6623   usart.o

    ----------------------------------------------------------------------
     20066       2014       1780        100      17732     302228   Object Totals
         0          0         32          0          0          0   (incl. Generated)
       188          0          1          0         19          0   (incl. Padding)

    ----------------------------------------------------------------------

      Code (inc. data)   RO Data    RW Data    ZI Data      Debug   Library Member Name

         0          0          0          0          0          0   entry.o
         0          0          0          0          0          0   entry10a.o
         0          0          0          0          0          0   entry11a.o
         8          4          0          0          0          0   entry2.o
         4          0          0          0          0          0   entry5.o
         0          0          0          0          0          0   entry7b.o
         0          0          0          0          0          0   entry8b.o
         8          4          0          0          0          0   entry9a.o
        30          0          0          0          0          0   handlers.o
        36          8          0          0          0         68   init.o
        30          0          0          0          0         68   llshl.o
        32          0          0          0          0         68   llushr.o
        36          0          0          0          0        108   memseta.o
        28          0          0          0          0         76   strcmp.o
        14          0          0          0          0         68   strlen.o
        30          0          0          0          0         80   strncmp.o
        24          0          0          0          0         76   strncpy.o
        98          0          0          0          0         92   uldiv.o

    ----------------------------------------------------------------------
       378         16          0          0          0        704   Library Totals
         0          0          0          0          0          0   (incl. Padding)

    ----------------------------------------------------------------------

      Code (inc. data)   RO Data    RW Data    ZI Data      Debug   Library Name

       378         16          0          0          0        704   mc_w.l

    ----------------------------------------------------------------------
       378         16          0          0          0        704   Library Totals

    ----------------------------------------------------------------------

==============================================================================


      Code (inc. data)   RO Data    RW Data    ZI Data      Debug   

     20444       2030       1780        100      17732     302248   Grand Totals
     20444       2030       1780        100      17732     302248   ELF Image Totals
     20444       2030       1780        100          0          0   ROM Totals

==============================================================================

    Total RO  Size (Code + RO Data)                22224 (  21.70kB)
    Total RW  Size (RW Data + ZI Data)             17832 (  17.41kB)
    Total ROM Size (Code + RO Data + RW Data)      22324 (  21.80kB)

==============================================================================

