<html>
<body>
<pre>
<h1>µVision Build Log</h1>
<h2>Tool Versions:</h2>
IDE-Version: ¦ÌVision V5.31.0.0
Copyright (C) 2020 ARM Ltd and ARM Germany GmbH. All rights reserved.
License Information: 2 Administrator, 2, LIC=D0D7S-LWJYH-JJ76S-L3027-NY0SU-Q0V4A
 
Tool Versions:
Toolchain:       MDK-ARM Plus  Version: 5.31.0.0
Toolchain Path:  C:\Keil_v5\ARM\ARMCLANG\Bin
C Compiler:      ArmClang.exe V6.14
Assembler:       Armasm.exe V6.14
Linker/Locator:  ArmLink.exe V6.14
Library Manager: ArmAr.exe V6.14
Hex Converter:   FromElf.exe V6.14
CPU DLL:         SARMCM3.DLL V5.31.0.0
Dialog DLL:      DCM.DLL V1.17.3.0
Target DLL:      CMSIS_AGDI.dll V1.32.6.0
Dialog DLL:      TCM.DLL V1.46.0.0
 
<h2>Project:</h2>
C:\Users\Administrator\Desktop\FOC_demo\MDK-ARM\FOC_demo.uvprojx
Project File Date:  03/26/2025

<h2>Output:</h2>
*** Using Compiler 'V6.14', folder: 'C:\Keil_v5\ARM\ARMCLANG\Bin'
Rebuild target 'FOC_demo'
assembling startup_stm32g473xx.s...
compiling gpio.c...
compiling main.c...
compiling init.c...
compiling adc.c...
compiling stm32g4xx_hal_msp.c...
compiling stm32g4xx_it.c...
compiling usart.c...
compiling stm32g4xx_hal_timebase_tim.c...
compiling tim.c...
compiling stm32g4xx_ll_adc.c...
compiling stm32g4xx_hal_tim_ex.c...
compiling stm32g4xx_hal_flash_ramfunc.c...
compiling stm32g4xx_hal.c...
compiling stm32g4xx_hal_gpio.c...
compiling stm32g4xx_hal_flash.c...
compiling stm32g4xx_hal_rcc.c...
compiling stm32g4xx_hal_flash_ex.c...
compiling stm32g4xx_hal_rcc_ex.c...
compiling stm32g4xx_hal_adc_ex.c...
compiling stm32g4xx_hal_adc.c...
compiling stm32g4xx_hal_exti.c...
compiling stm32g4xx_hal_dma_ex.c...
compiling stm32g4xx_hal_pwr.c...
compiling stm32g4xx_hal_dma.c...
compiling stm32g4xx_hal_pwr_ex.c...
compiling stm32g4xx_hal_tim.c...
compiling stm32g4xx_hal_cortex.c...
compiling system_stm32g4xx.c...
compiling stm32g4xx_hal_uart_ex.c...
compiling led_app.c...
compiling svpwm_clarke_park.c...
compiling arm_cos_f32.c...
compiling foc_run.c...
compiling msh_file.c...
compiling arm_sin_f32.c...
compiling msh_parse.c...
compiling msh.c...
compiling cmd.c...
compiling shell.c...
assembling context_rvds.S...
compiling cpuport.c...
compiling clock.c...
compiling cpu.c...
compiling components.c...
compiling idle.c...
compiling stm32g4xx_hal_uart.c...
compiling irq.c...
compiling ipc.c...
compiling memheap.c...
compiling mem.c...
compiling mempool.c...
compiling slab.c...
compiling signal.c...
compiling object.c...
compiling scheduler.c...
compiling thread.c...
compiling kservice.c...
compiling timer.c...
compiling board.c...
compiling arm_common_tables.c...
linking...
Program Size: Code=34686 RO-data=3802 RW-data=104 ZI-data=18136  
FromELF: creating hex file...
"FOC_demo\FOC_demo.axf" - 0 Error(s), 0 Warning(s).

<h2>Software Packages used:</h2>

Package Vendor: ARM
                http://www.keil.com/pack/ARM.CMSIS.5.9.0.pack
                ARM.CMSIS.5.9.0
                CMSIS (Common Microcontroller Software Interface Standard)
   * Component: CORE Version: 5.6.0

Package Vendor: Keil
                https://www.keil.com/pack/Keil.STM32G4xx_DFP.1.5.0.pack
                Keil.STM32G4xx_DFP.1.5.0
                STMicroelectronics STM32G4 Series Device Support, Drivers and Examples

<h2>Collection of Component include folders:</h2>
  .\RTE\_FOC_demo
  C:\Users\Administrator\AppData\Local\Arm\Packs\ARM\CMSIS\5.9.0\CMSIS\Core\Include
  C:\Users\Administrator\AppData\Local\Arm\Packs\Keil\STM32G4xx_DFP\1.5.0\Drivers\CMSIS\Device\ST\STM32G4xx\Include

<h2>Collection of Component Files used:</h2>

   * Component: ARM::CMSIS:CORE:5.6.0
      Include file:  CMSIS\Core\Include\tz_context.h
Build Time Elapsed:  00:00:02
</pre>
</body>
</html>
