Component: ARM Compiler 6.14 Tool: armlink [5db06800]

==============================================================================

Section Cross References

    startup_stm32g473xx.o(RESET) refers to startup_stm32g473xx.o(STACK) for __initial_sp
    startup_stm32g473xx.o(RESET) refers to startup_stm32g473xx.o(.text) for Reset_Handler
    startup_stm32g473xx.o(RESET) refers to stm32g4xx_it.o(.text.NMI_Handler) for NMI_Handler
    startup_stm32g473xx.o(RESET) refers to context_rvds.o(.text) for HardFault_Handler
    startup_stm32g473xx.o(RESET) refers to stm32g4xx_it.o(.text.MemManage_Handler) for MemManage_Handler
    startup_stm32g473xx.o(RESET) refers to stm32g4xx_it.o(.text.BusFault_Handler) for BusFault_Handler
    startup_stm32g473xx.o(RESET) refers to stm32g4xx_it.o(.text.UsageFault_Handler) for UsageFault_Handler
    startup_stm32g473xx.o(RESET) refers to stm32g4xx_it.o(.text.DebugMon_Handler) for DebugMon_Handler
    startup_stm32g473xx.o(RESET) refers to board.o(.text.SysTick_Handler) for SysTick_Handler
    startup_stm32g473xx.o(RESET) refers to stm32g4xx_it.o(.text.TIM4_IRQHandler) for TIM4_IRQHandler
    startup_stm32g473xx.o(.text) refers to system_stm32g4xx.o(.text.SystemInit) for SystemInit
    startup_stm32g473xx.o(.text) refers to entry.o(.ARM.Collect$$$$00000000) for __main
    main.o(.text.main) refers to stm32g4xx_hal.o(.text.HAL_Init) for HAL_Init
    main.o(.text.main) refers to main.o(.text.SystemClock_Config) for SystemClock_Config
    main.o(.text.main) refers to gpio.o(.text.MX_GPIO_Init) for MX_GPIO_Init
    main.o(.text.main) refers to usart.o(.text.MX_USART1_UART_Init) for MX_USART1_UART_Init
    main.o(.text.main) refers to tim.o(.text.MX_TIM1_Init) for MX_TIM1_Init
    main.o(.text.main) refers to init.o(.text.Hardware_Init) for Hardware_Init
    main.o(.text.main) refers to stm32g4xx_hal_gpio.o(.text.HAL_GPIO_TogglePin) for HAL_GPIO_TogglePin
    main.o(.text.main) refers to thread.o(.text.rt_thread_mdelay) for rt_thread_mdelay
    main.o(.ARM.exidx.text.main) refers to main.o(.text.main) for [Anonymous Symbol]
    main.o(.text.SystemClock_Config) refers to memseta.o(.text) for __aeabi_memclr4
    main.o(.text.SystemClock_Config) refers to stm32g4xx_hal_pwr_ex.o(.text.HAL_PWREx_ControlVoltageScaling) for HAL_PWREx_ControlVoltageScaling
    main.o(.text.SystemClock_Config) refers to stm32g4xx_hal_rcc.o(.text.HAL_RCC_OscConfig) for HAL_RCC_OscConfig
    main.o(.text.SystemClock_Config) refers to stm32g4xx_hal_rcc.o(.text.HAL_RCC_ClockConfig) for HAL_RCC_ClockConfig
    main.o(.text.SystemClock_Config) refers to main.o(.text.Error_Handler) for Error_Handler
    main.o(.ARM.exidx.text.SystemClock_Config) refers to main.o(.text.SystemClock_Config) for [Anonymous Symbol]
    main.o(.ARM.exidx.text.Error_Handler) refers to main.o(.text.Error_Handler) for [Anonymous Symbol]
    main.o(.text.HAL_TIM_PeriodElapsedCallback) refers to stm32g4xx_hal.o(.text.HAL_IncTick) for HAL_IncTick
    main.o(.ARM.exidx.text.HAL_TIM_PeriodElapsedCallback) refers to main.o(.text.HAL_TIM_PeriodElapsedCallback) for [Anonymous Symbol]
    gpio.o(.text.MX_GPIO_Init) refers to stm32g4xx_hal_gpio.o(.text.HAL_GPIO_WritePin) for HAL_GPIO_WritePin
    gpio.o(.text.MX_GPIO_Init) refers to stm32g4xx_hal_gpio.o(.text.HAL_GPIO_Init) for HAL_GPIO_Init
    gpio.o(.ARM.exidx.text.MX_GPIO_Init) refers to gpio.o(.text.MX_GPIO_Init) for [Anonymous Symbol]
    tim.o(.text.MX_TIM1_Init) refers to memseta.o(.text) for __aeabi_memclr4
    tim.o(.text.MX_TIM1_Init) refers to tim.o(.bss.htim1) for htim1
    tim.o(.text.MX_TIM1_Init) refers to stm32g4xx_hal_tim.o(.text.HAL_TIM_Base_Init) for HAL_TIM_Base_Init
    tim.o(.text.MX_TIM1_Init) refers to main.o(.text.Error_Handler) for Error_Handler
    tim.o(.text.MX_TIM1_Init) refers to stm32g4xx_hal_tim.o(.text.HAL_TIM_ConfigClockSource) for HAL_TIM_ConfigClockSource
    tim.o(.text.MX_TIM1_Init) refers to stm32g4xx_hal_tim.o(.text.HAL_TIM_PWM_Init) for HAL_TIM_PWM_Init
    tim.o(.text.MX_TIM1_Init) refers to stm32g4xx_hal_tim_ex.o(.text.HAL_TIMEx_MasterConfigSynchronization) for HAL_TIMEx_MasterConfigSynchronization
    tim.o(.text.MX_TIM1_Init) refers to stm32g4xx_hal_tim.o(.text.HAL_TIM_PWM_ConfigChannel) for HAL_TIM_PWM_ConfigChannel
    tim.o(.text.MX_TIM1_Init) refers to stm32g4xx_hal_tim_ex.o(.text.HAL_TIMEx_ConfigBreakDeadTime) for HAL_TIMEx_ConfigBreakDeadTime
    tim.o(.text.MX_TIM1_Init) refers to tim.o(.text.HAL_TIM_MspPostInit) for HAL_TIM_MspPostInit
    tim.o(.ARM.exidx.text.MX_TIM1_Init) refers to tim.o(.text.MX_TIM1_Init) for [Anonymous Symbol]
    tim.o(.text.HAL_TIM_MspPostInit) refers to stm32g4xx_hal_gpio.o(.text.HAL_GPIO_Init) for HAL_GPIO_Init
    tim.o(.ARM.exidx.text.HAL_TIM_MspPostInit) refers to tim.o(.text.HAL_TIM_MspPostInit) for [Anonymous Symbol]
    tim.o(.ARM.exidx.text.HAL_TIM_Base_MspInit) refers to tim.o(.text.HAL_TIM_Base_MspInit) for [Anonymous Symbol]
[...]
    .L.str.30                                0x08006195   Data           2  cmd.o(.rodata.str1.1)
    .L.str.6                                 0x08006195   Data           2  cmd.o(.rodata.str1.1)
    .L.str.25                                0x08006197   Data          13  cmd.o(.rodata.str1.1)
    .L.str.6                                 0x080061a4   Data           9  cmd.o(.rodata.str1.1)
    .L.str.7                                 0x080061ad   Data           9  cmd.o(.rodata.str1.1)
    .L.str.4                                 0x080061b6   Data           9  cmd.o(.rodata.str1.1)
    .L.str.26                                0x080061bf   Data          13  cmd.o(.rodata.str1.1)
    .L.str                                   0x080061cc   Data           7  cmd.o(.rodata.str1.1)
    .L.str.5                                 0x080061d3   Data           9  cmd.o(.rodata.str1.1)
    .L.str.16                                0x080061dc   Data           9  cmd.o(.rodata.str1.1)
    .L.str.8                                 0x080061e5   Data           9  cmd.o(.rodata.str1.1)
    .L.str.21                                0x080061ee   Data           6  cmd.o(.rodata.str1.1)
    .L.str.2                                 0x080061f4   Data           2  shell.o(.rodata.str1.1)
    [Anonymous Symbol]                       0x080061f4   Section        0  shell.o(.rodata.str1.1)
    .L.str.3                                 0x080061f6   Data           3  shell.o(.rodata.str1.1)
    .L.str.17                                0x080061f9   Data          26  cpuport.o(.rodata.str1.1)
    [Anonymous Symbol]                       0x080061f9   Section        0  cpuport.o(.rodata.str1.1)
    .L.str.16                                0x08006213   Data          29  cpuport.o(.rodata.str1.1)
    .L.str.18                                0x08006230   Data          14  cpuport.o(.rodata.str1.1)
    .L.str.1                                 0x0800623e   Data          13  cpuport.o(.rodata.str1.1)
    .L.str.2                                 0x0800624b   Data          13  cpuport.o(.rodata.str1.1)
    .L.str.3                                 0x08006258   Data          13  cpuport.o(.rodata.str1.1)
    .L.str.4                                 0x08006265   Data          13  cpuport.o(.rodata.str1.1)
    .L.str.5                                 0x08006272   Data          13  cpuport.o(.rodata.str1.1)
    .L.str                                   0x0800627f   Data          13  cpuport.o(.rodata.str1.1)
    .L.str                                   0x0800628c   Data           9  kservice.o(.rodata.str1.1)
    [Anonymous Symbol]                       0x0800628c   Section        0  kservice.o(.rodata.str1.1)
    .L.str.6                                 0x08006295   Data           7  kservice.o(.rodata.str1.1)
    print_number.large_digits                0x0800629c   Data          17  kservice.o(.rodata.str1.1)
    .L.str.8                                 0x080062ad   Data           3  kservice.o(.rodata.str1.1)
    .L.str.18                                0x080062b0   Data           7  kservice.o(.rodata.str1.1)
    .L.str.11                                0x080062b7   Data           8  kservice.o(.rodata.str1.1)
    .L.str.13                                0x080062bf   Data           7  kservice.o(.rodata.str1.1)
    .L.str.16                                0x080062c6   Data           4  kservice.o(.rodata.str1.1)
    .L.str.9                                 0x080062ca   Data           6  kservice.o(.rodata.str1.1)
    .L.str.14                                0x080062d0   Data           7  kservice.o(.rodata.str1.1)
    .L.str.17                                0x080062d7   Data           8  kservice.o(.rodata.str1.1)
    .L.str.10                                0x080062df   Data           8  kservice.o(.rodata.str1.1)
    .L.str.19                                0x080062e7   Data           8  kservice.o(.rodata.str1.1)
    .L.str.15                                0x080062ef   Data           6  kservice.o(.rodata.str1.1)
    .L.str.12                                0x080062f5   Data           8  kservice.o(.rodata.str1.1)
    print_number.small_digits                0x080062fd   Data          17  kservice.o(.rodata.str1.1)
    __tagsym$$used.0                         0x08006310   Number         0  components.o(.rti_fn.0)
    __tagsym$$used.1                         0x08006314   Number         0  components.o(.rti_fn.0.end)
    __tagsym$$used.0                         0x08006318   Number         0  board.o(.rti_fn.1)
    __tagsym$$used.2                         0x0800631c   Number         0  components.o(.rti_fn.1.end)
    __tagsym$$used.0                         0x08006320   Number         0  led_app.o(.rti_fn.6)
    __tagsym$$used.0                         0x08006324   Number         0  shell.o(.rti_fn.6)
    __tagsym$$used.3                         0x08006328   Number         0  components.o(.rti_fn.6.end)
    __tagsym$$used.0                         0x0800632c   Number         0  cmd.o(FSymTab)
    __tagsym$$used.1                         0x08006338   Number         0  cmd.o(FSymTab)
    __tagsym$$used.2                         0x08006344   Number         0  cmd.o(FSymTab)
    __tagsym$$used.3                         0x08006350   Number         0  cmd.o(FSymTab)
    __tagsym$$used.4                         0x0800635c   Number         0  cmd.o(FSymTab)
    __tagsym$$used.5                         0x08006368   Number         0  cmd.o(FSymTab)
    __tagsym$$used.6                         0x08006374   Number         0  cmd.o(FSymTab)
    __tagsym$$used.0                         0x08006380   Number         0  msh.o(FSymTab)
    _object_container                        0x20000004   Data          80  object.o(.data._object_container)
    [Anonymous Symbol]                       0x20000004   Section        0  object.o(.data._object_container)
    _rt_thread_defunct                       0x20000054   Data           8  idle.o(.data._rt_thread_defunct)
    [Anonymous Symbol]                       0x20000054   Section        0  idle.o(.data._rt_thread_defunct)
    UartHandle                               0x20000068   Data         148  board.o(.bss.UartHandle)
    [Anonymous Symbol]                       0x20000068   Section        0  board.o(.bss.UartHandle)
    _timer_list                              0x20000104   Data           8  timer.o(.bss._timer_list)
    [Anonymous Symbol]                       0x20000104   Section        0  timer.o(.bss._timer_list)
    finsh_get_prompt.finsh_prompt            0x2000010c   Data         129  shell.o(.bss.finsh_get_prompt.finsh_prompt)
    [Anonymous Symbol]                       0x2000010c   Section        0  shell.o(.bss.finsh_get_prompt.finsh_prompt)
    finsh_prompt_custom                      0x20000190   Data           4  shell.o(.bss.finsh_prompt_custom)
    [Anonymous Symbol]                       0x20000190   Section        0  shell.o(.bss.finsh_prompt_custom)
    idle                                     0x200002c0   Data         120  idle.o(.bss.idle)
    [Anonymous Symbol]                       0x200002c0   Section        0  idle.o(.bss.idle)
    rt_exception_hook                        0x20000340   Data           4  cpuport.o(.bss.rt_exception_hook)
    [Anonymous Symbol]                       0x20000340   Section        0  cpuport.o(.bss.rt_exception_hook)
    rt_heap                                  0x20000344   Data       15360  board.o(.bss.rt_heap)
    [Anonymous Symbol]                       0x20000344   Section        0  board.o(.bss.rt_heap)
    rt_kprintf.rt_log_buf                    0x20003f50   Data         128  kservice.o(.bss.rt_kprintf.rt_log_buf)
    [Anonymous Symbol]                       0x20003f50   Section        0  kservice.o(.bss.rt_kprintf.rt_log_buf)
    rt_scheduler_lock_nest                   0x20003fd0   Data           2  scheduler.o(.bss.rt_scheduler_lock_nest)
    [Anonymous Symbol]                       0x20003fd0   Section        0  scheduler.o(.bss.rt_scheduler_lock_nest)
    rt_thread_stack                          0x200040d8   Data         256  idle.o(.bss.rt_thread_stack)
    [Anonymous Symbol]                       0x200040d8   Section        0  idle.o(.bss.rt_thread_stack)
    rt_tick                                  0x200041dc   Data           4  clock.o(.bss.rt_tick)
    [Anonymous Symbol]                       0x200041dc   Section        0  clock.o(.bss.rt_tick)
    rt_timer_start.random_nr                 0x200041e0   Data           4  timer.o(.bss.rt_timer_start.random_nr)
    [Anonymous Symbol]                       0x200041e0   Section        0  timer.o(.bss.rt_timer_start.random_nr)
    system_heap                              0x200041e8   Data           4  kservice.o(.bss.system_heap)
    [Anonymous Symbol]                       0x200041e8   Section        0  kservice.o(.bss.system_heap)
    STACK                                    0x200041f0   Section     1024  startup_stm32g473xx.o(STACK)

    Global Symbols

    Symbol Name                              Value     Ov Type        Size  Object(Section)

    BuildAttributes$$THM_ISAv4$E$P$D$K$B$S$7EM$VFPi3$EXTD16$VFPS$VFMA$PE$A:L22UL41UL21$X:L11$S22US41US21$IEEE1$IW$~IW$USESV6$~STKCKD$USESV7$~SHL$OTIME$EBA8$MICROLIB$REQ8$PRES8$EABIv2 0x00000000   Number         0  anon$$obj.o ABSOLUTE
    __cpp_initialize__aeabi_                  - Undefined Weak Reference
    __cxa_finalize                            - Undefined Weak Reference
    __decompress                              - Undefined Weak Reference
    _clock_init                               - Undefined Weak Reference
    _microlib_exit                            - Undefined Weak Reference
    __Vectors_Size                           0x000001d8   Number         0  startup_stm32g473xx.o ABSOLUTE
    __Vectors                                0x08000000   Data           4  startup_stm32g473xx.o(RESET)
    __Vectors_End                            0x080001d8   Data           0  startup_stm32g473xx.o(RESET)
    __main                                   0x080001d9   Thumb Code     0  entry.o(.ARM.Collect$$$$00000000)
    _main_stk                                0x080001d9   Thumb Code     0  entry2.o(.ARM.Collect$$$$00000001)
    _main_scatterload                        0x080001dd   Thumb Code     0  entry5.o(.ARM.Collect$$$$00000004)
    __main_after_scatterload                 0x080001e1   Thumb Code     0  entry5.o(.ARM.Collect$$$$00000004)
    _main_clock                              0x080001e1   Thumb Code     0  entry7b.o(.ARM.Collect$$$$00000008)
    _main_cpp_init                           0x080001e1   Thumb Code     0  entry8b.o(.ARM.Collect$$$$0000000A)
    _main_init                               0x080001e1   Thumb Code     0  entry9a.o(.ARM.Collect$$$$0000000B)
    __rt_final_cpp                           0x080001e9   Thumb Code     0  entry10a.o(.ARM.Collect$$$$0000000D)
    __rt_final_exit                          0x080001e9   Thumb Code     0  entry11a.o(.ARM.Collect$$$$0000000F)
    Reset_Handler                            0x080001ed   Thumb Code     8  startup_stm32g473xx.o(.text)
    SVC_Handler                              0x080001ff   Thumb Code     2  startup_stm32g473xx.o(.text)
    ADC1_2_IRQHandler                        0x08000207   Thumb Code     0  startup_stm32g473xx.o(.text)
    ADC3_IRQHandler                          0x08000207   Thumb Code     0  startup_stm32g473xx.o(.text)
    ADC4_IRQHandler                          0x08000207   Thumb Code     0  startup_stm32g473xx.o(.text)
    ADC5_IRQHandler                          0x08000207   Thumb Code     0  startup_stm32g473xx.o(.text)
    COMP1_2_3_IRQHandler                     0x08000207   Thumb Code     0  startup_stm32g473xx.o(.text)
    COMP4_5_6_IRQHandler                     0x08000207   Thumb Code     0  startup_stm32g473xx.o(.text)
    COMP7_IRQHandler                         0x08000207   Thumb Code     0  startup_stm32g473xx.o(.text)
    CORDIC_IRQHandler                        0x08000207   Thumb Code     0  startup_stm32g473xx.o(.text)
    CRS_IRQHandler                           0x08000207   Thumb Code     0  startup_stm32g473xx.o(.text)
    DMA1_Channel1_IRQHandler                 0x08000207   Thumb Code     0  startup_stm32g473xx.o(.text)
    DMA1_Channel2_IRQHandler                 0x08000207   Thumb Code     0  startup_stm32g473xx.o(.text)
    DMA1_Channel3_IRQHandler                 0x08000207   Thumb Code     0  startup_stm32g473xx.o(.text)
    DMA1_Channel4_IRQHandler                 0x08000207   Thumb Code     0  startup_stm32g473xx.o(.text)
    DMA1_Channel5_IRQHandler                 0x08000207   Thumb Code     0  startup_stm32g473xx.o(.text)
    DMA1_Channel6_IRQHandler                 0x08000207   Thumb Code     0  startup_stm32g473xx.o(.text)
    DMA1_Channel7_IRQHandler                 0x08000207   Thumb Code     0  startup_stm32g473xx.o(.text)
    DMA1_Channel8_IRQHandler                 0x08000207   Thumb Code     0  startup_stm32g473xx.o(.text)
    DMA2_Channel1_IRQHandler                 0x08000207   Thumb Code     0  startup_stm32g473xx.o(.text)
    DMA2_Channel2_IRQHandler                 0x08000207   Thumb Code     0  startup_stm32g473xx.o(.text)
    DMA2_Channel3_IRQHandler                 0x08000207   Thumb Code     0  startup_stm32g473xx.o(.text)
    DMA2_Channel4_IRQHandler                 0x08000207   Thumb Code     0  startup_stm32g473xx.o(.text)
    DMA2_Channel5_IRQHandler                 0x08000207   Thumb Code     0  startup_stm32g473xx.o(.text)
    DMA2_Channel6_IRQHandler                 0x08000207   Thumb Code     0  startup_stm32g473xx.o(.text)
    DMA2_Channel7_IRQHandler                 0x08000207   Thumb Code     0  startup_stm32g473xx.o(.text)
    DMA2_Channel8_IRQHandler                 0x08000207   Thumb Code     0  startup_stm32g473xx.o(.text)
    DMAMUX_OVR_IRQHandler                    0x08000207   Thumb Code     0  startup_stm32g473xx.o(.text)
    EXTI0_IRQHandler                         0x08000207   Thumb Code     0  startup_stm32g473xx.o(.text)
    EXTI15_10_IRQHandler                     0x08000207   Thumb Code     0  startup_stm32g473xx.o(.text)
    EXTI1_IRQHandler                         0x08000207   Thumb Code     0  startup_stm32g473xx.o(.text)
    EXTI2_IRQHandler                         0x08000207   Thumb Code     0  startup_stm32g473xx.o(.text)
    EXTI3_IRQHandler                         0x08000207   Thumb Code     0  startup_stm32g473xx.o(.text)
    EXTI4_IRQHandler                         0x08000207   Thumb Code     0  startup_stm32g473xx.o(.text)
    EXTI9_5_IRQHandler                       0x08000207   Thumb Code     0  startup_stm32g473xx.o(.text)
    FDCAN1_IT0_IRQHandler                    0x08000207   Thumb Code     0  startup_stm32g473xx.o(.text)
    FDCAN1_IT1_IRQHandler                    0x08000207   Thumb Code     0  startup_stm32g473xx.o(.text)
    FDCAN2_IT0_IRQHandler                    0x08000207   Thumb Code     0  startup_stm32g473xx.o(.text)
    FDCAN2_IT1_IRQHandler                    0x08000207   Thumb Code     0  startup_stm32g473xx.o(.text)
    FDCAN3_IT0_IRQHandler                    0x08000207   Thumb Code     0  startup_stm32g473xx.o(.text)
    FDCAN3_IT1_IRQHandler                    0x08000207   Thumb Code     0  startup_stm32g473xx.o(.text)
    FLASH_IRQHandler                         0x08000207   Thumb Code     0  startup_stm32g473xx.o(.text)
    FMAC_IRQHandler                          0x08000207   Thumb Code     0  startup_stm32g473xx.o(.text)
    FMC_IRQHandler                           0x08000207   Thumb Code     0  startup_stm32g473xx.o(.text)
    FPU_IRQHandler                           0x08000207   Thumb Code     0  startup_stm32g473xx.o(.text)
    I2C1_ER_IRQHandler                       0x08000207   Thumb Code     0  startup_stm32g473xx.o(.text)
    I2C1_EV_IRQHandler                       0x08000207   Thumb Code     0  startup_stm32g473xx.o(.text)
    I2C2_ER_IRQHandler                       0x08000207   Thumb Code     0  startup_stm32g473xx.o(.text)
    I2C2_EV_IRQHandler                       0x08000207   Thumb Code     0  startup_stm32g473xx.o(.text)
    I2C3_ER_IRQHandler                       0x08000207   Thumb Code     0  startup_stm32g473xx.o(.text)
    I2C3_EV_IRQHandler                       0x08000207   Thumb Code     0  startup_stm32g473xx.o(.text)
    I2C4_ER_IRQHandler                       0x08000207   Thumb Code     0  startup_stm32g473xx.o(.text)
    I2C4_EV_IRQHandler                       0x08000207   Thumb Code     0  startup_stm32g473xx.o(.text)
    LPTIM1_IRQHandler                        0x08000207   Thumb Code     0  startup_stm32g473xx.o(.text)
    LPUART1_IRQHandler                       0x08000207   Thumb Code     0  startup_stm32g473xx.o(.text)
    PVD_PVM_IRQHandler                       0x08000207   Thumb Code     0  startup_stm32g473xx.o(.text)
    QUADSPI_IRQHandler                       0x08000207   Thumb Code     0  startup_stm32g473xx.o(.text)
    RCC_IRQHandler                           0x08000207   Thumb Code     0  startup_stm32g473xx.o(.text)
    RNG_IRQHandler                           0x08000207   Thumb Code     0  startup_stm32g473xx.o(.text)
    RTC_Alarm_IRQHandler                     0x08000207   Thumb Code     0  startup_stm32g473xx.o(.text)
    RTC_TAMP_LSECSS_IRQHandler               0x08000207   Thumb Code     0  startup_stm32g473xx.o(.text)
    RTC_WKUP_IRQHandler                      0x08000207   Thumb Code     0  startup_stm32g473xx.o(.text)
    SAI1_IRQHandler                          0x08000207   Thumb Code     0  startup_stm32g473xx.o(.text)
    SPI1_IRQHandler                          0x08000207   Thumb Code     0  startup_stm32g473xx.o(.text)
    SPI2_IRQHandler                          0x08000207   Thumb Code     0  startup_stm32g473xx.o(.text)
    SPI3_IRQHandler                          0x08000207   Thumb Code     0  startup_stm32g473xx.o(.text)
    SPI4_IRQHandler                          0x08000207   Thumb Code     0  startup_stm32g473xx.o(.text)
    TIM1_BRK_TIM15_IRQHandler                0x08000207   Thumb Code     0  startup_stm32g473xx.o(.text)
    TIM1_CC_IRQHandler                       0x08000207   Thumb Code     0  startup_stm32g473xx.o(.text)
    TIM1_TRG_COM_TIM17_IRQHandler            0x08000207   Thumb Code     0  startup_stm32g473xx.o(.text)
    TIM1_UP_TIM16_IRQHandler                 0x08000207   Thumb Code     0  startup_stm32g473xx.o(.text)
    TIM20_BRK_IRQHandler                     0x08000207   Thumb Code     0  startup_stm32g473xx.o(.text)
    TIM20_CC_IRQHandler                      0x08000207   Thumb Code     0  startup_stm32g473xx.o(.text)
    TIM20_TRG_COM_IRQHandler                 0x08000207   Thumb Code     0  startup_stm32g473xx.o(.text)
    TIM20_UP_IRQHandler                      0x08000207   Thumb Code     0  startup_stm32g473xx.o(.text)
    TIM2_IRQHandler                          0x08000207   Thumb Code     0  startup_stm32g473xx.o(.text)
    TIM3_IRQHandler                          0x08000207   Thumb Code     0  startup_stm32g473xx.o(.text)
    TIM5_IRQHandler                          0x08000207   Thumb Code     0  startup_stm32g473xx.o(.text)
    TIM6_DAC_IRQHandler                      0x08000207   Thumb Code     0  startup_stm32g473xx.o(.text)
    TIM7_DAC_IRQHandler                      0x08000207   Thumb Code     0  startup_stm32g473xx.o(.text)
    TIM8_BRK_IRQHandler                      0x08000207   Thumb Code     0  startup_stm32g473xx.o(.text)
    TIM8_CC_IRQHandler                       0x08000207   Thumb Code     0  startup_stm32g473xx.o(.text)
    TIM8_TRG_COM_IRQHandler                  0x08000207   Thumb Code     0  startup_stm32g473xx.o(.text)
    TIM8_UP_IRQHandler                       0x08000207   Thumb Code     0  startup_stm32g473xx.o(.text)
    UART4_IRQHandler                         0x08000207   Thumb Code     0  startup_stm32g473xx.o(.text)
    UART5_IRQHandler                         0x08000207   Thumb Code     0  startup_stm32g473xx.o(.text)
    UCPD1_IRQHandler                         0x08000207   Thumb Code     0  startup_stm32g473xx.o(.text)
    USART1_IRQHandler                        0x08000207   Thumb Code     0  startup_stm32g473xx.o(.text)
    USART2_IRQHandler                        0x08000207   Thumb Code     0  startup_stm32g473xx.o(.text)
    USART3_IRQHandler                        0x08000207   Thumb Code     0  startup_stm32g473xx.o(.text)
    USBWakeUp_IRQHandler                     0x08000207   Thumb Code     0  startup_stm32g473xx.o(.text)
    USB_HP_IRQHandler                        0x08000207   Thumb Code     0  startup_stm32g473xx.o(.text)
    USB_LP_IRQHandler                        0x08000207   Thumb Code     0  startup_stm32g473xx.o(.text)
    WWDG_IRQHandler                          0x08000207   Thumb Code     0  startup_stm32g473xx.o(.text)
    rt_hw_interrupt_disable                  0x08000211   Thumb Code     8  context_rvds.o(.text)
    rt_hw_interrupt_enable                   0x08000219   Thumb Code     6  context_rvds.o(.text)
    rt_hw_context_switch                     0x0800021f   Thumb Code    32  context_rvds.o(.text)
    rt_hw_context_switch_interrupt           0x0800021f   Thumb Code     0  context_rvds.o(.text)
    PendSV_Handler                           0x0800023f   Thumb Code   108  context_rvds.o(.text)
    rt_hw_context_switch_to                  0x080002ab   Thumb Code    76  context_rvds.o(.text)
    rt_hw_interrupt_thread_switch            0x080002f7   Thumb Code     2  context_rvds.o(.text)
    HardFault_Handler                        0x080002f9   Thumb Code    56  context_rvds.o(.text)
    __aeabi_uldivmod                         0x0800034d   Thumb Code    98  uldiv.o(.text)
    __aeabi_memset                           0x080003af   Thumb Code    14  memseta.o(.text)
    __aeabi_memset4                          0x080003af   Thumb Code     0  memseta.o(.text)
    __aeabi_memset8                          0x080003af   Thumb Code     0  memseta.o(.text)
    __aeabi_memclr                           0x080003bd   Thumb Code     4  memseta.o(.text)
    __aeabi_memclr4                          0x080003bd   Thumb Code     0  memseta.o(.text)
    __aeabi_memclr8                          0x080003bd   Thumb Code     0  memseta.o(.text)
    _memset$wrapper                          0x080003c1   Thumb Code    18  memseta.o(.text)
    strncpy                                  0x080003d3   Thumb Code    24  strncpy.o(.text)
    strlen                                   0x080003eb   Thumb Code    14  strlen.o(.text)
    strcmp                                   0x080003f9   Thumb Code    28  strcmp.o(.text)
    strncmp                                  0x08000415   Thumb Code    30  strncmp.o(.text)
    __aeabi_llsl                             0x08000433   Thumb Code    30  llshl.o(.text)
    _ll_shift_l                              0x08000433   Thumb Code     0  llshl.o(.text)
    __aeabi_llsr                             0x08000451   Thumb Code    32  llushr.o(.text)
    _ll_ushift_r                             0x08000451   Thumb Code     0  llushr.o(.text)
    __scatterload                            0x08000471   Thumb Code    28  init.o(.text)
    __scatterload_rt2                        0x08000471   Thumb Code     0  init.o(.text)
    main                                     0x08000495   Thumb Code    10  components.o(.text.$Sub$$main)
    BusFault_Handler                         0x080004a1   Thumb Code     2  stm32g4xx_it.o(.text.BusFault_Handler)
    DebugMon_Handler                         0x080004a5   Thumb Code     2  stm32g4xx_it.o(.text.DebugMon_Handler)
    Error_Handler                            0x080004a9   Thumb Code    10  main.o(.text.Error_Handler)
    HAL_GPIO_Init                            0x080004b5   Thumb Code   414  stm32g4xx_hal_gpio.o(.text.HAL_GPIO_Init)
    HAL_GPIO_TogglePin                       0x08000655   Thumb Code    16  stm32g4xx_hal_gpio.o(.text.HAL_GPIO_TogglePin)
    HAL_GPIO_WritePin                        0x08000665   Thumb Code    12  stm32g4xx_hal_gpio.o(.text.HAL_GPIO_WritePin)
    HAL_GetTick                              0x08000671   Thumb Code    12  stm32g4xx_hal.o(.text.HAL_GetTick)
    HAL_IncTick                              0x0800067d   Thumb Code    26  stm32g4xx_hal.o(.text.HAL_IncTick)
    HAL_Init                                 0x08000699   Thumb Code    30  stm32g4xx_hal.o(.text.HAL_Init)
    HAL_InitTick                             0x080006b9   Thumb Code   160  stm32g4xx_hal_timebase_tim.o(.text.HAL_InitTick)
    HAL_MspInit                              0x08000759   Thumb Code    56  stm32g4xx_hal_msp.o(.text.HAL_MspInit)
    HAL_NVIC_EnableIRQ                       0x08000791   Thumb Code     8  stm32g4xx_hal_cortex.o(.text.HAL_NVIC_EnableIRQ)
    HAL_NVIC_SetPriority                     0x08000799   Thumb Code    30  stm32g4xx_hal_cortex.o(.text.HAL_NVIC_SetPriority)
    HAL_NVIC_SetPriorityGrouping             0x080007b9   Thumb Code     8  stm32g4xx_hal_cortex.o(.text.HAL_NVIC_SetPriorityGrouping)
    HAL_PWREx_ControlVoltageScaling          0x080007c1   Thumb Code   226  stm32g4xx_hal_pwr_ex.o(.text.HAL_PWREx_ControlVoltageScaling)
    HAL_PWREx_DisableUCPDDeadBattery         0x080008a5   Thumb Code    18  stm32g4xx_hal_pwr_ex.o(.text.HAL_PWREx_DisableUCPDDeadBattery)
    HAL_RCCEx_PeriphCLKConfig                0x080008b9   Thumb Code   756  stm32g4xx_hal_rcc_ex.o(.text.HAL_RCCEx_PeriphCLKConfig)
    HAL_RCC_ClockConfig                      0x08000bad   Thumb Code   514  stm32g4xx_hal_rcc.o(.text.HAL_RCC_ClockConfig)
    HAL_RCC_GetClockConfig                   0x08000db1   Thumb Code    66  stm32g4xx_hal_rcc.o(.text.HAL_RCC_GetClockConfig)
    HAL_RCC_GetHCLKFreq                      0x08000df5   Thumb Code    12  stm32g4xx_hal_rcc.o(.text.HAL_RCC_GetHCLKFreq)
    HAL_RCC_GetPCLK1Freq                     0x08000e01   Thumb Code    38  stm32g4xx_hal_rcc.o(.text.HAL_RCC_GetPCLK1Freq)
    HAL_RCC_GetPCLK2Freq                     0x08000e29   Thumb Code    38  stm32g4xx_hal_rcc.o(.text.HAL_RCC_GetPCLK2Freq)
    HAL_RCC_GetSysClockFreq                  0x08000e51   Thumb Code    98  stm32g4xx_hal_rcc.o(.text.HAL_RCC_GetSysClockFreq)
    HAL_RCC_OscConfig                        0x08000eb5   Thumb Code  1150  stm32g4xx_hal_rcc.o(.text.HAL_RCC_OscConfig)
    HAL_SYSTICK_Config                       0x08001335   Thumb Code     8  stm32g4xx_hal_cortex.o(.text.HAL_SYSTICK_Config)
    HAL_TIMEx_Break2Callback                 0x0800133d   Thumb Code     2  stm32g4xx_hal_tim_ex.o(.text.HAL_TIMEx_Break2Callback)
    HAL_TIMEx_BreakCallback                  0x08001341   Thumb Code     2  stm32g4xx_hal_tim_ex.o(.text.HAL_TIMEx_BreakCallback)
    HAL_TIMEx_CommutCallback                 0x08001345   Thumb Code     2  stm32g4xx_hal_tim_ex.o(.text.HAL_TIMEx_CommutCallback)
    HAL_TIMEx_ConfigBreakDeadTime            0x08001349   Thumb Code   218  stm32g4xx_hal_tim_ex.o(.text.HAL_TIMEx_ConfigBreakDeadTime)
    HAL_TIMEx_DirectionChangeCallback        0x08001425   Thumb Code     2  stm32g4xx_hal_tim_ex.o(.text.HAL_TIMEx_DirectionChangeCallback)
    HAL_TIMEx_EncoderIndexCallback           0x08001429   Thumb Code     2  stm32g4xx_hal_tim_ex.o(.text.HAL_TIMEx_EncoderIndexCallback)
    HAL_TIMEx_IndexErrorCallback             0x0800142d   Thumb Code     2  stm32g4xx_hal_tim_ex.o(.text.HAL_TIMEx_IndexErrorCallback)
    HAL_TIMEx_MasterConfigSynchronization    0x08001431   Thumb Code   220  stm32g4xx_hal_tim_ex.o(.text.HAL_TIMEx_MasterConfigSynchronization)
    HAL_TIMEx_PWMN_Start                     0x0800150d   Thumb Code   260  stm32g4xx_hal_tim_ex.o(.text.HAL_TIMEx_PWMN_Start)
    HAL_TIMEx_TransitionErrorCallback        0x08001611   Thumb Code     2  stm32g4xx_hal_tim_ex.o(.text.HAL_TIMEx_TransitionErrorCallback)
    HAL_TIM_Base_Init                        0x08001615   Thumb Code    98  stm32g4xx_hal_tim.o(.text.HAL_TIM_Base_Init)
    HAL_TIM_Base_MspInit                     0x08001679   Thumb Code    50  tim.o(.text.HAL_TIM_Base_MspInit)
    HAL_TIM_Base_Start_IT                    0x080016ad   Thumb Code   194  stm32g4xx_hal_tim.o(.text.HAL_TIM_Base_Start_IT)
    HAL_TIM_ConfigClockSource                0x08001771   Thumb Code   302  stm32g4xx_hal_tim.o(.text.HAL_TIM_ConfigClockSource)
    HAL_TIM_IC_CaptureCallback               0x080018a1   Thumb Code     2  stm32g4xx_hal_tim.o(.text.HAL_TIM_IC_CaptureCallback)
    HAL_TIM_IRQHandler                       0x080018a5   Thumb Code   442  stm32g4xx_hal_tim.o(.text.HAL_TIM_IRQHandler)
    HAL_TIM_MspPostInit                      0x08001a61   Thumb Code   178  tim.o(.text.HAL_TIM_MspPostInit)
    HAL_TIM_OC_DelayElapsedCallback          0x08001b15   Thumb Code     2  stm32g4xx_hal_tim.o(.text.HAL_TIM_OC_DelayElapsedCallback)
    HAL_TIM_PWM_ConfigChannel                0x08001b19   Thumb Code   186  stm32g4xx_hal_tim.o(.text.HAL_TIM_PWM_ConfigChannel)
    HAL_TIM_PWM_Init                         0x08001bd5   Thumb Code    98  stm32g4xx_hal_tim.o(.text.HAL_TIM_PWM_Init)
    HAL_TIM_PWM_MspInit                      0x08001c39   Thumb Code     2  stm32g4xx_hal_tim.o(.text.HAL_TIM_PWM_MspInit)
    HAL_TIM_PWM_PulseFinishedCallback        0x08001c3d   Thumb Code     2  stm32g4xx_hal_tim.o(.text.HAL_TIM_PWM_PulseFinishedCallback)
    HAL_TIM_PWM_Start                        0x08001c41   Thumb Code   386  stm32g4xx_hal_tim.o(.text.HAL_TIM_PWM_Start)
    HAL_TIM_PeriodElapsedCallback            0x08001dc5   Thumb Code    22  main.o(.text.HAL_TIM_PeriodElapsedCallback)
    HAL_TIM_TriggerCallback                  0x08001ddd   Thumb Code     2  stm32g4xx_hal_tim.o(.text.HAL_TIM_TriggerCallback)
    HAL_UARTEx_DisableFifoMode               0x08001de1   Thumb Code    54  stm32g4xx_hal_uart_ex.o(.text.HAL_UARTEx_DisableFifoMode)
    HAL_UARTEx_SetRxFifoThreshold            0x08001e19   Thumb Code    74  stm32g4xx_hal_uart_ex.o(.text.HAL_UARTEx_SetRxFifoThreshold)
    HAL_UARTEx_SetTxFifoThreshold            0x08001e65   Thumb Code    74  stm32g4xx_hal_uart_ex.o(.text.HAL_UARTEx_SetTxFifoThreshold)
    HAL_UART_Init                            0x08001eb1   Thumb Code    98  stm32g4xx_hal_uart.o(.text.HAL_UART_Init)
    HAL_UART_MspInit                         0x08001f15   Thumb Code   144  usart.o(.text.HAL_UART_MspInit)
    HAL_UART_Transmit                        0x08001fa5   Thumb Code   198  stm32g4xx_hal_uart.o(.text.HAL_UART_Transmit)
    Hardware_Init                            0x0800206d   Thumb Code    66  init.o(.text.Hardware_Init)
    MX_GPIO_Init                             0x080020b1   Thumb Code   142  gpio.o(.text.MX_GPIO_Init)
    MX_TIM1_Init                             0x08002141   Thumb Code   358  tim.o(.text.MX_TIM1_Init)
    MX_USART1_UART_Init                      0x080022a9   Thumb Code   126  usart.o(.text.MX_USART1_UART_Init)
    MemManage_Handler                        0x08002329   Thumb Code     2  stm32g4xx_it.o(.text.MemManage_Handler)
    NMI_Handler                              0x0800232d   Thumb Code     2  stm32g4xx_it.o(.text.NMI_Handler)
    SysTick_Handler                          0x080023c5   Thumb Code    16  board.o(.text.SysTick_Handler)
    SystemClock_Config                       0x080023d5   Thumb Code   104  main.o(.text.SystemClock_Config)
    SystemCoreClockUpdate                    0x0800243d   Thumb Code   118  system_stm32g4xx.o(.text.SystemCoreClockUpdate)
    SystemInit                               0x080024b5   Thumb Code    18  system_stm32g4xx.o(.text.SystemInit)
    TIM4_IRQHandler                          0x080024c9   Thumb Code    16  stm32g4xx_it.o(.text.TIM4_IRQHandler)
    TIM_Base_SetConfig                       0x080024d9   Thumb Code   328  stm32g4xx_hal_tim.o(.text.TIM_Base_SetConfig)
    TIM_CCxChannelCmd                        0x08002621   Thumb Code    36  stm32g4xx_hal_tim.o(.text.TIM_CCxChannelCmd)
    TIM_ETR_SetConfig                        0x08002669   Thumb Code    22  stm32g4xx_hal_tim.o(.text.TIM_ETR_SetConfig)
    TIM_OC2_SetConfig                        0x0800271d   Thumb Code   158  stm32g4xx_hal_tim.o(.text.TIM_OC2_SetConfig)
    UART_AdvFeatureConfig                    0x08002a61   Thumb Code   230  stm32g4xx_hal_uart.o(.text.UART_AdvFeatureConfig)
    UART_CheckIdleState                      0x08002b49   Thumb Code   192  stm32g4xx_hal_uart.o(.text.UART_CheckIdleState)
    UART_SetConfig                           0x08002c65   Thumb Code   732  stm32g4xx_hal_uart.o(.text.UART_SetConfig)
    UART_WaitOnFlagUntilTimeout              0x08002f41   Thumb Code   194  stm32g4xx_hal_uart.o(.text.UART_WaitOnFlagUntilTimeout)
    UsageFault_Handler                       0x08003005   Thumb Code     2  stm32g4xx_it.o(.text.UsageFault_Handler)
    __rt_ffs                                 0x0800307d   Thumb Code    56  kservice.o(.text.__rt_ffs)
    cmd_list                                 0x08003365   Thumb Code   280  cmd.o(.text.cmd_list)
    finsh_get_prompt                         0x080034a9   Thumb Code   104  shell.o(.text.finsh_get_prompt)
    finsh_getchar                            0x08003511   Thumb Code     8  shell.o(.text.finsh_getchar)
    finsh_set_prompt_mode                    0x08003519   Thumb Code    32  shell.o(.text.finsh_set_prompt_mode)
    finsh_system_function_init               0x08003539   Thumb Code    22  shell.o(.text.finsh_system_function_init)
    finsh_system_init                        0x08003551   Thumb Code   164  shell.o(.text.finsh_system_init)
    finsh_thread_entry                       0x080035f5   Thumb Code   880  shell.o(.text.finsh_thread_entry)
    led_init                                 0x080039e1   Thumb Code    52  led_app.o(.text.led_init)
    led_thread_entry                         0x08003a15   Thumb Code    56  led_app.o(.text.led_thread_entry)
    list_msgqueue                            0x08003ad9   Thumb Code   304  cmd.o(.text.list_msgqueue)
    list_sem                                 0x08003c09   Thumb Code   304  cmd.o(.text.list_sem)
    list_thread                              0x08003d39   Thumb Code   392  cmd.o(.text.list_thread)
    list_timer                               0x08003ec1   Thumb Code   356  cmd.o(.text.list_timer)
    $Super$$main                             0x08004025   Thumb Code    52  main.o(.text.main)
    main_thread_entry                        0x08004059   Thumb Code    12  components.o(.text.main_thread_entry)
    msh_auto_complete                        0x0800413d   Thumb Code   160  msh.o(.text.msh_auto_complete)
    msh_exec                                 0x080041dd   Thumb Code   104  msh.o(.text.msh_exec)
    msh_help                                 0x08004295   Thumb Code   120  msh.o(.text.msh_help)
    rt_application_init                      0x08004641   Thumb Code    52  components.o(.text.rt_application_init)
    rt_calloc                                0x08004675   Thumb Code    30  kservice.o(.text.rt_calloc)
    rt_components_board_init                 0x08004695   Thumb Code    44  components.o(.text.rt_components_board_init)
    rt_components_init                       0x080046c1   Thumb Code    44  components.o(.text.rt_components_init)
    rt_enter_critical                        0x08004735   Thumb Code    26  scheduler.o(.text.rt_enter_critical)
    rt_exit_critical                         0x08004751   Thumb Code    62  scheduler.o(.text.rt_exit_critical)
    rt_free                                  0x08004791   Thumb Code    30  kservice.o(.text.rt_free)
    rt_heap_begin_get                        0x080047b1   Thumb Code    10  board.o(.text.rt_heap_begin_get)
    rt_heap_end_get                          0x080047bd   Thumb Code    14  board.o(.text.rt_heap_end_get)
    rt_hw_board_init                         0x080047cd   Thumb Code    60  board.o(.text.rt_hw_board_init)
    rt_hw_console_getchar                    0x08004809   Thumb Code    36  board.o(.text.rt_hw_console_getchar)
    rt_hw_console_output                     0x0800482d   Thumb Code    96  board.o(.text.rt_hw_console_output)
    rt_hw_hard_fault_exception               0x0800488d   Thumb Code   416  cpuport.o(.text.rt_hw_hard_fault_exception)
    rt_hw_stack_init                         0x08004a2d   Thumb Code    66  cpuport.o(.text.rt_hw_stack_init)
    rt_interrupt_enter                       0x08004a71   Thumb Code    26  irq.o(.text.rt_interrupt_enter)
    rt_interrupt_leave                       0x08004a8d   Thumb Code    26  irq.o(.text.rt_interrupt_leave)
    rt_kprintf                               0x08004aa9   Thumb Code    62  kservice.o(.text.rt_kprintf)
    rt_malloc                                0x08004bd5   Thumb Code    34  kservice.o(.text.rt_malloc)
    rt_memcpy                                0x08004bf9   Thumb Code   140  kservice.o(.text.rt_memcpy)
    rt_memmove                               0x08004c85   Thumb Code    58  kservice.o(.text.rt_memmove)
    rt_memset                                0x08004cc1   Thumb Code   104  kservice.o(.text.rt_memset)
    rt_object_allocate                       0x08004d29   Thumb Code    80  object.o(.text.rt_object_allocate)
    rt_object_delete                         0x08004d79   Thumb Code    36  object.o(.text.rt_object_delete)
    rt_object_detach                         0x08004d9d   Thumb Code    30  object.o(.text.rt_object_detach)
    rt_object_get_information                0x08004dbd   Thumb Code    34  object.o(.text.rt_object_get_information)
    rt_object_init                           0x08004de1   Thumb Code    80  object.o(.text.rt_object_init)
    rt_object_is_systemobject                0x08004e31   Thumb Code     6  object.o(.text.rt_object_is_systemobject)
    rt_schedule                              0x08004e39   Thumb Code   252  scheduler.o(.text.rt_schedule)
    rt_schedule_insert_thread                0x08004f35   Thumb Code   108  scheduler.o(.text.rt_schedule_insert_thread)
    rt_schedule_remove_thread                0x08004fa1   Thumb Code    66  scheduler.o(.text.rt_schedule_remove_thread)
    rt_sem_init                              0x08004fe5   Thumb Code    30  ipc.o(.text.rt_sem_init)
    rt_show_version                          0x08005005   Thumb Code   196  kservice.o(.text.rt_show_version)
    rt_smem_alloc                            0x080050c9   Thumb Code   220  mem.o(.text.rt_smem_alloc)
    rt_smem_free                             0x080051a5   Thumb Code    58  mem.o(.text.rt_smem_free)
    rt_smem_init                             0x080051e1   Thumb Code   208  mem.o(.text.rt_smem_init)
    rt_sprintf                               0x080052b1   Thumb Code    28  kservice.o(.text.rt_sprintf)
    rt_strerror                              0x080052cd   Thumb Code    76  kservice.o(.text.rt_strerror)
    rt_strlen                                0x08005319   Thumb Code    16  kservice.o(.text.rt_strlen)
    rt_strncpy                               0x08005329   Thumb Code    50  kservice.o(.text.rt_strncpy)
    rt_system_heap_init                      0x0800535d   Thumb Code    44  kservice.o(.text.rt_system_heap_init)
    rt_system_scheduler_init                 0x08005389   Thumb Code    52  scheduler.o(.text.rt_system_scheduler_init)
    rt_system_scheduler_start                0x080053bd   Thumb Code    46  scheduler.o(.text.rt_system_scheduler_start)
    rt_system_timer_init                     0x080053ed   Thumb Code    16  timer.o(.text.rt_system_timer_init)
    rt_system_timer_thread_init              0x080053fd   Thumb Code     2  timer.o(.text.rt_system_timer_thread_init)
    rt_thread_create                         0x08005401   Thumb Code    74  thread.o(.text.rt_thread_create)
    rt_thread_defunct_dequeue                0x0800544d   Thumb Code    48  idle.o(.text.rt_thread_defunct_dequeue)
    rt_thread_defunct_enqueue                0x0800547d   Thumb Code    10  idle.o(.text.rt_thread_defunct_enqueue)
    rt_thread_delay                          0x08005489   Thumb Code     8  thread.o(.text.rt_thread_delay)
    rt_thread_idle_init                      0x08005499   Thumb Code    88  idle.o(.text.rt_thread_idle_init)
    rt_thread_init                           0x080054f1   Thumb Code    56  thread.o(.text.rt_thread_init)
    rt_thread_mdelay                         0x08005529   Thumb Code    12  thread.o(.text.rt_thread_mdelay)
    rt_thread_resume                         0x08005535   Thumb Code    60  thread.o(.text.rt_thread_resume)
    rt_thread_self                           0x08005571   Thumb Code    12  thread.o(.text.rt_thread_self)
    rt_thread_sleep                          0x0800557d   Thumb Code    72  thread.o(.text.rt_thread_sleep)
    rt_thread_startup                        0x080055c5   Thumb Code    40  thread.o(.text.rt_thread_startup)
    rt_thread_suspend                        0x080055ed   Thumb Code    68  thread.o(.text.rt_thread_suspend)
    rt_tick_from_millisecond                 0x08005631   Thumb Code    58  clock.o(.text.rt_tick_from_millisecond)
    rt_tick_get                              0x0800566d   Thumb Code    12  clock.o(.text.rt_tick_get)
    rt_tick_increase                         0x08005679   Thumb Code    78  clock.o(.text.rt_tick_increase)
    rt_timer_check                           0x080056c9   Thumb Code   174  timer.o(.text.rt_timer_check)
    rt_timer_control                         0x08005779   Thumb Code    84  timer.o(.text.rt_timer_control)
    rt_timer_detach                          0x080057cd   Thumb Code    40  timer.o(.text.rt_timer_detach)
    rt_timer_init                            0x080057f5   Thumb Code    44  timer.o(.text.rt_timer_init)
    rt_timer_start                           0x08005821   Thumb Code   130  timer.o(.text.rt_timer_start)
    rt_timer_stop                            0x080058a5   Thumb Code    46  timer.o(.text.rt_timer_stop)
    rt_vsnprintf                             0x080058d5   Thumb Code   888  kservice.o(.text.rt_vsnprintf)
    rt_vsprintf                              0x08005c4d   Thumb Code    16  kservice.o(.text.rt_vsprintf)
    rtthread_startup                         0x08005c6d   Thumb Code    42  components.o(.text.rtthread_startup)
    version                                  0x08005e89   Thumb Code    10  cmd.o(.text.version)
    __scatterload_copy                       0x08005e93   Thumb Code    14  handlers.o(i.__scatterload_copy)
    __scatterload_null                       0x08005ea1   Thumb Code     2  handlers.o(i.__scatterload_null)
    __scatterload_zeroinit                   0x08005ea3   Thumb Code    14  handlers.o(i.__scatterload_zeroinit)
    AHBPrescTable                            0x08005eb0   Data          16  system_stm32g4xx.o(.rodata.AHBPrescTable)
    APBPrescTable                            0x08005ec0   Data           8  system_stm32g4xx.o(.rodata.APBPrescTable)
    UARTPrescTable                           0x08005ec8   Data          24  stm32g4xx_hal_uart.o(.rodata.UARTPrescTable)
    __lowest_bit_bitmap                      0x08005ee0   Data         256  kservice.o(.rodata.__lowest_bit_bitmap)
    __fsym_clear_name                        0x08005ff0   Data           6  cmd.o(.rodata.name)
    __fsym_clear_desc                        0x08005ff6   Data          26  cmd.o(.rodata.name)
    __fsym_version_name                      0x08006010   Data           8  cmd.o(.rodata.name)
    __fsym_version_desc                      0x08006018   Data          35  cmd.o(.rodata.name)
    __fsym_list_thread_name                  0x0800603b   Data          12  cmd.o(.rodata.name)
    __fsym_list_thread_desc                  0x08006047   Data          12  cmd.o(.rodata.name)
    __fsym_list_sem_name                     0x08006053   Data           9  cmd.o(.rodata.name)
    __fsym_list_sem_desc                     0x0800605c   Data          25  cmd.o(.rodata.name)
    __fsym_list_msgqueue_name                0x08006075   Data          14  cmd.o(.rodata.name)
    __fsym_list_msgqueue_desc                0x08006083   Data          29  cmd.o(.rodata.name)
    __fsym_list_timer_name                   0x080060a0   Data          11  cmd.o(.rodata.name)
    __fsym_list_timer_desc                   0x080060ab   Data          21  cmd.o(.rodata.name)
    __fsym_list_name                         0x080060c0   Data           5  cmd.o(.rodata.name)
    __fsym_list_desc                         0x080060c5   Data          13  cmd.o(.rodata.name)
    __fsym_help_name                         0x080060d2   Data           5  msh.o(.rodata.name)
    __fsym_help_desc                         0x080060d7   Data          22  msh.o(.rodata.name)
    __rt_init_rti_start                      0x08006310   Data           4  components.o(.rti_fn.0)
    __rt_init_rti_board_start                0x08006314   Data           4  components.o(.rti_fn.0.end)
    __rt_init_uart_init                      0x08006318   Data           4  board.o(.rti_fn.1)
    __rt_init_rti_board_end                  0x0800631c   Data           4  components.o(.rti_fn.1.end)
    __rt_init_led_init                       0x08006320   Data           4  led_app.o(.rti_fn.6)
    __rt_init_finsh_system_init              0x08006324   Data           4  shell.o(.rti_fn.6)
    __rt_init_rti_end                        0x08006328   Data           4  components.o(.rti_fn.6.end)
    FSymTab$$Base                            0x0800632c   Number         0  cmd.o(FSymTab)
    __fsym_clear                             0x0800632c   Data          12  cmd.o(FSymTab)
    __fsym_version                           0x08006338   Data          12  cmd.o(FSymTab)
    __fsym_list_thread                       0x08006344   Data          12  cmd.o(FSymTab)
    __fsym_list_sem                          0x08006350   Data          12  cmd.o(FSymTab)
    __fsym_list_msgqueue                     0x0800635c   Data          12  cmd.o(FSymTab)
    __fsym_list_timer                        0x08006368   Data          12  cmd.o(FSymTab)
    __fsym_list                              0x08006374   Data          12  cmd.o(FSymTab)
    __fsym_help                              0x08006380   Data          12  msh.o(FSymTab)
    FSymTab$$Limit                           0x0800638c   Number         0  msh.o(FSymTab)
    Region$$Table$$Base                      0x0800638c   Number         0  anon$$obj.o(Region$$Table)
    Region$$Table$$Limit                     0x080063ac   Number         0  anon$$obj.o(Region$$Table)
    SystemCoreClock                          0x20000000   Data           4  system_stm32g4xx.o(.data.SystemCoreClock)
    uwTickFreq                               0x2000005c   Data           4  stm32g4xx_hal.o(.data.uwTickFreq)
    uwTickPrio                               0x20000060   Data           4  stm32g4xx_hal.o(.data.uwTickPrio)
    _syscall_table_begin                     0x200000fc   Data           4  shell.o(.bss._syscall_table_begin)
    _syscall_table_end                       0x20000100   Data           4  shell.o(.bss._syscall_table_end)
    htim1                                    0x20000194   Data          76  tim.o(.bss.htim1)
    htim4                                    0x200001e0   Data          76  stm32g4xx_hal_timebase_tim.o(.bss.htim4)
    huart1                                   0x2000022c   Data         148  usart.o(.bss.huart1)
    rt_current_priority                      0x20000338   Data           1  scheduler.o(.bss.rt_current_priority)
    rt_current_thread                        0x2000033c   Data           4  scheduler.o(.bss.rt_current_thread)
    rt_interrupt_from_thread                 0x20003f44   Data           4  cpuport.o(.bss.rt_interrupt_from_thread)
    rt_interrupt_nest                        0x20003f48   Data           1  irq.o(.bss.rt_interrupt_nest)
    rt_interrupt_to_thread                   0x20003f4c   Data           4  cpuport.o(.bss.rt_interrupt_to_thread)
    rt_thread_priority_table                 0x20003fd4   Data         256  scheduler.o(.bss.rt_thread_priority_table)
    rt_thread_ready_priority_group           0x200040d4   Data           4  scheduler.o(.bss.rt_thread_ready_priority_group)
    rt_thread_switch_interrupt_flag          0x200041d8   Data           4  cpuport.o(.bss.rt_thread_switch_interrupt_flag)
    shell                                    0x200041e4   Data           4  shell.o(.bss.shell)
    uwTick                                   0x200041ec   Data           4  stm32g4xx_hal.o(.bss.uwTick)
    __initial_sp                             0x200045f0   Data           0  startup_stm32g473xx.o(STACK)



==============================================================================

Memory Map of the image

  Image Entry point : 0x080001d9

  Load Region LR_IROM1 (Base: 0x08000000, Size: 0x00006418, Max: 0x00020000, ABSOLUTE)

    Execution Region ER_IROM1 (Exec base: 0x08000000, Load base: 0x08000000, Size: 0x000063ac, Max: 0x00020000, ABSOLUTE)

    Exec Addr    Load Addr    Size         Type   Attr      Idx    E Section Name        Object

    0x08000000   0x08000000   0x000001d8   Data   RO            3    RESET               startup_stm32g473xx.o
    0x080001d8   0x080001d8   0x00000000   Code   RO         1930  * .ARM.Collect$$$$00000000  mc_w.l(entry.o)
    0x080001d8   0x080001d8   0x00000004   Code   RO         1977    .ARM.Collect$$$$00000001  mc_w.l(entry2.o)
    0x080001dc   0x080001dc   0x00000004   Code   RO         1980    .ARM.Collect$$$$00000004  mc_w.l(entry5.o)
    0x080001e0   0x080001e0   0x00000000   Code   RO         1982    .ARM.Collect$$$$00000008  mc_w.l(entry7b.o)
    0x080001e0   0x080001e0   0x00000000   Code   RO         1984    .ARM.Collect$$$$0000000A  mc_w.l(entry8b.o)
    0x080001e0   0x080001e0   0x00000008   Code   RO         1985    .ARM.Collect$$$$0000000B  mc_w.l(entry9a.o)
    0x080001e8   0x080001e8   0x00000000   Code   RO         1987    .ARM.Collect$$$$0000000D  mc_w.l(entry10a.o)
    0x080001e8   0x080001e8   0x00000000   Code   RO         1989    .ARM.Collect$$$$0000000F  mc_w.l(entry11a.o)
    0x080001e8   0x080001e8   0x00000004   Code   RO         1978    .ARM.Collect$$$$00002712  mc_w.l(entry2.o)
    0x080001ec   0x080001ec   0x00000024   Code   RO            4    .text               startup_stm32g473xx.o
    0x08000210   0x08000210   0x0000013c   Code   RO         1433    .text               context_rvds.o
    0x0800034c   0x0800034c   0x00000062   Code   RO         1933    .text               mc_w.l(uldiv.o)
    0x080003ae   0x080003ae   0x00000024   Code   RO         1965    .text               mc_w.l(memseta.o)
    0x080003d2   0x080003d2   0x00000018   Code   RO         1967    .text               mc_w.l(strncpy.o)
    0x080003ea   0x080003ea   0x0000000e   Code   RO         1969    .text               mc_w.l(strlen.o)
    0x080003f8   0x080003f8   0x0000001c   Code   RO         1971    .text               mc_w.l(strcmp.o)
    0x08000414   0x08000414   0x0000001e   Code   RO         1975    .text               mc_w.l(strncmp.o)
    0x08000432   0x08000432   0x0000001e   Code   RO         1991    .text               mc_w.l(llshl.o)
    0x08000450   0x08000450   0x00000020   Code   RO         1993    .text               mc_w.l(llushr.o)
    0x08000470   0x08000470   0x00000024   Code   RO         1995    .text               mc_w.l(init.o)
    0x08000494   0x08000494   0x0000000a   Code   RO         1500    .text.$Sub$$main    components.o
    0x0800049e   0x0800049e   0x00000002   PAD
    0x080004a0   0x080004a0   0x00000002   Code   RO           73    .text.BusFault_Handler  stm32g4xx_it.o
    0x080004a2   0x080004a2   0x00000002   PAD
    0x080004a4   0x080004a4   0x00000002   Code   RO           77    .text.DebugMon_Handler  stm32g4xx_it.o
    0x080004a6   0x080004a6   0x00000002   PAD
    0x080004a8   0x080004a8   0x0000000a   Code   RO           15    .text.Error_Handler  main.o
    0x080004b2   0x080004b2   0x00000002   PAD
    0x080004b4   0x080004b4   0x0000019e   Code   RO          791    .text.HAL_GPIO_Init  stm32g4xx_hal_gpio.o
    0x08000652   0x08000652   0x00000002   PAD
    0x08000654   0x08000654   0x00000010   Code   RO          799    .text.HAL_GPIO_TogglePin  stm32g4xx_hal_gpio.o
    0x08000664   0x08000664   0x0000000c   Code   RO          797    .text.HAL_GPIO_WritePin  stm32g4xx_hal_gpio.o
    0x08000670   0x08000670   0x0000000c   Code   RO          527    .text.HAL_GetTick   stm32g4xx_hal.o
    0x0800067c   0x0800067c   0x0000001a   Code   RO          525    .text.HAL_IncTick   stm32g4xx_hal.o
    0x08000696   0x08000696   0x00000002   PAD
    0x08000698   0x08000698   0x0000001e   Code   RO          515    .text.HAL_Init      stm32g4xx_hal.o
    0x080006b6   0x080006b6   0x00000002   PAD
    0x080006b8   0x080006b8   0x000000a0   Code   RO           96    .text.HAL_InitTick  stm32g4xx_hal_timebase_tim.o
    0x08000758   0x08000758   0x00000038   Code   RO           88    .text.HAL_MspInit   stm32g4xx_hal_msp.o
    0x08000790   0x08000790   0x00000008   Code   RO         1031    .text.HAL_NVIC_EnableIRQ  stm32g4xx_hal_cortex.o
    0x08000798   0x08000798   0x0000001e   Code   RO         1023    .text.HAL_NVIC_SetPriority  stm32g4xx_hal_cortex.o
    0x080007b6   0x080007b6   0x00000002   PAD
    0x080007b8   0x080007b8   0x00000008   Code   RO         1019    .text.HAL_NVIC_SetPriorityGrouping  stm32g4xx_hal_cortex.o
    0x080007c0   0x080007c0   0x000000e2   Code   RO          939    .text.HAL_PWREx_ControlVoltageScaling  stm32g4xx_hal_pwr_ex.o
    0x080008a2   0x080008a2   0x00000002   PAD
    0x080008a4   0x080008a4   0x00000012   Code   RO         1009    .text.HAL_PWREx_DisableUCPDDeadBattery  stm32g4xx_hal_pwr_ex.o
    0x080008b6   0x080008b6   0x00000002   PAD
    0x080008b8   0x080008b8   0x000002f4   Code   RO          642    .text.HAL_RCCEx_PeriphCLKConfig  stm32g4xx_hal_rcc_ex.o
    0x08000bac   0x08000bac   0x00000202   Code   RO          606    .text.HAL_RCC_ClockConfig  stm32g4xx_hal_rcc.o
    0x08000dae   0x08000dae   0x00000002   PAD
    0x08000db0   0x08000db0   0x00000042   Code   RO          622    .text.HAL_RCC_GetClockConfig  stm32g4xx_hal_rcc.o
    0x08000df2   0x08000df2   0x00000002   PAD
    0x08000df4   0x08000df4   0x0000000c   Code   RO          614    .text.HAL_RCC_GetHCLKFreq  stm32g4xx_hal_rcc.o
    0x08000e00   0x08000e00   0x00000026   Code   RO          616    .text.HAL_RCC_GetPCLK1Freq  stm32g4xx_hal_rcc.o
    0x08000e26   0x08000e26   0x00000002   PAD
    0x08000e28   0x08000e28   0x00000026   Code   RO          618    .text.HAL_RCC_GetPCLK2Freq  stm32g4xx_hal_rcc.o
    0x08000e4e   0x08000e4e   0x00000002   PAD
    0x08000e50   0x08000e50   0x00000062   Code   RO          610    .text.HAL_RCC_GetSysClockFreq  stm32g4xx_hal_rcc.o
    0x08000eb2   0x08000eb2   0x00000002   PAD
    0x08000eb4   0x08000eb4   0x0000047e   Code   RO          604    .text.HAL_RCC_OscConfig  stm32g4xx_hal_rcc.o
    0x08001332   0x08001332   0x00000002   PAD
    0x08001334   0x08001334   0x00000008   Code   RO         1043    .text.HAL_SYSTICK_Config  stm32g4xx_hal_cortex.o
    0x0800133c   0x0800133c   0x00000002   Code   RO          493    .text.HAL_TIMEx_Break2Callback  stm32g4xx_hal_tim_ex.o
    0x0800133e   0x0800133e   0x00000002   PAD
    0x08001340   0x08001340   0x00000002   Code   RO          491    .text.HAL_TIMEx_BreakCallback  stm32g4xx_hal_tim_ex.o
    0x08001342   0x08001342   0x00000002   PAD
    0x08001344   0x08001344   0x00000002   Code   RO          487    .text.HAL_TIMEx_CommutCallback  stm32g4xx_hal_tim_ex.o
    0x08001346   0x08001346   0x00000002   PAD
    0x08001348   0x08001348   0x000000da   Code   RO          439    .text.HAL_TIMEx_ConfigBreakDeadTime  stm32g4xx_hal_tim_ex.o
    0x08001422   0x08001422   0x00000002   PAD
    0x08001424   0x08001424   0x00000002   Code   RO          497    .text.HAL_TIMEx_DirectionChangeCallback  stm32g4xx_hal_tim_ex.o
    0x08001426   0x08001426   0x00000002   PAD
    0x08001428   0x08001428   0x00000002   Code   RO          495    .text.HAL_TIMEx_EncoderIndexCallback  stm32g4xx_hal_tim_ex.o
    0x0800142a   0x0800142a   0x00000002   PAD
    0x0800142c   0x0800142c   0x00000002   Code   RO          499    .text.HAL_TIMEx_IndexErrorCallback  stm32g4xx_hal_tim_ex.o
    0x0800142e   0x0800142e   0x00000002   PAD
    0x08001430   0x08001430   0x000000dc   Code   RO          437    .text.HAL_TIMEx_MasterConfigSynchronization  stm32g4xx_hal_tim_ex.o
    0x0800150c   0x0800150c   0x00000104   Code   RO          407    .text.HAL_TIMEx_PWMN_Start  stm32g4xx_hal_tim_ex.o
    0x08001610   0x08001610   0x00000002   Code   RO          501    .text.HAL_TIMEx_TransitionErrorCallback  stm32g4xx_hal_tim_ex.o
    0x08001612   0x08001612   0x00000002   PAD
    0x08001614   0x08001614   0x00000062   Code   RO          119    .text.HAL_TIM_Base_Init  stm32g4xx_hal_tim.o
    0x08001676   0x08001676   0x00000002   PAD
    0x08001678   0x08001678   0x00000032   Code   RO           41    .text.HAL_TIM_Base_MspInit  tim.o
    0x080016aa   0x080016aa   0x00000002   PAD
    0x080016ac   0x080016ac   0x000000c2   Code   RO          133    .text.HAL_TIM_Base_Start_IT  stm32g4xx_hal_tim.o
    0x0800176e   0x0800176e   0x00000002   PAD
    0x08001770   0x08001770   0x0000012e   Code   RO          315    .text.HAL_TIM_ConfigClockSource  stm32g4xx_hal_tim.o
    0x0800189e   0x0800189e   0x00000002   PAD
    0x080018a0   0x080018a0   0x00000002   Code   RO          255    .text.HAL_TIM_IC_CaptureCallback  stm32g4xx_hal_tim.o
    0x080018a2   0x080018a2   0x00000002   PAD
    0x080018a4   0x080018a4   0x000001ba   Code   RO          253    .text.HAL_TIM_IRQHandler  stm32g4xx_hal_tim.o
    0x08001a5e   0x08001a5e   0x00000002   PAD
    0x08001a60   0x08001a60   0x000000b2   Code   RO           39    .text.HAL_TIM_MspPostInit  tim.o
    0x08001b12   0x08001b12   0x00000002   PAD
    0x08001b14   0x08001b14   0x00000002   Code   RO          257    .text.HAL_TIM_OC_DelayElapsedCallback  stm32g4xx_hal_tim.o
    0x08001b16   0x08001b16   0x00000002   PAD
    0x08001b18   0x08001b18   0x000000ba   Code   RO          289    .text.HAL_TIM_PWM_ConfigChannel  stm32g4xx_hal_tim.o
    0x08001bd2   0x08001bd2   0x00000002   PAD
    0x08001bd4   0x08001bd4   0x00000062   Code   RO          173    .text.HAL_TIM_PWM_Init  stm32g4xx_hal_tim.o
    0x08001c36   0x08001c36   0x00000002   PAD
    0x08001c38   0x08001c38   0x00000002   Code   RO          175    .text.HAL_TIM_PWM_MspInit  stm32g4xx_hal_tim.o
    0x08001c3a   0x08001c3a   0x00000002   PAD
    0x08001c3c   0x08001c3c   0x00000002   Code   RO          259    .text.HAL_TIM_PWM_PulseFinishedCallback  stm32g4xx_hal_tim.o
    0x08001c3e   0x08001c3e   0x00000002   PAD
    0x08001c40   0x08001c40   0x00000182   Code   RO          181    .text.HAL_TIM_PWM_Start  stm32g4xx_hal_tim.o
    0x08001dc2   0x08001dc2   0x00000002   PAD
    0x08001dc4   0x08001dc4   0x00000016   Code   RO           17    .text.HAL_TIM_PeriodElapsedCallback  main.o
    0x08001dda   0x08001dda   0x00000002   PAD
    0x08001ddc   0x08001ddc   0x00000002   Code   RO          263    .text.HAL_TIM_TriggerCallback  stm32g4xx_hal_tim.o
    0x08001dde   0x08001dde   0x00000002   PAD
    0x08001de0   0x08001de0   0x00000036   Code   RO         1266    .text.HAL_UARTEx_DisableFifoMode  stm32g4xx_hal_uart_ex.o
    0x08001e16   0x08001e16   0x00000002   PAD
    0x08001e18   0x08001e18   0x0000004a   Code   RO         1270    .text.HAL_UARTEx_SetRxFifoThreshold  stm32g4xx_hal_uart_ex.o
    0x08001e62   0x08001e62   0x00000002   PAD
    0x08001e64   0x08001e64   0x0000004a   Code   RO         1268    .text.HAL_UARTEx_SetTxFifoThreshold  stm32g4xx_hal_uart_ex.o
    0x08001eae   0x08001eae   0x00000002   PAD
    0x08001eb0   0x08001eb0   0x00000062   Code   RO         1095    .text.HAL_UART_Init  stm32g4xx_hal_uart.o
    0x08001f12   0x08001f12   0x00000002   PAD
    0x08001f14   0x08001f14   0x00000090   Code   RO           56    .text.HAL_UART_MspInit  usart.o
    0x08001fa4   0x08001fa4   0x000000c6   Code   RO         1115    .text.HAL_UART_Transmit  stm32g4xx_hal_uart.o
    0x0800206a   0x0800206a   0x00000002   PAD
    0x0800206c   0x0800206c   0x00000042   Code   RO          111    .text.Hardware_Init  init.o
    0x080020ae   0x080020ae   0x00000002   PAD
    0x080020b0   0x080020b0   0x0000008e   Code   RO           28    .text.MX_GPIO_Init  gpio.o
    0x0800213e   0x0800213e   0x00000002   PAD
    0x08002140   0x08002140   0x00000166   Code   RO           37    .text.MX_TIM1_Init  tim.o
    0x080022a6   0x080022a6   0x00000002   PAD
    0x080022a8   0x080022a8   0x0000007e   Code   RO           54    .text.MX_USART1_UART_Init  usart.o
    0x08002326   0x08002326   0x00000002   PAD
    0x08002328   0x08002328   0x00000002   Code   RO           71    .text.MemManage_Handler  stm32g4xx_it.o
    0x0800232a   0x0800232a   0x00000002   PAD
    0x0800232c   0x0800232c   0x00000002   Code   RO           69    .text.NMI_Handler   stm32g4xx_it.o
    0x0800232e   0x0800232e   0x00000002   PAD
    0x08002330   0x08002330   0x0000002c   Code   RO         1029    .text.NVIC_EncodePriority  stm32g4xx_hal_cortex.o
    0x0800235c   0x0800235c   0x00000038   Code   RO          608    .text.RCC_GetSysClockFreqFromPLLSource  stm32g4xx_hal_rcc.o
    0x08002394   0x08002394   0x0000002e   Code   RO         1045    .text.SysTick_Config  stm32g4xx_hal_cortex.o
    0x080023c2   0x080023c2   0x00000002   PAD
    0x080023c4   0x080023c4   0x00000010   Code   RO         1910    .text.SysTick_Handler  board.o
    0x080023d4   0x080023d4   0x00000068   Code   RO           13    .text.SystemClock_Config  main.o
    0x0800243c   0x0800243c   0x00000076   Code   RO         1291    .text.SystemCoreClockUpdate  system_stm32g4xx.o
    0x080024b2   0x080024b2   0x00000002   PAD
    0x080024b4   0x080024b4   0x00000012   Code   RO         1289    .text.SystemInit    system_stm32g4xx.o
    0x080024c6   0x080024c6   0x00000002   PAD
    0x080024c8   0x080024c8   0x00000010   Code   RO           79    .text.TIM4_IRQHandler  stm32g4xx_it.o
    0x080024d8   0x080024d8   0x00000148   Code   RO          123    .text.TIM_Base_SetConfig  stm32g4xx_hal_tim.o
    0x08002620   0x08002620   0x00000024   Code   RO          157    .text.TIM_CCxChannelCmd  stm32g4xx_hal_tim.o
    0x08002644   0x08002644   0x00000024   Code   RO          391    .text.TIM_CCxNChannelCmd  stm32g4xx_hal_tim_ex.o
    0x08002668   0x08002668   0x00000016   Code   RO          313    .text.TIM_ETR_SetConfig  stm32g4xx_hal_tim.o
    0x0800267e   0x0800267e   0x00000002   PAD
    0x08002680   0x08002680   0x00000016   Code   RO          319    .text.TIM_ITRx_SetConfig  stm32g4xx_hal_tim.o
    0x08002696   0x08002696   0x00000002   PAD
    0x08002698   0x08002698   0x00000084   Code   RO          267    .text.TIM_OC1_SetConfig  stm32g4xx_hal_tim.o
    0x0800271c   0x0800271c   0x0000009e   Code   RO          269    .text.TIM_OC2_SetConfig  stm32g4xx_hal_tim.o
    0x080027ba   0x080027ba   0x00000002   PAD
    0x080027bc   0x080027bc   0x0000009e   Code   RO          271    .text.TIM_OC3_SetConfig  stm32g4xx_hal_tim.o
    0x0800285a   0x0800285a   0x00000002   PAD
    0x0800285c   0x0800285c   0x0000009e   Code   RO          273    .text.TIM_OC4_SetConfig  stm32g4xx_hal_tim.o
    0x080028fa   0x080028fa   0x00000002   PAD
    0x080028fc   0x080028fc   0x00000062   Code   RO          275    .text.TIM_OC5_SetConfig  stm32g4xx_hal_tim.o
    0x0800295e   0x0800295e   0x00000002   PAD
    0x08002960   0x08002960   0x00000062   Code   RO          277    .text.TIM_OC6_SetConfig  stm32g4xx_hal_tim.o
    0x080029c2   0x080029c2   0x00000002   PAD
    0x080029c4   0x080029c4   0x00000022   Code   RO          317    .text.TIM_TI1_ConfigInputStage  stm32g4xx_hal_tim.o
    0x080029e6   0x080029e6   0x00000002   PAD
    0x080029e8   0x080029e8   0x00000024   Code   RO          321    .text.TIM_TI2_ConfigInputStage  stm32g4xx_hal_tim.o
    0x08002a0c   0x08002a0c   0x00000054   Code   RO         1264    .text.UARTEx_SetNbDataToProcess  stm32g4xx_hal_uart_ex.o
    0x08002a60   0x08002a60   0x000000e6   Code   RO         1099    .text.UART_AdvFeatureConfig  stm32g4xx_hal_uart.o
    0x08002b46   0x08002b46   0x00000002   PAD
    0x08002b48   0x08002b48   0x000000c0   Code   RO         1103    .text.UART_CheckIdleState  stm32g4xx_hal_uart.o
    0x08002c08   0x08002c08   0x0000005a   Code   RO         1155    .text.UART_EndRxTransfer  stm32g4xx_hal_uart.o
    0x08002c62   0x08002c62   0x00000002   PAD
    0x08002c64   0x08002c64   0x000002dc   Code   RO         1101    .text.UART_SetConfig  stm32g4xx_hal_uart.o
    0x08002f40   0x08002f40   0x000000c2   Code   RO         1117    .text.UART_WaitOnFlagUntilTimeout  stm32g4xx_hal_uart.o
    0x08003002   0x08003002   0x00000002   PAD
    0x08003004   0x08003004   0x00000002   Code   RO           75    .text.UsageFault_Handler  stm32g4xx_it.o
    0x08003006   0x08003006   0x00000002   PAD
    0x08003008   0x08003008   0x00000020   Code   RO         1033    .text.__NVIC_EnableIRQ  stm32g4xx_hal_cortex.o
    0x08003028   0x08003028   0x00000010   Code   RO         1025    .text.__NVIC_GetPriorityGrouping  stm32g4xx_hal_cortex.o
    0x08003038   0x08003038   0x00000022   Code   RO         1027    .text.__NVIC_SetPriority  stm32g4xx_hal_cortex.o
    0x0800305a   0x0800305a   0x00000002   PAD
    0x0800305c   0x0800305c   0x00000020   Code   RO         1021    .text.__NVIC_SetPriorityGrouping  stm32g4xx_hal_cortex.o
    0x0800307c   0x0800307c   0x00000038   Code   RO         1697    .text.__rt_ffs      kservice.o
    0x080030b4   0x080030b4   0x00000008   Code   RO         1679    .text._heap_lock    kservice.o
    0x080030bc   0x080030bc   0x00000008   Code   RO         1681    .text._heap_unlock  kservice.o
    0x080030c4   0x080030c4   0x0000000a   Code   RO         1550    .text._ipc_object_init  ipc.o
    0x080030ce   0x080030ce   0x00000002   PAD
    0x080030d0   0x080030d0   0x00000064   Code   RO         1359    .text._msh_exec_cmd  msh.o
    0x08003134   0x08003134   0x00000028   Code   RO         1775    .text._scheduler_get_highest_priority_thread  scheduler.o
    0x0800315c   0x0800315c   0x00000034   Code   RO         1848    .text._thread_exit  thread.o
    0x08003190   0x08003190   0x0000007c   Code   RO         1814    .text._thread_init  thread.o
    0x0800320c   0x0800320c   0x0000002a   Code   RO         1850    .text._thread_timeout  thread.o
    0x08003236   0x08003236   0x00000002   PAD
    0x08003238   0x08003238   0x00000022   Code   RO         1862    .text._timer_init   timer.o
    0x0800325a   0x0800325a   0x00000002   PAD
    0x0800325c   0x0800325c   0x0000000a   Code   RO         1866    .text._timer_remove  timer.o
    0x08003266   0x08003266   0x00000002   PAD
    0x08003268   0x08003268   0x000000e8   Code   RO         1450    .text.bus_fault_track  cpuport.o
    0x08003350   0x08003350   0x00000014   Code   RO         1318    .text.clear         cmd.o
    0x08003364   0x08003364   0x00000118   Code   RO         1342    .text.cmd_list      cmd.o
    0x0800347c   0x0800347c   0x0000002c   Code   RO         1699    .text.divide        kservice.o
    0x080034a8   0x080034a8   0x00000068   Code   RO         1399    .text.finsh_get_prompt  shell.o
    0x08003510   0x08003510   0x00000008   Code   RO         1405    .text.finsh_getchar  shell.o
    0x08003518   0x08003518   0x00000020   Code   RO         1403    .text.finsh_set_prompt_mode  shell.o
    0x08003538   0x08003538   0x00000016   Code   RO         1415    .text.finsh_system_function_init  shell.o
    0x0800354e   0x0800354e   0x00000002   PAD
    0x08003550   0x08003550   0x000000a4   Code   RO         1417    .text.finsh_system_init  shell.o
    0x080035f4   0x080035f4   0x00000370   Code   RO         1411    .text.finsh_thread_entry  shell.o
    0x08003964   0x08003964   0x0000007c   Code   RO         1444    .text.hard_fault_track  cpuport.o
    0x080039e0   0x080039e0   0x00000034   Code   RO         1304    .text.led_init      led_app.o
    0x08003a14   0x08003a14   0x00000038   Code   RO         1306    .text.led_thread_entry  led_app.o
    0x08003a4c   0x08003a4c   0x00000020   Code   RO         1324    .text.list_find_init  cmd.o
    0x08003a6c   0x08003a6c   0x0000006a   Code   RO         1328    .text.list_get_next  cmd.o
    0x08003ad6   0x08003ad6   0x00000002   PAD
    0x08003ad8   0x08003ad8   0x00000130   Code   RO         1338    .text.list_msgqueue  cmd.o
    0x08003c08   0x08003c08   0x00000130   Code   RO         1330    .text.list_sem      cmd.o
    0x08003d38   0x08003d38   0x00000188   Code   RO         1322    .text.list_thread   cmd.o
    0x08003ec0   0x08003ec0   0x00000164   Code   RO         1340    .text.list_timer    cmd.o
    0x08004024   0x08004024   0x00000034   Code   RO           11    .text.main          main.o
    0x08004058   0x08004058   0x0000000c   Code   RO         1504    .text.main_thread_entry  components.o
    0x08004064   0x08004064   0x000000d8   Code   RO         1452    .text.mem_manage_fault_track  cpuport.o
    0x0800413c   0x0800413c   0x000000a0   Code   RO         1361    .text.msh_auto_complete  msh.o
    0x080041dc   0x080041dc   0x00000068   Code   RO         1357    .text.msh_exec      msh.o
    0x08004244   0x08004244   0x00000050   Code   RO         1365    .text.msh_get_cmd   msh.o
    0x08004294   0x08004294   0x00000078   Code   RO         1355    .text.msh_help      msh.o
    0x0800430c   0x0800430c   0x0000010c   Code   RO         1367    .text.msh_split     msh.o
    0x08004418   0x08004418   0x00000018   Code   RO         1326    .text.object_split  cmd.o
    0x08004430   0x08004430   0x00000068   Code   RO         1724    .text.plug_holes    mem.o
    0x08004498   0x08004498   0x000001a8   Code   RO         1665    .text.print_number  kservice.o
    0x08004640   0x08004640   0x00000034   Code   RO         1506    .text.rt_application_init  components.o
    0x08004674   0x08004674   0x0000001e   Code   RO         1685    .text.rt_calloc     kservice.o
    0x08004692   0x08004692   0x00000002   PAD
    0x08004694   0x08004694   0x0000002c   Code   RO         1496    .text.rt_components_board_init  components.o
    0x080046c0   0x080046c0   0x0000002c   Code   RO         1498    .text.rt_components_init  components.o
    0x080046ec   0x080046ec   0x00000046   Code   RO         1535    .text.rt_defunct_execute  idle.o
    0x08004732   0x08004732   0x00000002   PAD
    0x08004734   0x08004734   0x0000001a   Code   RO         1791    .text.rt_enter_critical  scheduler.o
    0x0800474e   0x0800474e   0x00000002   PAD
    0x08004750   0x08004750   0x0000003e   Code   RO         1793    .text.rt_exit_critical  scheduler.o
    0x0800478e   0x0800478e   0x00000002   PAD
    0x08004790   0x08004790   0x0000001e   Code   RO         1687    .text.rt_free       kservice.o
    0x080047ae   0x080047ae   0x00000002   PAD
    0x080047b0   0x080047b0   0x0000000a   Code   RO         1906    .text.rt_heap_begin_get  board.o
    0x080047ba   0x080047ba   0x00000002   PAD
    0x080047bc   0x080047bc   0x0000000e   Code   RO         1908    .text.rt_heap_end_get  board.o
    0x080047ca   0x080047ca   0x00000002   PAD
    0x080047cc   0x080047cc   0x0000003c   Code   RO         1912    .text.rt_hw_board_init  board.o
    0x08004808   0x08004808   0x00000024   Code   RO         1918    .text.rt_hw_console_getchar  board.o
    0x0800482c   0x0800482c   0x00000060   Code   RO         1916    .text.rt_hw_console_output  board.o
    0x0800488c   0x0800488c   0x000001a0   Code   RO         1442    .text.rt_hw_hard_fault_exception  cpuport.o
    0x08004a2c   0x08004a2c   0x00000042   Code   RO         1438    .text.rt_hw_stack_init  cpuport.o
    0x08004a6e   0x08004a6e   0x00000002   PAD
    0x08004a70   0x08004a70   0x0000001a   Code   RO         1604    .text.rt_interrupt_enter  irq.o
    0x08004a8a   0x08004a8a   0x00000002   PAD
    0x08004a8c   0x08004a8c   0x0000001a   Code   RO         1606    .text.rt_interrupt_leave  irq.o
    0x08004aa6   0x08004aa6   0x00000002   PAD
    0x08004aa8   0x08004aa8   0x0000003e   Code   RO         1659    .text.rt_kprintf    kservice.o
    0x08004ae6   0x08004ae6   0x00000002   PAD
    0x08004ae8   0x08004ae8   0x00000006   Code   RO         1576    .text.rt_list_init  ipc.o
    0x08004aee   0x08004aee   0x00000002   PAD
    0x08004af0   0x08004af0   0x00000006   Code   RO         1771    .text.rt_list_init  scheduler.o
    0x08004af6   0x08004af6   0x00000002   PAD
    0x08004af8   0x08004af8   0x00000006   Code   RO         1846    .text.rt_list_init  thread.o
    0x08004afe   0x08004afe   0x00000002   PAD
    0x08004b00   0x08004b00   0x00000006   Code   RO         1882    .text.rt_list_init  timer.o
    0x08004b06   0x08004b06   0x00000002   PAD
    0x08004b08   0x08004b08   0x00000014   Code   RO         1523    .text.rt_list_insert_after  idle.o
    0x08004b1c   0x08004b1c   0x0000000c   Code   RO         1744    .text.rt_list_insert_after  object.o
    0x08004b28   0x08004b28   0x0000000c   Code   RO         1785    .text.rt_list_insert_after  scheduler.o
    0x08004b34   0x08004b34   0x0000000c   Code   RO         1874    .text.rt_list_insert_after  timer.o
    0x08004b40   0x08004b40   0x0000000c   Code   RO         1783    .text.rt_list_insert_before  scheduler.o
    0x08004b4c   0x08004b4c   0x0000000c   Code   RO         1332    .text.rt_list_isempty  cmd.o
    0x08004b58   0x08004b58   0x0000000c   Code   RO         1789    .text.rt_list_isempty  scheduler.o
    0x08004b64   0x08004b64   0x0000000c   Code   RO         1884    .text.rt_list_isempty  timer.o
    0x08004b70   0x08004b70   0x00000012   Code   RO         1334    .text.rt_list_len   cmd.o
    0x08004b82   0x08004b82   0x00000002   PAD
    0x08004b84   0x08004b84   0x00000010   Code   RO         1527    .text.rt_list_remove  idle.o
    0x08004b94   0x08004b94   0x00000010   Code   RO         1748    .text.rt_list_remove  object.o
    0x08004ba4   0x08004ba4   0x00000010   Code   RO         1787    .text.rt_list_remove  scheduler.o
    0x08004bb4   0x08004bb4   0x00000010   Code   RO         1842    .text.rt_list_remove  thread.o
    0x08004bc4   0x08004bc4   0x00000010   Code   RO         1886    .text.rt_list_remove  timer.o
    0x08004bd4   0x08004bd4   0x00000022   Code   RO         1655    .text.rt_malloc     kservice.o
    0x08004bf6   0x08004bf6   0x00000002   PAD
    0x08004bf8   0x08004bf8   0x0000008c   Code   RO         1631    .text.rt_memcpy     kservice.o
    0x08004c84   0x08004c84   0x0000003a   Code   RO         1633    .text.rt_memmove    kservice.o
    0x08004cbe   0x08004cbe   0x00000002   PAD
    0x08004cc0   0x08004cc0   0x00000068   Code   RO         1629    .text.rt_memset     kservice.o
    0x08004d28   0x08004d28   0x00000050   Code   RO         1750    .text.rt_object_allocate  object.o
    0x08004d78   0x08004d78   0x00000024   Code   RO         1752    .text.rt_object_delete  object.o
    0x08004d9c   0x08004d9c   0x0000001e   Code   RO         1746    .text.rt_object_detach  object.o
    0x08004dba   0x08004dba   0x00000002   PAD
    0x08004dbc   0x08004dbc   0x00000022   Code   RO         1736    .text.rt_object_get_information  object.o
    0x08004dde   0x08004dde   0x00000002   PAD
    0x08004de0   0x08004de0   0x00000050   Code   RO         1742    .text.rt_object_init  object.o
    0x08004e30   0x08004e30   0x00000006   Code   RO         1754    .text.rt_object_is_systemobject  object.o
    0x08004e36   0x08004e36   0x00000002   PAD
    0x08004e38   0x08004e38   0x000000fc   Code   RO         1779    .text.rt_schedule   scheduler.o
    0x08004f34   0x08004f34   0x0000006c   Code   RO         1781    .text.rt_schedule_insert_thread  scheduler.o
    0x08004fa0   0x08004fa0   0x00000042   Code   RO         1777    .text.rt_schedule_remove_thread  scheduler.o
    0x08004fe2   0x08004fe2   0x00000002   PAD
    0x08004fe4   0x08004fe4   0x0000001e   Code   RO         1548    .text.rt_sem_init   ipc.o
    0x08005002   0x08005002   0x00000002   PAD
    0x08005004   0x08005004   0x000000c4   Code   RO         1657    .text.rt_show_version  kservice.o
    0x080050c8   0x080050c8   0x000000dc   Code   RO         1718    .text.rt_smem_alloc  mem.o
    0x080051a4   0x080051a4   0x0000003a   Code   RO         1722    .text.rt_smem_free  mem.o
    0x080051de   0x080051de   0x00000002   PAD
    0x080051e0   0x080051e0   0x000000d0   Code   RO         1714    .text.rt_smem_init  mem.o
    0x080052b0   0x080052b0   0x0000001c   Code   RO         1671    .text.rt_sprintf    kservice.o
    0x080052cc   0x080052cc   0x0000004c   Code   RO         1621    .text.rt_strerror   kservice.o
    0x08005318   0x08005318   0x00000010   Code   RO         1639    .text.rt_strlen     kservice.o
    0x08005328   0x08005328   0x00000032   Code   RO         1643    .text.rt_strncpy    kservice.o
    0x0800535a   0x0800535a   0x00000002   PAD
    0x0800535c   0x0800535c   0x0000002c   Code   RO         1677    .text.rt_system_heap_init  kservice.o
    0x08005388   0x08005388   0x00000034   Code   RO         1769    .text.rt_system_scheduler_init  scheduler.o
    0x080053bc   0x080053bc   0x0000002e   Code   RO         1773    .text.rt_system_scheduler_start  scheduler.o
    0x080053ea   0x080053ea   0x00000002   PAD
    0x080053ec   0x080053ec   0x00000010   Code   RO         1892    .text.rt_system_timer_init  timer.o
    0x080053fc   0x080053fc   0x00000002   Code   RO         1894    .text.rt_system_timer_thread_init  timer.o
    0x080053fe   0x080053fe   0x00000002   PAD
    0x08005400   0x08005400   0x0000004a   Code   RO         1824    .text.rt_thread_create  thread.o
    0x0800544a   0x0800544a   0x00000002   PAD
    0x0800544c   0x0800544c   0x00000030   Code   RO         1525    .text.rt_thread_defunct_dequeue  idle.o
    0x0800547c   0x0800547c   0x0000000a   Code   RO         1521    .text.rt_thread_defunct_enqueue  idle.o
    0x08005486   0x08005486   0x00000002   PAD
    0x08005488   0x08005488   0x00000008   Code   RO         1834    .text.rt_thread_delay  thread.o
    0x08005490   0x08005490   0x00000006   Code   RO         1531    .text.rt_thread_idle_entry  idle.o
    0x08005496   0x08005496   0x00000002   PAD
    0x08005498   0x08005498   0x00000058   Code   RO         1529    .text.rt_thread_idle_init  idle.o
    0x080054f0   0x080054f0   0x00000038   Code   RO         1812    .text.rt_thread_init  thread.o
    0x08005528   0x08005528   0x0000000c   Code   RO         1838    .text.rt_thread_mdelay  thread.o
    0x08005534   0x08005534   0x0000003c   Code   RO         1820    .text.rt_thread_resume  thread.o
    0x08005570   0x08005570   0x0000000c   Code   RO         1816    .text.rt_thread_self  thread.o
    0x0800557c   0x0800557c   0x00000048   Code   RO         1830    .text.rt_thread_sleep  thread.o
    0x080055c4   0x080055c4   0x00000028   Code   RO         1818    .text.rt_thread_startup  thread.o
    0x080055ec   0x080055ec   0x00000044   Code   RO         1832    .text.rt_thread_suspend  thread.o
    0x08005630   0x08005630   0x0000003a   Code   RO         1475    .text.rt_tick_from_millisecond  clock.o
    0x0800566a   0x0800566a   0x00000002   PAD
    0x0800566c   0x0800566c   0x0000000c   Code   RO         1469    .text.rt_tick_get   clock.o
    0x08005678   0x08005678   0x0000004e   Code   RO         1473    .text.rt_tick_increase  clock.o
    0x080056c6   0x080056c6   0x00000002   PAD
    0x080056c8   0x080056c8   0x000000ae   Code   RO         1880    .text.rt_timer_check  timer.o
    0x08005776   0x08005776   0x00000002   PAD
    0x08005778   0x08005778   0x00000054   Code   RO         1878    .text.rt_timer_control  timer.o
    0x080057cc   0x080057cc   0x00000028   Code   RO         1864    .text.rt_timer_detach  timer.o
    0x080057f4   0x080057f4   0x0000002c   Code   RO         1860    .text.rt_timer_init  timer.o
    0x08005820   0x08005820   0x00000082   Code   RO         1872    .text.rt_timer_start  timer.o
    0x080058a2   0x080058a2   0x00000002   PAD
    0x080058a4   0x080058a4   0x0000002e   Code   RO         1876    .text.rt_timer_stop  timer.o
    0x080058d2   0x080058d2   0x00000002   PAD
    0x080058d4   0x080058d4   0x00000378   Code   RO         1661    .text.rt_vsnprintf  kservice.o
    0x08005c4c   0x08005c4c   0x00000010   Code   RO         1669    .text.rt_vsprintf   kservice.o
    0x08005c5c   0x08005c5c   0x00000004   Code   RO         1492    .text.rti_board_end  components.o
    0x08005c60   0x08005c60   0x00000004   Code   RO         1490    .text.rti_board_start  components.o
    0x08005c64   0x08005c64   0x00000004   Code   RO         1494    .text.rti_end       components.o
    0x08005c68   0x08005c68   0x00000004   Code   RO         1488    .text.rti_start     components.o
    0x08005c6c   0x08005c6c   0x0000002a   Code   RO         1502    .text.rtthread_startup  components.o
    0x08005c96   0x08005c96   0x00000002   PAD
    0x08005c98   0x08005c98   0x00000034   Code   RO         1413    .text.shell_auto_complete  shell.o
    0x08005ccc   0x08005ccc   0x00000044   Code   RO         1336    .text.show_wait_queue  cmd.o
    0x08005d10   0x08005d10   0x00000040   Code   RO         1663    .text.skip_atoi     kservice.o
    0x08005d50   0x08005d50   0x00000026   Code   RO         1363    .text.str_common    msh.o
    0x08005d76   0x08005d76   0x00000002   PAD
    0x08005d78   0x08005d78   0x00000036   Code   RO         1914    .text.uart_init     board.o
    0x08005dae   0x08005dae   0x00000002   PAD
    0x08005db0   0x08005db0   0x000000d8   Code   RO         1454    .text.usage_fault_track  cpuport.o
    0x08005e88   0x08005e88   0x0000000a   Code   RO         1320    .text.version       cmd.o
    0x08005e92   0x08005e92   0x0000000e   Code   RO         1999    i.__scatterload_copy  mc_w.l(handlers.o)
    0x08005ea0   0x08005ea0   0x00000002   Code   RO         2000    i.__scatterload_null  mc_w.l(handlers.o)
    0x08005ea2   0x08005ea2   0x0000000e   Code   RO         2001    i.__scatterload_zeroinit  mc_w.l(handlers.o)
    0x08005eb0   0x08005eb0   0x00000010   Data   RO         1294    .rodata.AHBPrescTable  system_stm32g4xx.o
    0x08005ec0   0x08005ec0   0x00000008   Data   RO         1295    .rodata.APBPrescTable  system_stm32g4xx.o
    0x08005ec8   0x08005ec8   0x00000018   Data   RO         1235    .rodata.UARTPrescTable  stm32g4xx_hal_uart.o
    0x08005ee0   0x08005ee0   0x00000100   Data   RO         1705    .rodata.__lowest_bit_bitmap  kservice.o
    0x08005fe0   0x08005fe0   0x00000010   Data   RO         1280    .rodata.cst8        stm32g4xx_hal_uart_ex.o
    0x08005ff0   0x08005ff0   0x000000e2   Data   RO         1344    .rodata.name        cmd.o
    0x080060d2   0x080060d2   0x0000001b   Data   RO         1370    .rodata.name        msh.o
    0x080060ed   0x080060ed   0x00000107   Data   RO         1346    .rodata.str1.1      cmd.o
    0x080061f4   0x080061f4   0x00000005   Data   RO         1424    .rodata.str1.1      shell.o
    0x080061f9   0x080061f9   0x00000093   Data   RO         1457    .rodata.str1.1      cpuport.o
    0x0800628c   0x0800628c   0x00000082   Data   RO         1702    .rodata.str1.1      kservice.o
    0x0800630e   0x0800630e   0x00000002   PAD
    0x08006310   0x08006310   0x00000004   Data   RO         1508    .rti_fn.0           components.o
    0x08006314   0x08006314   0x00000004   Data   RO         1509    .rti_fn.0.end       components.o
    0x08006318   0x08006318   0x00000004   Data   RO         1921    .rti_fn.1           board.o
    0x0800631c   0x0800631c   0x00000004   Data   RO         1510    .rti_fn.1.end       components.o
    0x08006320   0x08006320   0x00000004   Data   RO         1308    .rti_fn.6           led_app.o
    0x08006324   0x08006324   0x00000004   Data   RO         1425    .rti_fn.6           shell.o
    0x08006328   0x08006328   0x00000004   Data   RO         1511    .rti_fn.6.end       components.o
    0x0800632c   0x0800632c   0x00000054   Data   RO         1345    FSymTab             cmd.o
    0x08006380   0x08006380   0x0000000c   Data   RO         1371    FSymTab             msh.o
    0x0800638c   0x0800638c   0x00000020   Data   RO         1998    Region$$Table       anon$$obj.o


    Execution Region RW_IRAM1 (Exec base: 0x20000000, Load base: 0x080063b0, Size: 0x000045f0, Max: 0x00020000, ABSOLUTE)

    Exec Addr    Load Addr    Size         Type   Attr      Idx    E Section Name        Object

    0x20000000   0x080063b0   0x00000004   Data   RW         1293    .data.SystemCoreClock  system_stm32g4xx.o
    0x20000004   0x080063b4   0x00000050   Data   RW         1760    .data._object_container  object.o
    0x20000054   0x08006404   0x00000008   Data   RW         1537    .data._rt_thread_defunct  idle.o
    0x2000005c   0x0800640c   0x00000004   Data   RW          592    .data.uwTickFreq    stm32g4xx_hal.o
    0x20000060   0x08006410   0x00000004   Data   RW          591    .data.uwTickPrio    stm32g4xx_hal.o
    0x20000064   0x08006414   0x00000004   PAD
    0x20000068        -       0x00000094   Zero   RW         1922    .bss.UartHandle     board.o
    0x200000fc        -       0x00000004   Zero   RW         1419    .bss._syscall_table_begin  shell.o
    0x20000100        -       0x00000004   Zero   RW         1420    .bss._syscall_table_end  shell.o
    0x20000104        -       0x00000008   Zero   RW         1897    .bss._timer_list    timer.o
    0x2000010c        -       0x00000081   Zero   RW         1422    .bss.finsh_get_prompt.finsh_prompt  shell.o
    0x2000018d   0x08006414   0x00000003   PAD
    0x20000190        -       0x00000004   Zero   RW         1421    .bss.finsh_prompt_custom  shell.o
    0x20000194        -       0x0000004c   Zero   RW           45    .bss.htim1          tim.o
    0x200001e0        -       0x0000004c   Zero   RW          102    .bss.htim4          stm32g4xx_hal_timebase_tim.o
    0x2000022c        -       0x00000094   Zero   RW           60    .bss.huart1         usart.o
    0x200002c0        -       0x00000078   Zero   RW         1538    .bss.idle           idle.o
    0x20000338        -       0x00000001   Zero   RW         1801    .bss.rt_current_priority  scheduler.o
    0x20000339   0x08006414   0x00000003   PAD
    0x2000033c        -       0x00000004   Zero   RW         1797    .bss.rt_current_thread  scheduler.o
    0x20000340        -       0x00000004   Zero   RW         1456    .bss.rt_exception_hook  cpuport.o
    0x20000344        -       0x00003c00   Zero   RW         1920    .bss.rt_heap        board.o
    0x20003f44        -       0x00000004   Zero   RW         1458    .bss.rt_interrupt_from_thread  cpuport.o
    0x20003f48        -       0x00000001   Zero   RW         1610    .bss.rt_interrupt_nest  irq.o
    0x20003f49   0x08006414   0x00000003   PAD
    0x20003f4c        -       0x00000004   Zero   RW         1459    .bss.rt_interrupt_to_thread  cpuport.o
    0x20003f50        -       0x00000080   Zero   RW         1703    .bss.rt_kprintf.rt_log_buf  kservice.o
    0x20003fd0        -       0x00000002   Zero   RW         1798    .bss.rt_scheduler_lock_nest  scheduler.o
    0x20003fd2   0x08006414   0x00000002   PAD
    0x20003fd4        -       0x00000100   Zero   RW         1799    .bss.rt_thread_priority_table  scheduler.o
    0x200040d4        -       0x00000004   Zero   RW         1800    .bss.rt_thread_ready_priority_group  scheduler.o
    0x200040d8        -       0x00000100   Zero   RW         1539    .bss.rt_thread_stack  idle.o
    0x200041d8        -       0x00000004   Zero   RW         1460    .bss.rt_thread_switch_interrupt_flag  cpuport.o
    0x200041dc        -       0x00000004   Zero   RW         1479    .bss.rt_tick        clock.o
    0x200041e0        -       0x00000004   Zero   RW         1896    .bss.rt_timer_start.random_nr  timer.o
    0x200041e4        -       0x00000004   Zero   RW         1423    .bss.shell          shell.o
    0x200041e8        -       0x00000004   Zero   RW         1704    .bss.system_heap    kservice.o
    0x200041ec        -       0x00000004   Zero   RW          593    .bss.uwTick         stm32g4xx_hal.o
    0x200041f0        -       0x00000400   Zero   RW            1    STACK               startup_stm32g473xx.o


==============================================================================

Image component sizes


      Code (inc. data)   RO Data    RW Data    ZI Data      Debug   Object Name

       286          0          4          0      15508       5560   board.o
       148          0          0          0          4       2608   clock.o
      1926        580        573          0          0       9912   cmd.o
       220          8         16          0          0       3116   components.o
       316         28          0          0          0        896   context_rvds.o
      1270        524        147          0         16       3597   cpuport.o
       142          0          0          0          0       2343   gpio.o
       258          8          0          8        376       3572   idle.o
        66          0          0          0          0        352   init.o
        46          0          0          0          0      11302   ipc.o
        52          0          0          0          1       1115   irq.o
      2376        382        386          0        132      17326   kservice.o
       108         20          4          0          0       2386   led_app.o
       188          0          0          0          0       5643   main.o
       590         68          0          0          0       5152   mem.o
       870        104         39          0          0       4579   msh.o
       294          0          0         80          0       5649   object.o
       710          0          0          0        267       5198   scheduler.o
      1262        216          9          0        145       5410   shell.o
        36          8        472          0       1024        820   startup_stm32g473xx.o
        68          0          0          8          4       9282   stm32g4xx_hal.o
       258          0          0          0          0      10757   stm32g4xx_hal_cortex.o
       442          0          0          0          0       5247   stm32g4xx_hal_gpio.o
        56          0          0          0          0       1586   stm32g4xx_hal_msp.o
       244          0          0          0          0       8727   stm32g4xx_hal_pwr_ex.o
      1972          0          0          0          0       9277   stm32g4xx_hal_rcc.o
       756          0          0          0          0      11124   stm32g4xx_hal_rcc_ex.o
      2996         14          0          0          0      47177   stm32g4xx_hal_tim.o
       748          0          0          0          0      26322   stm32g4xx_hal_tim_ex.o
       160          0          0          0         76       8215   stm32g4xx_hal_timebase_tim.o
      1734         62         24          0          0      32800   stm32g4xx_hal_uart.o
       286          0         16          0          0      10162   stm32g4xx_hal_uart_ex.o
        26          0          0          0          0        781   stm32g4xx_it.o
       136          0         24          4          0       2724   system_stm32g4xx.o
       642          0          0          0          0       8125   thread.o
       586          0          0          0         76       7449   tim.o
       626          6          0          0         12       6788   timer.o
       270          0          0          0        148       6623   usart.o

    ----------------------------------------------------------------------
     23390       2028       1748        100      17804     309702   Object Totals
         0          0         32          0          0          0   (incl. Generated)
       220          0          2          0         15          0   (incl. Padding)

    ----------------------------------------------------------------------

      Code (inc. data)   RO Data    RW Data    ZI Data      Debug   Library Member Name

         0          0          0          0          0          0   entry.o
         0          0          0          0          0          0   entry10a.o
         0          0          0          0          0          0   entry11a.o
         8          4          0          0          0          0   entry2.o
         4          0          0          0          0          0   entry5.o
         0          0          0          0          0          0   entry7b.o
         0          0          0          0          0          0   entry8b.o
         8          4          0          0          0          0   entry9a.o
        30          0          0          0          0          0   handlers.o
        36          8          0          0          0         68   init.o
        30          0          0          0          0         68   llshl.o
        32          0          0          0          0         68   llushr.o
        36          0          0          0          0        108   memseta.o
        28          0          0          0          0         76   strcmp.o
        14          0          0          0          0         68   strlen.o
        30          0          0          0          0         80   strncmp.o
        24          0          0          0          0         76   strncpy.o
        98          0          0          0          0         92   uldiv.o

    ----------------------------------------------------------------------
       378         16          0          0          0        704   Library Totals
         0          0          0          0          0          0   (incl. Padding)

    ----------------------------------------------------------------------

      Code (inc. data)   RO Data    RW Data    ZI Data      Debug   Library Name

       378         16          0          0          0        704   mc_w.l

    ----------------------------------------------------------------------
       378         16          0          0          0        704   Library Totals

    ----------------------------------------------------------------------

==============================================================================


      Code (inc. data)   RO Data    RW Data    ZI Data      Debug   

     23768       2044       1748        100      17804     309690   Grand Totals
     23768       2044       1748        100      17804     309690   ELF Image Totals
     23768       2044       1748        100          0          0   ROM Totals

==============================================================================

    Total RO  Size (Code + RO Data)                25516 (  24.92kB)
    Total RW  Size (RW Data + ZI Data)             17904 (  17.48kB)
    Total ROM Size (Code + RO Data + RW Data)      25616 (  25.02kB)

==============================================================================

